mI (265) cpu_start: Chiï¿½[0;32mI (13) boot: ESP-IDF v5.2-dev-2590-g62ee4135e0-dirty 2nd stage bootloader[0m
[0;32mI (14) boot: compile time Nov  9 2023 18:00:02[0m
[0;32mI (15) boot: Multicore bootloader[0m
[0;32mI (19) boot: chip revision: v3.0[0m
[0;32mI (23) boot.esp32: SPI Speed      : 40MHz[0m
[0;32mI (27) boot.esp32: SPI Mode       : DIO[0m
[0;32mI (32) boot.esp32: SPI Flash Size : 2MB[0m
[0;32mI (36) boot: Enabling RNG early entropy source...[0m
[0;32mI (42) boot: Partition Table:[0m
[0;32mI (45) boot: ## Label            Usage          Type ST Offset   Length[0m
[0;32mI (53) boot:  0 nvs              WiFi data        01 02 00009000 00006000[0m
[0;32mI (60) boot:  1 phy_init         RF data          01 01 0000f000 00001000[0m
[0;32mI (68) boot:  2 factory          factory app      00 00 00010000 00100000[0m
[0;32mI (75) boot: End of partition table[0m
[0;32mI (79) esp_image: segment 0: paddr=00010020 vaddr=3f400020 size=0d75ch ( 55132) map[0m
[0;32mI (108) esp_image: segment 1: paddr=0001d784 vaddr=3ffb0000 size=02178h (  8568) load[0m
[0;32mI (111) esp_image: segment 2: paddr=0001f904 vaddr=40080000 size=00714h (  1812) load[0m
[0;32mI (114) esp_image: segment 3: paddr=00020020 vaddr=400d0020 size=1bca8h (113832) map[0m
[0;32mI (163) esp_image: segment 4: paddr=0003bcd0 vaddr=40080714 size=0d28ch ( 53900) load[0m
[0;32mI (193) boot: Loaded app from partition at offset 0x10000[0m
[0;32mI (193) boot: Disabling RNG early entropy source...[0m
[0;32mI (204) cpu_start: Multicore app[0m
[0;32mI (204) cpu_start: Pro cpu up.[0m
[0;32mI (205) cpu_start: Starting app cpu, entry point is 0x4008119c[0m
[0;32mI (0) cpu_start: App cpu up.[0m
[0;32mI (222) cpu_start: Pro cpu start user code[0m
[0;32mI (222) cpu_start: cpu freq: 160000000 Hz[0m
[0;32mI (222) cpu_start: Application information:[0m
[0;32mI (227) cpu_start: Project name:     blink[0m
[0;32mI (232) cpu_start: App version:      51730a5-dirty[0m
[0;32mI (237) cpu_start: Compile time:     Nov  9 2023 20:47:07[0m
[0;32mI (244) cpu_start: ELF file SHA256:  18837a24e...[0m
[0;32mI (249) cpu_start: ESP-IDF:          v5.2-dev-2590-g62ee4135e0-dirty[0m
[0;32mI (256) cpu_start: Min chip rev:     v0.0[0m
[0;32mI (261) cpu_start: Max chip rev:     v3.99 [0m
[0;32mI (265) cpu_start: Chip rev:         v3.0[0m
[0;32mI (270) heap_init: Initializing. RAM available for dynamic allocation:[0m
[0;32mI (278) heap_init: At 3FFAE6E0 len 00001920 (6 KiB): DRAM[0m
[0;32mI (283) heap_init: At 3FFB2A30 len 0002D5D0 (181 KiB): DRAM[0m
[0;32mI (290) heap_init: At 3FFE0440 len 00003AE0 (14 KiB): D/IRAM[0m
[0;32mI (296) heap_init: At 3FFE4350 len 0001BCB0 (111 KiB): D/IRAM[0m
[0;32mI (302) heap_init: At 4008D9A0 len 00012660 (73 KiB): IRAM[0m
[0;32mI (310) spi_flash: detected chip: generic[0m
[0;32mI (313) spi_flash: flash io: dio[0m
[0;33mW (317) spi_flash: Detected size(4096k) larger than the size in the binary image header(2048k). Using the size in the binary image header.[0m
[0;33mW (330) i2c: This driver is an old driver, please migrate your application code to adapt `driver/i2c_master.h`[0m
[0;33mW (341) ADC: legacy driver is deprecated, please migrate to `esp_adc/adc_oneshot.h`[0m
[0;32mI (350) app_start: Starting scheduler on CPU0[0m
[0;32mI (354) app_start: Starting scheduler on CPU1[0m
[0;32mI (354) main_task: Started on CPU0[0m
[0;32mI (364) main_task: Calling app_main()[0m

>> i2c Config
- parameters: ok
- initialized: yes

>> I2C scanning ...
- Device found at address: 0x62

>> Polling LIDAR
[0;32mI (394) example: Create timer and operator[0m
[0;32mI (394) example: Connect timer and operator[0m
[0;32mI (394) example: Create comparator and generator from the operator[0m
[0;32mI (404) gpio: GPIO[13]| InputEn: 0| OutputEn: 1| OpenDrain: 0| Pullup: 0| Pulldown: 0| Intr:0 [0m
[0;32mI (414) example: Set generator action on timer and compare event[0m
[0;32mI (424) example: Enable and start timer[0m
Distance: 80
Distance: 84
Distance: 81
Distance: 81
Distance: 81
Distance: 88
Distance: 79
Distance: 77
Distance: 77
Distance: 79
[0;31mE (5394) task_wdt: Task watchdog got triggered. The following tasks/users did not reset the watchdog in time:[0m
[0;31mE (5394) task_wdt:  - IDLE (CPU 0)[0m
[0;31mE (5394) task_wdt: Tasks currently running:[0m
[0;31mE (5394) task_wdt: CPU 0: ServoTask[0m
[0;31mE (5394) task_wdt: CPU 1: IDLE[0m
[0;31mE (5394) task_wdt: Print CPU 0 (current core) backtrace[0m


Backtrace: 0x400DD61B:0x3FFB0D40 0x400DD7A2:0x3FFB0D60 0x400830ED:0x3FFB0D80 0x4000BFED:0x3FFB7BE0 0x400896F7:0x3FFB7BF0 0x400D95AB:0x3FFB7C10 0x400D5CBA:0x3FFB7C40 0x40089355:0x3FFB7CC0

Distance: 81
Distance: 81
ets Jul 29 2019 12:21:46

rst:0x1 (POWERON_RESET),boot:0x13 (SPI_FAST_FLASH_BOOT)
configsip: 0, SPIWP:0xee
clk_drv:0x00,q_drv:0x00,d_drv:0x00,cs0_drv:0x00,hd_drv:0x00,wp_drv:0x00
mode:DIO, clock div:2
load:0x3fff0030,len:7136
load:0x40078000,len:15780
ho 0 tail 12 room 4
load:0x40080400,len:4
load:0x40080404,len:3884
entry 0x40080650
[0;32mI (31) boot: ESP-IDF v5.2-dev-2590-g62ee4135e0-dirty 2nd stage bootloader[0m
[0;32mI (31) boot: compile time Nov  9 2023 18:00:02[0m
[0;32mI (33) boot: Multicore bootloader[0m
[0;32mI (38) boot: chip revision: v3.0[0m
[0;32mI (41) boot.esp32: SPI Speed      : 40MHz[0m
[0;32mI (46) boot.esp32: SPI Mode       : DIO[0m
[0;32mI (51) boot.esp32: SPI Flash Size : 2MB[0m
[0;32mI (55) boot: Enabling RNG early entropy source...[0m
[0;32mI (61) boot: Partition Table:[0m
[0;32mI (64) boot: ## Label            Usage          Type ST Offset   Length[0m
[0;32mI (71) boot:  0 nvs              WiFi data        01 02 00009000 00006000[0m
[0;32mI (79) boot:  1 phy_init         RF data          01 01 0000f000 00001000[0m
[0;32mI (86) boot:  2 factory          factory app      00 00 00010000 00100000[0m
[0;32mI (94) boot: End of partition table[0m
[0;32mI (98) esp_image: segment 0: paddr=00010020 vaddr=3f400020 size=0d75ch ( 55132) map[0m
[0;32mI (126) esp_image: segment 1: paddr=0001d784 vaddr=3ffb0000 size=02178h (  8568) load[0m
[0;32mI (130) esp_image: segment 2: paddr=0001f904 vaddr=40080000 size=00714h (  1812) load[0m
[0;32mI (133) esp_image: segment 3: paddr=00020020 vaddr=400d0020 size=1bca8h (113832) map[0m
[0;32mI (182) esp_image: segment 4: paddr=0003bcd0 vaddr=40080714 size=0d28ch ( 53900) load[0m
[0;32mI (211) boot: Loaded app from partition at offset 0x10000[0m
[0;32mI (211) boot: Disabling RNG early entropy source...[0m
[0;32mI (223) cpu_start: Multicore app[0m
[0;32mI (223) cpu_start: Pro cpu up.[0m
[0;32mI (223) cpu_start: Starting app cpu, entry point is 0x4008119c[0m
[0;32mI (0) cpu_start: App cpu up.[0m
[0;32mI (241) cpu_start: Pro cpu start user code[0m
[0;32mI (241) cpu_start: cpu freq: 160000000 Hz[0m
[0;32mI (241) cpu_start: Application information:[0m
[0;32mI (246) cpu_start: Project name:     blink[0m
[0;32mI (251) cpu_start: App version:      51730a5-dirty[0m
[0;32mI (256) cpu_start: Compile time:     Nov  9 2023 20:47:07[0m
[0;32mI (262) cpu_start: ELF file SHA256:  18837a24e...[0m
[0;32mI (268) cpu_start: ESP-IDF:          v5.2-dev-2590-g62ee4135e0-dirty[0m
[0;32mI (275) cpu_start: Min chip rev:     v0.0[0m
[0;32mI (279) cpu_start: Max chip rev:     v3.99 [0m
[0;32mI (284) cpu_start: Chip rev:         v3.0[0m
[0;32mI (289) heap_init: Initializing. RAM available for dynamic allocation:[0m
[0;32mI (296) heap_init: At 3FFAE6E0 len 00001920 (6 KiB): DRAM[0m
[0;32mI (302) heap_init: At 3FFB2A30 len 0002D5D0 (181 KiB): DRAM[0m
[0;32mI (308) heap_init: At 3FFE0440 len 00003AE0 (14 KiB): D/IRAM[0m
[0;32mI (315) heap_init: At 3FFE4350 len 0001BCB0 (111 KiB): D/IRAM[0m
[0;32mI (321) heap_init: At 4008D9A0 len 00012660 (73 KiB): IRAM[0m
[0;32mI (329) spi_flash: detected chip: generic[0m
[0;32mI (332) spi_flash: flash io: dio[0m
[0;33mW (336) spi_flash: Detected size(4096k) larger than the size in the binary image header(2048k). Using the size in the binary image header.[0m
[0;33mW (349) i2c: This driver is an old driver, please migrate your application code to adapt `driver/i2c_master.h`[0m
[0;33mW (360) ADC: legacy driver is deprecated, please migrate to `esp_adc/adc_oneshot.h`[0m
[0;32mI (368) app_start: Starting scheduler on CPU0[0m
[0;32mI (373) app_start: Starting scheduler on CPU1[0m
[0;32mI (373) main_task: Started on CPU0[0m
[0;32mI (383) main_task: Calling app_main()[0m

>> i2c Config
- parameters: ok
- initialized: yes

>> I2C scanning ...
- Device found at address: 0x62

>> Polling LIDAR
[0;32mI (413) example: Create timer and operator[0m
[0;32mI (413) example: Connect timer and operator[0m
[0;32mI (413) example: Create comparator and generator from the operator[0m
[0;32mI (423) gpio: GPIO[13]| InputEn: 0| OutputEn: 1| OpenDrain: 0| Pullup: 0| Pulldown: 0| Intr:0 [0m
[0;32mI (433) example: Set generator action on timer and compare event[0m
[0;32mI (443) example: Enable and start timer[0m
Distance: 85
Distance: 83
Distance: 84
[0;32mI (2233) example: WALL DETECTED[0m
Distance: 2
[0;32mI (2703) example: WALL DETECTED[0m
Distance: 3
[0;32mI (3183) example: WALL DETECTED[0m
Distance: 3
[0;32mI (3653) example: WALL DETECTED[0m
Distance: 2
[0;32mI (4133) example: WALL DETECTED[0m
Distance: 58
[0;32mI (4613) example: WALL DETECTED[0m
Distance: 74
[0;32mI (5093) example: WALL DETECTED[0m
Distance: 74
[0;31mE (5413) task_wdt: Task watchdog got triggered. The following tasks/users did not reset the watchdog in time:[0m
[0;31mE (5413) task_wdt:  - IDLE (CPU 0)[0m
[0;31mE (5413) task_wdt: Tasks currently running:[0m
[0;31mE (5413) task_wdt: CPU 0: ServoTask[0m
[0;31mE (5413) task_wdt: CPU 1: IDLE[0m
[0;31mE (5413) task_wdt: Print CPU 0 (current core) backtrace[0m


Backtrace: 0x400DD61B:0x3FFB0D40 0x400DD7A2:0x3FFB0D60 0x400830ED:0x3FFB0D80 0x40089519:0x3FFB7BF0 0x400D953C:0x3FFB7C10 0x400D5CBA:0x3FFB7C40 0x40089355:0x3FFB7CC0

Distance: 75
[0;32mI (6043) example: WALL DETECTED[0m
Distance: 74
[0;32mI (6513) example: WALL DETECTED[0m
Distance: 74
Distance: 75
Distance: 77
Distance: 81
Distance: 80
Distance: 78
Distance: 81
Distance: 76
[0;32mI (10333) example: WALL DETECTED[0m
Distance: 71
[0;31mE (10413) task_wdt: Task watchdog got triggered. The following tasks/users did not reset the watchdog in time:[0m
[0;31mE (10413) task_wdt:  - IDLE (CPU 0)[0m
[0;31mE (10413) task_wdt: Tasks currently running:[0m
[0;31mE (10413) task_wdt: CPU 0: ServoTask[0m
[0;31mE (10413) task_wdt: CPU 1: IDLE[0m
[0;31mE (10413) task_wdt: Print CPU 0 (current core) backtrace[0m


Backtrace: 0x400DD61B:0x3FFB0D40 0x400DD7A2:0x3FFB0D60 0x400830ED:0x3FFB0D80 0x4000BFED:0x3FFB7BE0 0x400896F7:0x3FFB7BF0 0x400D95AB:0x3FFB7C10 0x400D5CBA:0x3FFB7C40 0x40089355:0x3FFB7CC0

Distance: 84
Distance: 86
Distance: 87
Distance: 84
Distance: 85
Distance: 88
Distance: 85
Distance: 86
ets Jul 29 2019 12:21:46

rst:0x1 (POWERON_RESET),boot:0x13 (SPI_FAST_FLASH_BOOT)
configsip: 0, SPIWP:0xee
clk_drv:0x00,q_drv:0x00,d_drv:0x00,cs0_drv:0x00,hd_drv:0x00,wp_drv:0x00
mode:DIO, clock div:2
load:0x3fff0030,len:7136
load:0x40078000,len:15780
ho 0 tail 12 room 4
load:0x40080400,len:4
load:0x40080404,len:3884
entry 0x40080650
[0;32mI (31) boot: ESP-IDF v5.2-dev-2590-g62ee4135e0-dirty 2nd stage bootloader[0m
[0;32mI (31) boot: compile time Nov  9 2023 18:00:02[0m
[0;32mI (33) boot: Multicore bootloader[0m
[0;32mI (38) boot: chip revision: v3.0[0m
[0;32mI (41) boot.esp32: SPI Speed      : 40MHz[0m
[0;32mI (46) boot.esp32: SPI Mode       : DIO[0m
[0;32mI (51) boot.esp32: SPI Flash Size : 2MB[0m
[0;32mI (55) boot: Enabling RNG early entropy source...[0m
[0;32mI (61) boot: Partition Table:[0m
[0;32mI (64) boot: ## Label            Usage          Type ST Offset   Length[0m
[0;32mI (71) boot:  0 nvs              WiFi data        01 02 00009000 00006000[0m
[0;32mI (79) boot:  1 phy_init         RF data          01 01 0000f000 00001000[0m
[0;32mI (86) boot:  2 factory          factory app      00 00 00010000 00100000[0m
[0;32mI (94) boot: End of partition table[0m
[0;32mI (98) esp_image: segment 0: paddr=00010020 vaddr=3f400020 size=0d75ch ( 55132) map[0m
[0;32mI (126) esp_image: segment 1: paddr=0001d784 vaddr=3ffb0000 size=02178h (  8568) load[0m
[0;32mI (130) esp_image: segment 2: paddr=0001f904 vaddr=40080000 size=00714h (  1812) load[0m
[0;32mI (133) esp_image: segment 3: paddr=00020020 vaddr=400d0020 size=1bca8h (113832) map[0m
[0;32mI (182) esp_image: segment 4: paddr=0003bcd0 vaddr=40080714 size=0d28ch ( 53900) load[0m
[0;32mI (211) boot: Loaded app from partition at offset 0x10000[0m
[0;32mI (211) boot: Disabling RNG early entropy source...[0m
[0;32mI (223) cpu_start: Multicore app[0m
[0;32mI (223) cpu_start: Pro cpu up.[0m
[0;32mI (223) cpu_start: Starting app cpu, entry point is 0x4008119c[0m
[0;32mI (0) cpu_start: App cpu up.[0m
[0;32mI (241) cpu_start: Pro cpu start user code[0m
[0;32mI (241) cpu_start: cpu freq: 160000000 Hz[0m
[0;32mI (241) cpu_start: Application information:[0m
[0;32mI (246) cpu_start: Project name:     blink[0m
[0;32mI (251) cpu_start: App version:      51730a5-dirty[0m
[0;32mI (256) cpu_start: Compile time:     Nov  9 2023 20:47:07[0m
[0;32mI (262) cpu_start: ELF file SHA256:  18837a24e...[0m
[0;32mI (268) cpu_start: ESP-IDF:          v5.2-dev-2590-g62ee4135e0-dirty[0m
[0;32mI (275) cpu_start: Min chip rev:     v0.0[0m
[0;32mI (279) cpu_start: Max chip rev:     v3.99 [0m
[0;32mI (284) cpu_start: Chip rev:         v3.0[0m
[0;32mI (289) heap_init: Initializing. RAM available for dynamic allocation:[0m
[0;32mI (296) heap_init: At 3FFAE6E0 len 00001920 (6 KiB): DRAM[0m
[0;32mI (302) heap_init: At 3FFB2A30 len 0002D5D0 (181 KiB): DRAM[0m
[0;32mI (308) heap_init: At 3FFE0440 len 00003AE0 (14 KiB): D/IRAM[0m
[0;32mI (315) heap_init: At 3FFE4350 len 0001BCB0 (111 KiB): D/IRAM[0m
[0;32mI (321) heap_init: At 4008D9A0 len 00012660 (73 KiB): IRAM[0m
[0;32mI (329) spi_flash: detected chip: generic[0m
[0;32mI (332) spi_flash: flash io: dio[0m
[0;33mW (336) spi_flash: Detected size(4096k) larger than the size in the binary image header(2048k). Using the size in the binary image header.[0m
[0;33mW (349) i2c: This driver is an old driver, please migrate your application code to adapt `driver/i2c_master.h`[0m
[0;33mW (360) ADC: legacy driver is deprecated, please migrate to `esp_adc/adc_oneshot.h`[0m
[0;32mI (369) app_start: Starting scheduler on CPU0[0m
[0;32mI (373) app_start: Starting scheduler on CPU1[0m
[0;32mI (373) main_task: Started on CPU0[0m
[0;32mI (383) main_task: Calling app_main()[0m

>> i2c Config
- parameters: ok
- initialized: yes

>> I2C scanning ...
- Device found at address: 0x62

>> Polling LIDAR
[0;32mI (413) example: Create timer and operator[0m
[0;32mI (413) example: Connect timer and operator[0m
[0;32mI (413) example: Create comparator and generator from the operator[0m
[0;32mI (423) gpio: GPIO[13]| InputEn: 0| OutputEn: 1| OpenDrain: 0| Pullup: 0| Pulldown: 0| Intr:0 [0m
[0;32mI (433) example: Set generator action on timer and compare event[0m
[0;32mI (443) example: Enable and start timer[0m
Distance: 85
Distance: 85
Distance: 84
Distance: 83
Distance: 84
Distance: 83
Distance: 86
Distance: 87
Distance: 85
Distance: 87
[0;31mE (5413) task_wdt: Task watchdog got triggered. The following tasks/users did not reset the watchdog in time:[0m
[0;31mE (5413) task_wdt:  - IDLE (CPU 0)[0m
[0;31mE (5413) task_wdt: Tasks currently running:[0m
[0;31mE (5413) task_wdt: CPU 0: ServoTask[0m
[0;31mE (5413) task_wdt: CPU 1: IDLE[0m
[0;31mE (5413) task_wdt: Print CPU 0 (current core) backtrace[0m


Backtrace: 0x400DD61B:0x3FFB0D40 0x400DD7A2:0x3FFB0D60 0x400830ED:0x3FFB0D80 0x4008372F:0x3FFB7BE0 0x400896F7:0x3FFB7BF0 0x400D95AB:0x3FFB7C10 0x400D5CBA:0x3FFB7C40 0x40089355:0x3FFB7CC0

Distance: 87
Distance: 86
Distance: 86
Distance: 85
Distance: 86
Distance: 85
Distance: 86
Distance: 87
Distance: 85
Distance: 85
Distance: 86
[0;31mE (10413) task_wdt: Task watchdog got triggered. The following tasks/users did not reset the watchdog in time:[0m
[0;31mE (10413) task_wdt:  - IDLE (CPU 0)[0m
[0;31mE (10413) task_wdt: Tasks currently running:[0m
[0;31mE (10413) task_wdt: CPU 0: ServoTask[0m
[0;31mE (10413) task_wdt: CPU 1: IDLE[0m
[0;31mE (10413) task_wdt: Print CPU 0 (current core) backtrace[0m


Backtrace: 0x400DD61B:0x3FFB0D40 0x400DD7A2:0x3FFB0D60 0x400830ED:0x3FFB0D80 0x4000BFED:0x3FFB7BE0 0x400896F7:0x3FFB7BF0 0x400D95AB:0x3FFB7C10 0x400D5CBA:0x3FFB7C40 0x40089355:0x3FFB7CC0

Distance: 86
Distance: 85
Distance: 87
Distance: 84
Distance: 85
Distance: 87
Distance: 86
Distance: 86
Distance: 85
Distance: 83
[0;31mE (15413) task_wdt: Task watchdog got triggered. The following tasks/users did not reset the watchdog in time:[0m
[0;31mE (15413) task_wdt:  - IDLE (CPU 0)[0m
[0;31mE (15413) task_wdt: Tasks currently running:[0m
[0;31mE (15413) task_wdt: CPU 0: ServoTask[0m
[0;31mE (15413) task_wdt: CPU 1: IDLE[0m
[0;31mE (15413) task_wdt: Print CPU 0 (current core) backtrace[0m


Backtrace: 0x400DD61B:0x3FFB0D40 0x400DD7A2:0x3FFB0D60 0x400830ED:0x3FFB0D80 0x4008372F:0x3FFB7BE0 0x400896F7:0x3FFB7BF0 0x400D95AB:0x3FFB7C10 0x400D5CBA:0x3FFB7C40 0x40089355:0x3FFB7CC0

Distance: 83
Distance: 81
Distance: 82
Distance: 84
Distance: 4484
Distance: 75
[0;32mI (18513) example: WALL DETECTED[0m
Distance: 73
[0;32mI (18993) example: WALL DETECTED[0m
Distance: 71
[0;32mI (19473) example: WALL DETECTED[0m
Distance: 71
[0;32mI (19943) example: WALL DETECTED[0m
Distance: 70
[0;31mE (20413) task_wdt: Task watchdog got triggered. The following tasks/users did not reset the watchdog in time:[0m
[0;31mE (20413) task_wdt:  - IDLE (CPU 0)[0m
[0;31mE (20413) task_wdt: Tasks currently running:[0m
[0;31mE (20413) task_wdt: CPU 0: ServoTask[0m
[0;31mE (20413) task_wdt: CPU 1: IDLE[0m
[0;31mE (20413) task_wdt: Print CPU 0 (current core) backtrace[0m


Backtrace: 0x400DD61B:0x3FFB0D40 0x400DD7A2:0x3FFB0D60 0x400830ED:0x3FFB0D80 0x400D5CA9:0x3FFB7C40 0x40089355:0x3FFB7CC0

[0;32mI (20453) example: WALL DETECTED[0m
Distance: 70
[0;32mI (20933) example: WALL DETECTED[0m
Distance: 71
[0;32mI (21403) example: WALL DETECTED[0m
Distance: 70
[0;32mI (21883) example: WALL DETECTED[0m
Distance: 70
[0;32mI (22363) example: WALL DETECTED[0m
Distance: 70
[0;32mI (22843) example: WALL DETECTED[0m
Distance: 70
[0;32mI (23313) example: WALL DETECTED[0m
Distance: 70
[0;32mI (23793) example: WALL DETECTED[0m
Distance: 70
[0;32mI (24273) example: WALL DETECTED[0m
Distance: 70
[0;32mI (24753) example: WALL DETECTED[0m
Distance: 71
[0;32mI (25223) example: WALL DETECTED[0m
Distance: 70
[0;31mE (25413) task_wdt: Task watchdog got triggered. The following tasks/users did not reset the watchdog in time:[0m
[0;31mE (25413) task_wdt:  - IDLE (CPU 0)[0m
[0;31mE (25413) task_wdt: Tasks currently running:[0m
[0;31mE (25413) task_wdt: CPU 0: ServoTask[0m
[0;31mE (25413) task_wdt: CPU 1: IDLE[0m
[0;31mE (25413) task_wdt: Print CPU 0 (current core) backtrace[0m


Backtrace: 0x400DD61B:0x3FFB0D40 0x400DD7A2:0x3FFB0D60 0x400830ED:0x3FFB0D80 0x4000BFED:0x3FFB7BE0 0x400896F7:0x3FFB7BF0 0x400D95AB:0x3FFB7C10 0x400D5CBA:0x3FFB7C40 0x40089355:0x3FFB7CC0

[0;32mI (25743) example: WALL DETECTED[0m
Distance: 69
[0;32mI (26223) example: WALL DETECTED[0m
Distance: 69
[0;32mI (26703) example: WALL DETECTED[0m
Distance: 69
[0;32mI (27173) example: WALL DETECTED[0m
Distance: 70
[0;32mI (27653) example: WALL DETECTED[0m
Distance: 70
[0;32mI (28133) example: WALL DETECTED[0m
Distance: 69
[0;32mI (28613) example: WALL DETECTED[0m
Distance: 70
[0;32mI (29093) example: WALL DETECTED[0m
Distance: 69
[0;32mI (29563) example: WALL DETECTED[0m
Distance: 70
[0;32mI (30043) example: WALL DETECTED[0m
Distance: 69
[0;31mE (30413) task_wdt: Task watchdog got triggered. The following tasks/users did not reset the watchdog in time:[0m
[0;31mE (30413) task_wdt:  - IDLE (CPU 0)[0m
[0;31mE (30413) task_wdt: Tasks currently running:[0m
[0;31mE (30413) task_wdt: CPU 0: ServoTask[0m
[0;31mE (30413) task_wdt: CPU 1: IDLE[0m
[0;31mE (30413) task_wdt: Print CPU 0 (current core) backtrace[0m


Backtrace: 0x400DD61B:0x3FFB0D40 0x400DD7A2:0x3FFB0D60 0x400830ED:0x3FFB0D80 0x4000BFED:0x3FFB7BE0 0x400896F7:0x3FFB7BF0 0x400D95AB:0x3FFB7C10 0x400D5CBA:0x3FFB7C40 0x40089355:0x3FFB7CC0

[0;32mI (30553) example: WALL DETECTED[0m
Distance: 69
[0;32mI (31033) example: WALL DETECTED[0m
Distance: 69
[0;32mI (31503) example: WALL DETECTED[0m
Distance: 69
[0;32mI (31983) example: WALL DETECTED[0m
Distance: 70
[0;32mI (32463) example: WALL DETECTED[0m
Distance: 71
[0;32mI (32943) example: WALL DETECTED[0m
Distance: 71
[0;32mI (33413) example: WALL DETECTED[0m
Distance: 70
[0;32mI (33893) example: WALL DETECTED[0m
Distance: 71
Distance: 78
Distance: 85
[0;32mI (35323) example: WALL DETECTED[0m
Distance: 57
[0;31mE (35413) task_wdt: Task watchdog got triggered. The following tasks/users did not reset the watchdog in time:[0m
[0;31mE (35413) task_wdt:  - IDLE (CPU 0)[0m
[0;31mE (35413) task_wdt: Tasks currently running:[0m
[0;31mE (35413) task_wdt: CPU 0: ServoTask[0m
[0;31mE (35413) task_wdt: CPU 1: IDLE[0m
[0;31mE (35413) task_wdt: Print CPU 0 (current core) backtrace[0m


Backtrace: 0x400DD61B:0x3FFB0D40 0x400DD7A2:0x3FFB0D60 0x400830ED:0x3FFB0D80 0x400D5CA9:0x3FFB7C40 0x40089355:0x3FFB7CC0

[0;32mI (35833) example: WALL DETECTED[0m
Distance: 59
[0;32mI (36313) example: WALL DETECTED[0m
Distance: 51
[0;32mI (36793) example: WALL DETECTED[0m
Distance: 51
Distance: 78
[0;32mI (37743) example: WALL DETECTED[0m
Distance: 61
[0;32mI (38223) example: WALL DETECTED[0m
Distance: 53
[0;32mI (38703) example: WALL DETECTED[0m
Distance: 51
[0;32mI (39183) example: WALL DETECTED[0m
Distance: 65
[0;32mI (39663) example: WALL DETECTED[0m
Distance: 59
[0;32mI (40133) example: WALL DETECTED[0m
Distance: 52
[0;31mE (40413) task_wdt: Task watchdog got triggered. The following tasks/users did not reset the watchdog in time:[0m
[0;31mE (40413) task_wdt:  - IDLE (CPU 0)[0m
[0;31mE (40413) task_wdt: Tasks currently running:[0m
[0;31mE (40413) task_wdt: CPU 0: ServoTask[0m
[0;31mE (40413) task_wdt: CPU 1: IDLE[0m
[0;31mE (40413) task_wdt: Print CPU 0 (current core) backtrace[0m


Backtrace: 0x400DD61B:0x3FFB0D40 0x400DD7A2:0x3FFB0D60 0x400830ED:0x3FFB0D80 0x4000BFED:0x3FFB7BE0 0x400896F7:0x3FFB7BF0 0x400D95AB:0x3FFB7C10 0x400D5CBA:0x3FFB7C40 0x40089355:0x3FFB7CC0

[0;32mI (40643) example: WALL DETECTED[0m
Distance: 70
