[0m
[0ï¿½ets Jul 29 2019 12:21:46

rst:0x1 (POWERON_RESET),boot:0x13 (SPI_FAST_FLASH_BOOT)
configsip: 0, SPIWP:0xee
clk_drv:0x00,q_drv:0x00,d_drv:0x00,cs0_drv:0x00,hd_drv:0x00,wp_drv:0x00
mode:DIO, clock div:2
load:0x3fff0030,len:7136
load:0x40078000,len:15780
ho 0 tail 12 room 4
load:0x40080400,len:4
load:0x40080404,len:3884
entry 0x40080650
[0;32mI (31) boot: ESP-IDF v5.2-dev-2590-g62ee4135e0-dirty 2nd stage bootloader[0m
[0;32mI (31) boot: compile time Nov  9 2023 18:00:02[0m
[0;32mI (33) boot: Multicore bootloader[0m
[0;32mI (38) boot: chip revision: v3.0[0m
[0;32mI (41) boot.esp32: SPI Speed      : 40MHz[0m
[0;32mI (46) boot.esp32: SPI Mode       : DIO[0m
[0;32mI (51) boot.esp32: SPI Flash Size : 2MB[0m
[0;32mI (55) boot: Enabling RNG early entropy source...[0m
[0;32mI (61) boot: Partition Table:[0m
[0;32mI (64) boot: ## Label            Usage          Type ST Offset   Length[0m
[0;32mI (71) boot:  0 nvs              WiFi data        01 02 00009000 00006000[0m
[0;32mI (79) boot:  1 phy_init         RF data          01 01 0000f000 00001000[0m
[0;32mI (86) boot:  2 factory          factory app      00 00 00010000 00100000[0m
[0;32mI (94) boot: End of partition table[0m
[0;32mI (98) esp_image: segment 0: paddr=00010020 vaddr=3f400020 size=0e244h ( 57924) map[0m
[0;32mI (127) esp_image: segment 1: paddr=0001e26c vaddr=3ffb0000 size=01dach (  7596) load[0m
[0;32mI (131) esp_image: segment 2: paddr=00020020 vaddr=400d0020 size=1ce58h (118360) map[0m
[0;32mI (176) esp_image: segment 3: paddr=0003ce80 vaddr=3ffb1dac size=003cch (   972) load[0m
[0;32mI (177) esp_image: segment 4: paddr=0003d254 vaddr=40080000 size=0dbdch ( 56284) load[0m
[0;32mI (212) boot: Loaded app from partition at offset 0x10000[0m
[0;32mI (212) boot: Disabling RNG early entropy source...[0m
[0;32mI (224) cpu_start: Multicore app[0m
[0;32mI (224) cpu_start: Pro cpu up.[0m
[0;32mI (224) cpu_start: Starting app cpu, entry point is 0x400811b0[0m
[0;32mI (0) cpu_start: App cpu up.[0m
[0;32mI (242) cpu_start: Pro cpu start user code[0m
[0;32mI (242) cpu_start: cpu freq: 160000000 Hz[0m
[0;32mI (242) cpu_start: Application information:[0m
[0;32mI (247) cpu_start: Project name:     blink[0m
[0;32mI (251) cpu_start: App version:      5379e7a-dirty[0m
[0;32mI (257) cpu_start: Compile time:     Nov 10 2023 01:04:53[0m
[0;32mI (263) cpu_start: ELF file SHA256:  82158020f...[0m
[0;32mI (268) cpu_start: ESP-IDF:          v5.2-dev-2590-g62ee4135e0-dirty[0m
[0;32mI (275) cpu_start: Min chip rev:     v0.0[0m
[0;32mI (280) cpu_start: Max chip rev:     v3.99 [0m
[0;32mI (285) cpu_start: Chip rev:         v3.0[0m
[0;32mI (290) heap_init: Initializing. RAM available for dynamic allocation:[0m
[0;32mI (297) heap_init: At 3FFAE6E0 len 00001920 (6 KiB): DRAM[0m
[0;32mI (303) heap_init: At 3FFB2A60 len 0002D5A0 (181 KiB): DRAM[0m
[0;32mI (309) heap_init: At 3FFE0440 len 00003AE0 (14 KiB): D/IRAM[0m
[0;32mI (315) heap_init: At 3FFE4350 len 0001BCB0 (111 KiB): D/IRAM[0m
[0;32mI (322) heap_init: At 4008DBDC len 00012424 (73 KiB): IRAM[0m
[0;32mI (330) spi_flash: detected chip: generic[0m
[0;32mI (333) spi_flash: flash io: dio[0m
[0;33mW (337) spi_flash: Detected size(4096k) larger than the size in the binary image header(2048k). Using the size in the binary image header.[0m
[0;33mW (350) i2c: This driver is an old driver, please migrate your application code to adapt `driver/i2c_master.h`[0m
[0;33mW (360) ADC: legacy driver is deprecated, please migrate to `esp_adc/adc_oneshot.h`[0m
[0;32mI (369) app_start: Starting scheduler on CPU0[0m
[0;32mI (374) app_start: Starting scheduler on CPU1[0m
[0;32mI (374) main_task: Started on CPU0[0m
[0;32mI (384) main_task: Calling app_main()[0m

>> i2c Config
- parameters: ok
- initialized: yes

>> I2C scanning ...
ets Jul 29 2019 12:21:46

rst:0x1 (POWERON_RESET),boot:0x13 (SPI_FAST_FLASH_BOOT)
configsip: 0, SPIWP:0xee
clk_drv:0x00,q_drv:0x00,d_drv:0x00,cs0_drv:0x00,hd_drv:0x00,wp_drv:0x00
mode:DIO, clock div:2
load:0x3fff0030,len:7136
load:0x40078000,len:15780
ho 0 tail 12 room 4
load:0x40080400,len:4
load:0x40080404,len:3884
entry 0x40080650
[0;32mI (31) boot: ESP-IDF v5.2-dev-2590-g62ee4135e0-dirty 2nd stage bootloader[0m
[0;32mI (31) boot: compile time Nov  9 2023 18:00:02[0m
[0;32mI (33) boot: Multicore bootloader[0m
[0;32mI (38) boot: chip revision: v3.0[0m
[0;32mI (41) boot.esp32: SPI Speed      : 40MHz[0m
[0;32mI (46) boot.esp32: SPI Mode       : DIO[0m
[0;32mI (51) boot.esp32: SPI Flash Size : 2MB[0m
[0;32mI (55) boot: Enabling RNG early entropy source...[0m
[0;32mI (61) boot: Partition Table:[0m
[0;32mI (64) boot: ## Label            Usage          Type ST Offset   Length[0m
[0;32mI (71) boot:  0 nvs              WiFi data        01 02 00009000 00006000[0m
[0;32mI (79) boot:  1 phy_init         RF data          01 01 0000f000 00001000[0m
[0;32mI (86) boot:  2 factory          factory app      00 00 00010000 00100000[0m
[0;32mI (94) boot: End of partition table[0m
[0;32mI (98) esp_image: segment 0: paddr=00010020 vaddr=3f400020 size=0e244h ( 57924) map[0m
[0;32mI (127) esp_image: segment 1: paddr=0001e26c vaddr=3ffb0000 size=01dach (  7596) load[0m
[0;32mI (131) esp_image: segment 2: paddr=00020020 vaddr=400d0020 size=1ce58h (118360) map[0m
[0;32mI (176) esp_image: segment 3: paddr=0003ce80 vaddr=3ffb1dac size=003cch (   972) load[0m
[0;32mI (177) esp_image: segment 4: paddr=0003d254 vaddr=40080000 size=0dbdch ( 56284) load[0m
[0;32mI (212) boot: Loaded app from partition at offset 0x10000[0m
[0;32mI (212) boot: Disabling RNG early entropy source...[0m
[0;32mI (224) cpu_start: Multicore app[0m
[0;32mI (224) cpu_start: Pro cpu up.[0m
[0;32mI (224) cpu_start: Starting app cpu, entry point is 0x400811b0[0m
[0;32mI (0) cpu_start: App cpu up.[0m
[0;32mI (242) cpu_start: Pro cpu start user code[0m
[0;32mI (242) cpu_start: cpu freq: 160000000 Hz[0m
[0;32mI (242) cpu_start: Application information:[0m
[0;32mI (247) cpu_start: Project name:     blink[0m
[0;32mI (251) cpu_start: App version:      5379e7a-dirty[0m
[0;32mI (257) cpu_start: Compile time:     Nov 10 2023 01:04:53[0m
[0;32mI (263) cpu_start: ELF file SHA256:  82158020f...[0m
[0;32mI (268) cpu_start: ESP-IDF:          v5.2-dev-2590-g62ee4135e0-dirty[0m
[0;32mI (275) cpu_start: Min chip rev:     v0.0[0m
[0;32mI (280) cpu_start: Max chip rev:     v3.99 [0m
[0;32mI (285) cpu_start: Chip rev:         v3.0[0m
[0;32mI (290) heap_init: Initializing. RAM available for dynamic allocation:[0m
[0;32mI (297) heap_init: At 3FFAE6E0 len 00001920 (6 KiB): DRAM[0m
[0;32mI (303) heap_init: At 3FFB2A60 len 0002D5A0 (181 KiB): DRAM[0m
[0;32mI (309) heap_init: At 3FFE0440 len 00003AE0 (14 KiB): D/IRAM[0m
[0;32mI (315) heap_init: At 3FFE4350 len 0001BCB0 (111 KiB): D/IRAM[0m
[0;32mI (322) heap_init: At 4008DBDC len 00012424 (73 KiB): IRAM[0m
[0;32mI (330) spi_flash: detected chip: generic[0m
[0;32mI (333) spi_flash: flash io: dio[0m
[0;33mW (337) spi_flash: Detected size(4096k) larger than the size in the binary image header(2048k). Using the size in the binary image header.[0m
[0;33mW (350) i2c: This driver is an old driver, please migrate your application code to adapt `driver/i2c_master.h`[0m
[0;33mW (360) ADC: legacy driver is deprecated, please migrate to `esp_adc/adc_oneshot.h`[0m
[0;32mI (369) app_start: Starting scheduler on CPU0[0m
[0;32mI (374) app_start: Starting scheduler on CPU1[0m
[0;32mI (374) main_task: Started on CPU0[0m
[0;32mI (384) main_task: Calling app_main()[0m

>> i2c Config
- parameters: ok
- initialized: yes

>> I2C scanning ...
ets Jul 29 2019 12:21:46

rst:0x1 (POWERON_RESET),boot:0x13 (SPI_FAST_FLASH_BOOT)
configsip: 0, SPIWP:0xee
clk_drv:0x00,q_drv:0x00,d_drv:0x00,cs0_drv:0x00,hd_drv:0x00,wp_drv:0x00
mode:DIO, clock div:2
load:0x3fff0030,len:7136
load:0x40078000,len:15780
ho 0 tail 12 room 4
load:0x40080400,len:4
load:0x40080404,len:3884
entry 0x40080650
[0;32mI (31) boot: ESP-IDF v5.2-dev-2590-g62ee4135e0-dirty 2nd stage bootloader[0m
[0;32mI (31) boot: compile time Nov  9 2023 18:00:02[0m
[0;32mI (33) boot: Multicore bootloader[0m
[0;32mI (38) boot: chip revision: v3.0[0m
[0;32mI (41) boot.esp32: SPI Speed      : 40MHz[0m
[0;32mI (46) boot.esp32: SPI Mode       : DIO[0m
[0;32mI (51) boot.esp32: SPI Flash Size : 2MB[0m
[0;32mI (55) boot: Enabling RNG early entropy source...[0m
[0;32mI (61) boot: Partition Table:[0m
[0;32mI (64) boot: ## Label            Usage          Type ST Offset   Length[0m
[0;32mI (71) boot:  0 nvs              WiFi data        01 02 00009000 00006000[0m
[0;32mI (79) boot:  1 phy_init         RF data          01 01 0000f000 00001000[0m
[0;32mI (86) boot:  2 factory          factory app      00 00 00010000 00100000[0m
[0;32mI (94) boot: End of partition table[0m
[0;32mI (98) esp_image: segment 0: paddr=00010020 vaddr=3f400020 size=0e244h ( 57924) map[0m
[0;32mI (127) esp_image: segment 1: paddr=0001e26c vaddr=3ffb0000 size=01dach (  7596) load[0m
[0;32mI (131) esp_image: segment 2: paddr=00020020 vaddr=400d0020 size=1ce58h (118360) map[0m
[0;32mI (176) esp_image: segment 3: paddr=0003ce80 vaddr=3ffb1dac size=003cch (   972) load[0m
[0;32mI (177) esp_image: segment 4: paddr=0003d254 vaddr=40080000 size=0dbdch ( 56284) load[0m
[0;32mI (212) boot: Loaded app from partition at offset 0x10000[0m
[0;32mI (212) boot: Disabling RNG early entropy source...[0m
[0;32mI (224) cpu_start: Multicore app[0m
[0;32mI (224) cpu_start: Pro cpu up.[0m
[0;32mI (224) cpu_start: Starting app cpu, entry point is 0x400811b0[0m
[0;32mI (0) cpu_start: App cpu up.[0m
[0;32mI (242) cpu_start: Pro cpu start user code[0m
[0;32mI (242) cpu_start: cpu freq: 160000000 Hz[0m
[0;32mI (242) cpu_start: Application information:[0m
[0;32mI (247) cpu_start: Project name:     blink[0m
[0;32mI (251) cpu_start: App version:      5379e7a-dirty[0m
[0;32mI (257) cpu_start: Compile time:     Nov 10 2023 01:04:53[0m
[0;32mI (263) cpu_start: ELF file SHA256:  82158020f...[0m
[0;32mI (268) cpu_start: ESP-IDF:          v5.2-dev-2590-g62ee4135e0-dirty[0m
[0;32mI (275) cpu_start: Min chip rev:     v0.0[0m
[0;32mI (280) cpu_start: Max chip rev:     v3.99 [0m
[0;32mI (285) cpu_start: Chip rev:         v3.0[0m
[0;32mI (290) heap_init: Initializing. RAM available for dynamic allocation:[0m
[0;32mI (297) heap_init: At 3FFAE6E0 len 00001920 (6 KiB): DRAM[0m
[0;32mI (303) heap_init: At 3FFB2A60 len 0002D5A0 (181 KiB): DRAM[0m
[0;32mI (309) heap_init: At 3FFE0440 len 00003AE0 (14 KiB): D/IRAM[0m
[0;32mI (315) heap_init: At 3FFE4350 len 0001BCB0 (111 KiB): D/IRAM[0m
[0;32mI (322) heap_init: At 4008DBDC len 00012424 (73 KiB): IRAM[0m
[0;32mI (330) spi_flash: detected chip: generic[0m
[0;32mI (333) spi_flash: flash io: dio[0m
[0;33mW (337) spi_flash: Detected size(4096k) larger than the size in the binary image header(2048k). Using the size in the binary image header.[0m
[0;33mW (350) i2c: This driver is an old driver, please migrate your application code to adapt `driver/i2c_master.h`[0m
[0;33mW (360) ADC: legacy driver is deprecated, please migrate to `esp_adc/adc_oneshot.h`[0m
[0;32mI (369) app_start: Starting scheduler on CPU0[0m
[0;32mI (374) app_start: Starting scheduler on CPU1[0m
[0;32mI (374) main_task: Started on CPU0[0m
[0;32mI (384) main_task: Calling app_main()[0m

>> i2c Config
- parameters: ok
- initialized: yes

>> I2C scanning ...
