I (266) cpu_ï¿½[0;32mI (13) boot: ESP-IDF v5.2-dev-2590-g62ee4135e0-dirty 2nd stage bootloader[0m
[0;32mI (13) boot: compile time Nov 10 2023 03:53:26[0m
[0;32mI (15) boot: Multicore bootloader[0m
[0;32mI (19) boot: chip revision: v3.0[0m
[0;32mI (23) boot.esp32: SPI Speed      : 40MHz[0m
[0;32mI (27) boot.esp32: SPI Mode       : DIO[0m
[0;32mI (32) boot.esp32: SPI Flash Size : 2MB[0m
[0;32mI (36) boot: Enabling RNG early entropy source...[0m
[0;32mI (42) boot: Partition Table:[0m
[0;32mI (45) boot: ## Label            Usage          Type ST Offset   Length[0m
[0;32mI (53) boot:  0 nvs              WiFi data        01 02 00009000 00006000[0m
[0;32mI (60) boot:  1 phy_init         RF data          01 01 0000f000 00001000[0m
[0;32mI (68) boot:  2 factory          factory app      00 00 00010000 00100000[0m
[0;32mI (75) boot: End of partition table[0m
[0;32mI (79) esp_image: segment 0: paddr=00010020 vaddr=3f400020 size=11334h ( 70452) map[0m
[0;32mI (113) esp_image: segment 1: paddr=0002135c vaddr=3ffb0000 size=02178h (  8568) load[0m
[0;32mI (117) esp_image: segment 2: paddr=000234dc vaddr=40080000 size=0cb3ch ( 52028) load[0m
[0;32mI (141) esp_image: segment 3: paddr=00030020 vaddr=400d0020 size=2aee8h (175848) map[0m
[0;32mI (204) esp_image: segment 4: paddr=0005af10 vaddr=4008cb3c size=0127ch (  4732) load[0m
[0;32mI (214) boot: Loaded app from partition at offset 0x10000[0m
[0;32mI (214) boot: Disabling RNG early entropy source...[0m
[0;32mI (227) cpu_start: Multicore app[0m
[0;32mI (227) cpu_start: Pro cpu up.[0m
[0;32mI (227) cpu_start: Starting app cpu, entry point is 0x40081254[0m
[0;32mI (0) cpu_start: App cpu up.[0m
[0;32mI (245) cpu_start: Pro cpu start user code[0m
[0;32mI (245) cpu_start: cpu freq: 160000000 Hz[0m
[0;32mI (245) cpu_start: Application information:[0m
[0;32mI (250) cpu_start: Project name:     blink[0m
[0;32mI (255) cpu_start: App version:      7acd246-dirty[0m
[0;32mI (260) cpu_start: Compile time:     Nov 10 2023 04:15:59[0m
[0;32mI (266) cpu_start: ELF file SHA256:  5634072a2...[0m
[0;32mI (271) cpu_start: ESP-IDF:          v5.2-dev-2590-g62ee4135e0-dirty[0m
[0;32mI (278) cpu_start: Min chip rev:     v0.0[0m
[0;32mI (283) cpu_start: Max chip rev:     v3.99 [0m
[0;32mI (288) cpu_start: Chip rev:         v3.0[0m
[0;32mI (293) heap_init: Initializing. RAM available for dynamic allocation:[0m
[0;32mI (300) heap_init: At 3FFAE6E0 len 00001920 (6 KiB): DRAM[0m
[0;32mI (306) heap_init: At 3FFB3090 len 0002CF70 (179 KiB): DRAM[0m
[0;32mI (312) heap_init: At 3FFE0440 len 00003AE0 (14 KiB): D/IRAM[0m
[0;32mI (319) heap_init: At 3FFE4350 len 0001BCB0 (111 KiB): D/IRAM[0m
[0;32mI (325) heap_init: At 4008DDB8 len 00012248 (72 KiB): IRAM[0m
[0;32mI (333) spi_flash: detected chip: generic[0m
[0;32mI (336) spi_flash: flash io: dio[0m
[0;33mW (340) spi_flash: Detected size(4096k) larger than the size in the binary image header(2048k). Using the size in the binary image header.[0m
[0;33mW (353) i2c: This driver is an old driver, please migrate your application code to adapt `driver/i2c_master.h`[0m
[0;33mW (364) ADC: legacy driver is deprecated, please migrate to `esp_adc/adc_oneshot.h`[0m
[0;32mI (372) app_start: Starting scheduler on CPU0[0m
[0;32mI (377) app_start: Starting scheduler on CPU1[0m
[0;32mI (377) main_task: Started on CPU0[0m
[0;32mI (387) main_task: Calling app_main()[0m

>> i2c Config
- parameters: ok
- initialized: yes

>> I2C scanning ...
- Device found at address: 0x62
- Device found at address: 0x70

>> Polling LIDAR
[0;32mI (417) example: Install capture timer[0m
[0;32mI (417) example: Install capture channel[0m
[0;32mI (417) gpio: GPIO[26]| InputEn: 1| OutputEn: 0| OpenDrain: 0| Pullup: 1| Pulldown: 0| Intr:0 [0m
[0;32mI (427) example: Register capture callback[0m
[0;32mI (437) example: Enable capture channel[0m
[0;32mI (437) example: Configure Trig pin[0m
[0;32mI (447) gpio: GPIO[25]| InputEn: 0| OutputEn: 1| OpenDrain: 0| Pullup: 0| Pulldown: 0| Intr:0 [0m
[0;32mI (457) example: Enable and start capture timer[0m
[0;32mI (457) example: Install capture timer[0m
[0;32mI (467) example: Install capture channel[0m
[0;32mI (467) gpio: GPIO[36]| InputEn: 1| OutputEn: 0| OpenDrain: 0| Pullup: 1| Pulldown: 0| Intr:0 [0m
[0;32mI (477) example: Register capture callback[0m
[0;32mI (477) example: Enable capture channel[0m
[0;32mI (487) example: Configure Trig pin[0m
[0;32mI (487) gpio: GPIO[4]| InputEn: 0| OutputEn: 1| OpenDrain: 0| Pullup: 0| Pulldown: 0| Intr:0 [0m
[0;32mI (497) example: Enable and start capture timer[0m
[0;32mI (507) example: Create timer and op
assert failed: tcpip_send_msg_wait_sem /IDF/components/lwip/lwip/src/api/tcpip.c:449 (Invalid mbox)


Backtrace: 0x4008185a:0x3ffc1370 0x40086dfd:0x3ffc1390 0x4008c879:0x3ffc13b0 0x400e181f:0x3ffc14d0 0x400ec3ed:0x3ffc1500 0x400ec475:0x3ffc1520 0x400e1682:0x3ffc1570 0x400d72fb:0x3ffc1590 0x40089769:0x3ffc1680




ELF file SHA256: 5634072a2

Rebooting...
[0;32mI (13) boot: ESP-IDF v5.2-dev-2590-g62ee4135e0-dirty 2nd stage bootloader[0m
[0;32mI (13) boot: compile time Nov 10 2023 03:53:26[0m
[0;32mI (14) boot: Multicore bootloader[0m
[0;32mI (18) boot: chip revision: v3.0[0m
[0;32mI (22) boot.esp32: SPI Speed      : 40MHz[0m
[0;32mI (27) boot.esp32: SPI Mode       : DIO[0m
[0;32mI (31) boot.esp32: SPI Flash Size : 2MB[0m
[0;32mI (36) boot: Enabling RNG early entropy source...[0m
[0;32mI (41) boot: Partition Table:[0m
[0;32mI (45) boot: ## Label            Usage          Type ST Offset   Length[0m
[0;32mI (52) boot:  0 nvs              WiFi data        01 02 00009000 00006000[0m
[0;32mI (60) boot:  1 phy_init         RF data          01 01 0000f000 00001000[0m
[0;32mI (67) boot:  2 factory          factory app      00 00 00010000 00100000[0m
[0;32mI (75) boot: End of partition table[0m
[0;32mI (79) esp_image: segment 0: paddr=00010020 vaddr=3f400020 size=11334h ( 70452) map[0m
[0;32mI (113) esp_image: segment 1: paddr=0002135c vaddr=3ffb0000 size=02178h (  8568) load[0m
[0;32mI (116) esp_image: segment 2: paddr=000234dc vaddr=40080000 size=0cb3ch ( 52028) load[0m
[0;32mI (140) esp_image: segment 3: paddr=00030020 vaddr=400d0020 size=2aee8h (175848) map[0m
[0;32mI (204) esp_image: segment 4: paddr=0005af10 vaddr=4008cb3c size=0127ch (  4732) load[0m
[0;32mI (213) boot: Loaded app from partition at offset 0x10000[0m
[0;32mI (213) boot: Disabling RNG early entropy source...[0m
[0;32mI (226) cpu_start: Multicore app[0m
[0;32mI (227) cpu_start: Pro cpu up.[0m
[0;32mI (227) cpu_start: Starting app cpu, entry point is 0x40081254[0m
[0;32mI (223) cpu_start: App cpu up.[0m
[0;32mI (245) cpu_start: Pro cpu start user code[0m
[0;32mI (245) cpu_start: cpu freq: 160000000 Hz[0m
[0;32mI (245) cpu_start: Application information:[0m
[0;32mI (250) cpu_start: Project name:     blink[0m
[0;32mI (254) cpu_start: App version:      7acd246-dirty[0m
[0;32mI (260) cpu_start: Compile time:     Nov 10 2023 04:15:59[0m
[0;32mI (266) cpu_start: ELF file SHA256:  5634072a2...[0m
[0;32mI (271) cpu_start: ESP-IDF:          v5.2-dev-2590-g62ee4135e0-dirty[0m
[0;32mI (278) cpu_start: Min chip rev:     v0.0[0m
[0;32mI (283) cpu_start: Max chip rev:     v3.99 [0m
[0;32mI (288) cpu_start: Chip rev:         v3.0[0m
[0;32mI (293) heap_init: Initializing. RAM available for dynamic allocation:[0m
[0;32mI (300) heap_init: At 3FFAE6E0 len 00001920 (6 KiB): DRAM[0m
[0;32mI (306) heap_init: At 3FFB3090 len 0002CF70 (179 KiB): DRAM[0m
[0;32mI (312) heap_init: At 3FFE0440 len 00003AE0 (14 KiB): D/IRAM[0m
[0;32mI (318) heap_init: At 3FFE4350 len 0001BCB0 (111 KiB): D/IRAM[0m
[0;32mI (325) heap_init: At 4008DDB8 len 00012248 (72 KiB): IRAM[0m
[0;32mI (333) spi_flash: detected chip: generic[0m
[0;32mI (336) spi_flash: flash io: dio[0m
[0;33mW (340) spi_flash: Detected size(4096k) larger than the size in the binary image header(2048k). Using the size in the binary image header.[0m
[0;33mW (353) i2c: This driver is an old driver, please migrate your application code to adapt `driver/i2c_master.h`[0m
[0;33mW (363) ADC: legacy driver is deprecated, please migrate to `esp_adc/adc_oneshot.h`[0m
[0;32mI (372) app_start: Starting scheduler on CPU0[0m
[0;32mI (377) app_start: Starting scheduler on CPU1[0m
[0;32mI (377) main_task: Started on CPU0[0m
[0;32mI (387) main_task: Calling app_main()[0m

>> i2c Config
- parameters: ok
- initialized: yes

>> I2C scanning ...
- Device found at address: 0x62
- Device found at address: 0x70

>> Polling LIDAR
[0;32mI (417) example: Install capture timer[0m
[0;32mI (417) example: Install capture channel[0m
[0;32mI (417) gpio: GPIO[26]| InputEn: 1| OutputEn: 0| OpenDrain: 0| Pullup: 1| Pulldown: 0| Intr:0 [0m
[0;32mI (427) example: Register capture callback[0m
[0;32mI (437) example: Enable capture channel[0m
[0;32mI (437) example: Configure Trig pin[0m
[0;32mI (447) gpio: GPIO[25]| InputEn: 0| OutputEn: 1| OpenDrain: 0| Pullup: 0| Pulldown: 0| Intr:0 [0m
[0;32mI (457) example: Enable and start capture timer[0m
[0;32mI (457) example: Install capture timer[0m
[0;32mI (467) example: Install capture channel[0m
[0;32mI (467) gpio: GPIO[36]| InputEn: 1| OutputEn: 0| OpenDrain: 0| Pullup: 1| Pulldown: 0| Intr:0 [0m
[0;32mI (477) example: Register capture callback[0m
[0;32mI (477) example: Enable capture channel[0m
[0;32mI (487) example: Configure Trig pin[0m
[0;32mI (487) gpio: GPIO[4]| InputEn: 0| OutputEn: 1| OpenDrain: 0| Pullup: 0| Pulldown: 0| Intr:0 [0m
[0;32mI (497) example: Enable and start capture timer[0m
[0;32mI (507) example: Create timer and
assert failed: tcpip_send_msg_wait_sem /IDF/components/lwip/lwip/src/api/tcpip.c:449 (Invalid mbox)


Backtrace: 0x4008185a:0x3ffc1370 0x40086dfd:0x3ffc1390 0x4008c879:0x3ffc13b0 0x400e181f:0x3ffc14d0 0x400ec3ed:0x3ffc1500 0x400ec475:0x3ffc1520 0x400e1682:0x3ffc1570 0x400d72fb:0x3ffc1590 0x40089769:0x3ffc1680




ELF file SHA256: 5634072a2

Rebooting...
[0;32mI (13) boot: ESP-IDF v5.2-dev-2590-g62ee4135e0-dirty 2nd stage bootloader[0m
[0;32mI (13) boot: compile time Nov 10 2023 03:53:26[0m
[0;32mI (14) boot: Multicore bootloader[0m
[0;32mI (18) boot: chip revision: v3.0[0m
[0;32mI (22) boot.esp32: SPI Speed      : 40MHz[0m
[0;32mI (27) boot.esp32: SPI Mode       : DIO[0m
[0;32mI (31) boot.esp32: SPI Flash Size : 2MB[0m
[0;32mI (36) boot: Enabling RNG early entropy source...[0m
[0;32mI (41) boot: Partition Table:[0m
[0;32mI (45) boot: ## Label            Usage          Type ST Offset   Length[0m
[0;32mI (52) boot:  0 nvs              WiFi data        01 02 00009000 00006000[0m
[0;32mI (60) boot:  1 phy_init         RF data          01 01 0000f000 00001000[0m
[0;32mI (67) boot:  2 factory          factory app      00 00 00010000 00100000[0m
[0;32mI (75) boot: End of partition table[0m
[0;32mI (79) esp_image: segment 0: paddr=00010020 vaddr=3f400020 size=11334h ( 70452) map[0m
[0;32mI (113) esp_image: segment 1: paddr=0002135c vaddr=3ffb0000 size=02178h (  8568) load[0m
[0;32mI (116) esp_image: segment 2: paddr=000234dc vaddr=40080000 size=0cb3ch ( 52028) load[0m
[0;32mI (140) esp_image: segment 3: paddr=00030020 vaddr=400d0020 size=2aee8h (175848) map[0m
[0;32mI (204) esp_image: segment 4: paddr=0005af10 vaddr=4008cb3c size=0127ch (  4732) load[0m
[0;32mI (213) boot: Loaded app from partition at offset 0x10000[0m
[0;32mI (213) boot: Disabling RNG early entropy source...[0m
[0;32mI (226) cpu_start: Multicore app[0m
[0;32mI (227) cpu_start: Pro cpu up.[0m
[0;32mI (227) cpu_start: Starting app cpu, entry point is 0x40081254[0m
[0;32mI (223) cpu_start: App cpu up.[0m
[0;32mI (245) cpu_start: Pro cpu start user code[0m
[0;32mI (245) cpu_start: cpu freq: 160000000 Hz[0m
[0;32mI (245) cpu_start: Application information:[0m
[0;32mI (250) cpu_start: Project name:     blink[0m
[0;32mI (254) cpu_start: App version:      7acd246-dirty[0m
[0;32mI (260) cpu_start: Compile time:     Nov 10 2023 04:15:59[0m
[0;32mI (266) cpu_start: ELF file SHA256:  5634072a2...[0m
[0;32mI (271) cpu_start: ESP-IDF:          v5.2-dev-2590-g62ee4135e0-dirty[0m
[0;32mI (278) cpu_start: Min chip rev:     v0.0[0m
[0;32mI (283) cpu_start: Max chip rev:     v3.99 [0m
[0;32mI (288) cpu_start: Chip rev:         v3.0[0m
[0;32mI (293) heap_init: Initializing. RAM available for dynamic allocation:[0m
[0;32mI (300) heap_init: At 3FFAE6E0 len 00001920 (6 KiB): DRAM[0m
[0;32mI (306) heap_init: At 3FFB3090 len 0002CF70 (179 KiB): DRAM[0m
[0;32mI (312) heap_init: At 3FFE0440 len 00003AE0 (14 KiB): D/IRAM[0m
[0;32mI (318) heap_init: At 3FFE4350 len 0001BCB0 (111 KiB): D/IRAM[0m
[0;32mI (325) heap_init: At 4008DDB8 len 00012248 (72 KiB): IRAM[0m
[0;32mI (333) spi_flash: detected chip: generic[0m
[0;32mI (336) spi_flash: flash io: dio[0m
[0;33mW (340) spi_flash: Detected size(4096k) larger than the size in the binary image header(2048k). Using the size in the binary image header.[0m
[0;33mW (353) i2c: This driver is an old driver, please migrate your application code to adapt `driver/i2c_master.h`[0m
[0;33mW (363) ADC: legacy driver is deprecated, please migrate to `esp_adc/adc_oneshot.h`[0m
[0;32mI (372) app_start: Starting scheduler on CPU0[0m
[0;32mI (377) app_start: Starting scheduler on CPU1[0m
[0;32mI (377) main_task: Started on CPU0[0m
[0;32mI (387) main_task: Calling app_main()[0m

>> i2c Config
- parameters: ok
- initialized: yes

>> I2C scanning ...
- Device found at address: 0x62
- Device found at address: 0x70

>> Polling LIDAR
[0;32mI (417) example: Install capture timer[0m
[0;32mI (417) example: Install capture channel[0m
[0;32mI (417) gpio: GPIO[26]| InputEn: 1| OutputEn: 0| OpenDrain: 0| Pullup: 1| Pulldown: 0| Intr:0 [0m
[0;32mI (427) example: Register capture callback[0m
[0;32mI (437) example: Enable capture channel[0m
[0;32mI (437) example: Configure Trig pin[0m
[0;32mI (447) gpio: GPIO[25]| InputEn: 0| OutputEn: 1| OpenDrain: 0| Pullup: 0| Pulldown: 0| Intr:0 [0m
[0;32mI (457) example: Enable and start capture timer[0m
[0;32mI (457) example: Install capture timer[0m
[0;32mI (467) example: Install capture channel[0m
[0;32mI (467) gpio: GPIO[36]| InputEn: 1| OutputEn: 0| OpenDrain: 0| Pullup: 1| Pulldown: 0| Intr:0 [0m
[0;32mI (477) example: Register capture callback[0m
[0;32mI (477) example: Enable capture channel[0m
[0;32mI (487) example: Configure Trig pin[0m
[0;32mI (487) gpio: GPIO[4]| InputEn: 0| OutputEn: 1| OpenDrain: 0| Pullup: 0| Pulldown: 0| Intr:0 [0m
[0;32mI (497) example: Enable and start capture timer[0m
[0;32mI (507) example: Create timer and opera
assert failed: tcpip_send_msg_wait_sem /IDF/components/lwip/lwip/src/api/tcpip.c:449 (Invalid mbox)


Backtrace: 0x4008185a:0x3ffc1370 0x40086dfd:0x3ffc1390 0x4008c879:0x3ffc13b0 0x400e181f:0x3ffc14d0 0x400ec3ed:0x3ffc1500 0x400ec475:0x3ffc1520 0x400e1682:0x3ffc1570 0x400d72fb:0x3ffc1590 0x40089769:0x3ffc1680




ELF file SHA256: 5634072a2

Rebooting...
[0;32mI (13) boot: ESP-IDF v5.2-dev-2590-g62ee4135e0-dirty 2nd stage bootloader[0m
[0;32mI (13) boot: compile time Nov 10 2023 03:53:26[0m
[0;32mI (14) boot: Multicore bootloader[0m
[0;32mI (18) boot: chip revision: v3.0[0m
[0;32mI (22) boot.esp32: SPI Speed      : 40MHz[0m
[0;32mI (27) boot.esp32: SPI Mode       : DIO[0m
[0;32mI (31) boot.esp32: SPI Flash Size : 2MB[0m
[0;32mI (36) boot: Enabling RNG early entropy source...[0m
[0;32mI (41) boot: Partition Table:[0m
[0;32mI (45) boot: ## Label            Usage          Type ST Offset   Length[0m
[0;32mI (52) boot:  0 nvs              WiFi data        01 02 00009000 00006000[0m
[0;32mI (60) boot:  1 phy_init         RF data          01 01 0000f000 00001000[0m
[0;32mI (67) boot:  2 factory          factory app      00 00 00010000 00100000[0m
[0;32mI (75) boot: End of partition table[0m
[0;32mI (79) esp_image: segment 0: paddr=00010020 vaddr=3f400020 size=11334h ( 70452) map[0m
[0;32mI (113) esp_image: segment 1: paddr=0002135c vaddr=3ffb0000 size=02178h (  8568) load[0m
[0;32mI (116) esp_image: segment 2: paddr=000234dc vaddr=40080000 size=0cb3ch ( 52028) load[0m
[0;32mI (140) esp_image: segment 3: paddr=00030020 vaddr=400d0020 size=2aee8h (175848) map[0m
[0;32mI (204) esp_image: segment 4: paddr=0005af10 vaddr=4008cb3c size=0127ch (  4732) load[0m
[0;32mI (213) boot: Loaded app from partition at offset 0x10000[0m
[0;32mI (213) boot: Disabling RNG early entropy source...[0m
[0;32mI (226) cpu_start: Multicore app[0m
[0;32mI (227) cpu_start: Pro cpu up.[0m
[0;32mI (227) cpu_start: Starting app cpu, entry point is 0x40081254[0m
[0;32mI (223) cpu_start: App cpu up.[0m
[0;32mI (245) cpu_start: Pro cpu start user code[0m
[0;32mI (245) cpu_start: cpu freq: 160000000 Hz[0m
[0;32mI (245) cpu_start: Application information:[0m
[0;32mI (250) cpu_start: Project name:     blink[0m
[0;32mI (254) cpu_start: App version:      7acd246-dirty[0m
[0;32mI (260) cpu_start: Compile time:     Nov 10 2023 04:15:59[0m
[0;32mI (266) cpu_start: ELF file SHA256:  5634072a2...[0m
[0;32mI (271) cpu_start: ESP-IDF:          v5.2-dev-2590-g62ee4135e0-dirty[0m
[0;32mI (278) cpu_start: Min chip rev:     v0.0[0m
[0;32mI (283) cpu_start: Max chip rev:     v3.99 [0m
[0;32mI (288) cpu_start: Chip rev:         v3.0[0m
[0;32mI (293) heap_init: Initializing. RAM available for dynamic allocation:[0m
[0;32mI (300) heap_init: At 3FFAE6E0 len 00001920 (6 KiB): DRAM[0m
[0;32mI (306) heap_init: At 3FFB3090 len 0002CF70 (179 KiB): DRAM[0m
[0;32mI (312) heap_init: At 3FFE0440 len 00003AE0 (14 KiB): D/IRAM[0m
[0;32mI (318) heap_init: At 3FFE4350 len 0001BCB0 (111 KiB): D/IRAM[0m
[0;32mI (325) heap_init: At 4008DDB8 len 00012248 (72 KiB): IRAM[0m
[0;32mI (333) spi_flash: detected chip: generic[0m
[0;32mI (336) spi_flash: flash io: dio[0m
[0;33mW (340) spi_flash: Detected size(4096k) larger than the size in the binary image header(2048k). Using the size in the binary image header.[0m
[0;33mW (353) i2c: This driver is an old driver, please migrate your application code to adapt `driver/i2c_master.h`[0m
[0;33mW (363) ADC: legacy driver is deprecated, please migrate to `esp_adc/adc_oneshot.h`[0m
[0;32mI (372) app_start: Starting scheduler on CPU0[0m
[0;32mI (377) app_start: Starting scheduler on CPU1[0m
[0;32mI (377) main_task: Started on CPU0[0m
[0;32mI (387) main_task: Calling app_main()[0m

>> i2c Config
- parameters: ok
- initialized: yes

>> I2C scanning ...
- Device found at address: 0x62
- Device found at address: 0x70

>> Polling LIDAR
[0;32mI (417) example: Install capture timer[0m
[0;32mI (417) example: Install capture channel[0m
[0;32mI (417) gpio: GPIO[26]| InputEn: 1| OutputEn: 0| OpenDrain: 0| Pullup: 1| Pulldown: 0| Intr:0 [0m
[0;32mI (427) example: Register capture callback[0m
[0;32mI (437) example: Enable capture channel[0m
[0;32mI (437) example: Configure Trig pin[0m
[0;32mI (447) gpio: GPIO[25]| InputEn: 0| OutputEn: 1| OpenDrain: 0| Pullup: 0| Pulldown: 0| Intr:0 [0m
[0;32mI (457) example: Enable and start capture timer[0m
[0;32mI (457) example: Install capture timer[0m
[0;32mI (467) example: Install capture channel[0m
[0;32mI (467) gpio: GPIO[36]| InputEn: 1| OutputEn: 0| OpenDrain: 0| Pullup: 1| Pulldown: 0| Intr:0 [0m
[0;32mI (477) example: Register capture callback[0m
[0;32mI (477) example: Enable capture channel[0m
[0;32mI (487) example: Configure Trig pin[0m
[0;32mI (487) gpio: GPIO[4]| InputEn: 0| OutputEn: 1| OpenDrain: 0| Pullup: 0| Pulldown: 0| Intr:0 [0m
[0;32mI (497) example: Enable and start capture timer[0m
[0;32mI (507) example: Create timer and
assert failed: tcpip_send_msg_wait_sem /IDF/components/lwip/lwip/src/api/tcpip.c:449 (Invalid mbox)


Backtrace: 0x4008185a:0x3ffc1370 0x40086dfd:0x3ffc1390 0x4008c879:0x3ffc13b0 0x400e181f:0x3ffc14d0 0x400ec3ed:0x3ffc1500 0x400ec475:0x3ffc1520 0x400e1682:0x3ffc1570 0x400d72fb:0x3ffc1590 0x40089769:0x3ffc1680




ELF file SHA256: 5634072a2

Rebooting...
[0;32mI (13) boot: ESP-IDF v5.2-dev-2590-g62ee4135e0-dirty 2nd stage bootloader[0m
[0;32mI (13) boot: compile time Nov 10 2023 03:53:26[0m
[0;32mI (14) boot: Multicore bootloader[0m
[0;32mI (18) boot: chip revision: v3.0[0m
[0;32mI (22) boot.esp32: SPI Speed      : 40MHz[0m
[0;32mI (27) boot.esp32: SPI Mode       : DIO[0m
[0;32mI (31) boot.esp32: SPI Flash Size : 2MB[0m
[0;32mI (36) boot: Enabling RNG early entropy source...[0m
[0;32mI (41) boot: Partition Table:[0m
[0;32mI (45) boot: ## Label            Usage          Type ST Offset   Length[0m
[0;32mI (52) boot:  0 nvs              WiFi data        01 02 00009000 00006000[0m
[0;32mI (60) boot:  1 phy_init         RF data          01 01 0000f000 00001000[0m
[0;32mI (67) boot:  2 factory          factory app      00 00 00010000 00100000[0m
[0;32mI (75) boot: End of partition table[0m
[0;32mI (79) esp_image: segment 0: paddr=00010020 vaddr=3f400020 size=11334h ( 70452) map[0m
[0;32mI (113) esp_image: segment 1: paddr=0002135c vaddr=3ffb0000 size=02178h (  8568) load[0m
[0;32mI (116) esp_image: segment 2: paddr=000234dc vaddr=40080000 size=0cb3ch ( 52028) load[0m
[0;32mI (140) esp_image: segment 3: paddr=00030020 vaddr=400d0020 size=2aee8h (175848) map[0m
[0;32mI (204) esp_image: segment 4: paddr=0005af10 vaddr=4008cb3c size=0127ch (  4732) load[0m
[0;32mI (213) boot: Loaded app from partition at offset 0x10000[0m
[0;32mI (213) boot: Disabling RNG early entropy source...[0m
[0;32mI (226) cpu_start: Multicore app[0m
[0;32mI (227) cpu_start: Pro cpu up.[0m
[0;32mI (227) cpu_start: Starting app cpu, entry point is 0x40081254[0m
[0;32mI (223) cpu_start: App cpu up.[0m
[0;32mI (245) cpu_start: Pro cpu start user code[0m
[0;32mI (245) cpu_start: cpu freq: 160000000 Hz[0m
[0;32mI (245) cpu_start: Application information:[0m
[0;32mI (250) cpu_start: Project name:     blink[0m
[0;32mI (254) cpu_start: App version:      7acd246-dirty[0m
[0;32mI (260) cpu_start: Compile time:     Nov 10 2023 04:15:59[0m
[0;32mI (266) cpu_start: ELF file SHA256:  5634072a2...[0m
[0;32mI (271) cpu_start: ESP-IDF:          v5.2-dev-2590-g62ee4135e0-dirty[0m
[0;32mI (278) cpu_start: Min chip rev:     v0.0[0m
[0;32mI (283) cpu_start: Max chip rev:     v3.99 [0m
[0;32mI (288) cpu_start: Chip rev:         v3.0[0m
[0;32mI (293) heap_init: Initializing. RAM available for dynamic allocation:[0m
[0;32mI (300) heap_init: At 3FFAE6E0 len 00001920 (6 KiB): DRAM[0m
[0;32mI (306) heap_init: At 3FFB3090 len 0002CF70 (179 KiB): DRAM[0m
[0;32mI (312) heap_init: At 3FFE0440 len 00003AE0 (14 KiB): D/IRAM[0m
[0;32mI (318) heap_init: At 3FFE4350 len 0001BCB0 (111 KiB): D/IRAM[0m
[0;32mI (325) heap_init: At 4008DDB8 len 00012248 (72 KiB): IRAM[0m
[0;32mI (333) spi_flash: detected chip: generic[0m
[0;32mI (336) spi_flash: flash io: dio[0m
[0;33mW (340) spi_flash: Detected size(4096k) larger than the size in the binary image header(2048k). Using the size in the binary image header.[0m
[0;33mW (353) i2c: This driver is an old driver, please migrate your application code to adapt `driver/i2c_master.h`[0m
[0;33mW (363) ADC: legacy driver is deprecated, please migrate to `esp_adc/adc_oneshot.h`[0m
[0;32mI (372) app_start: Starting scheduler on CPU0[0m
[0;32mI (377) app_start: Starting scheduler on CPU1[0m
[0;32mI (377) main_task: Started on CPU0[0m
[0;32mI (387) main_task: Calling app_main()[0m

>> i2c Config
- parameters: ok
- initialized: yes

>> I2C scanning ...
- Device found at address: 0x62
- Device found at address: 0x70

>> Polling LIDAR
[0;32mI (417) example: Install capture timer[0m
[0;32mI (417) example: Install capture channel[0m
[0;32mI (417) gpio: GPIO[26]| InputEn: 1| OutputEn: 0| OpenDrain: 0| Pullup: 1| Pulldown: 0| Intr:0 [0m
[0;32mI (427) example: Register capture callback[0m
[0;32mI (437) example: Enable capture channel[0m
[0;32mI (437) example: Configure Trig pin[0m
[0;32mI (447) gpio: GPIO[25]| InputEn: 0| OutputEn: 1| OpenDrain: 0| Pullup: 0| Pulldown: 0| Intr:0 [0m
[0;32mI (457) example: Enable and start capture timer[0m
[0;32mI (457) example: Install capture timer[0m
[0;32mI (467) example: Install capture channel[0m
[0;32mI (467) gpio: GPIO[36]| InputEn: 1| OutputEn: 0| OpenDrain: 0| Pullup: 1| Pulldown: 0| Intr:0 [0m
[0;32mI (477) example: Register capture callback[0m
[0;32mI (477) example: Enable capture channel[0m
[0;32mI (487) example: Configure Trig pin[0m
[0;32mI (487) gpio: GPIO[4]| InputEn: 0| OutputEn: 1| OpenDrain: 0| Pullup: 0| Pulldown: 0| Intr:0 [0m
[0;32mI (497) example: Enable and start capture timer[0m
[0;32mI (507) example: Create timer and operato
assert failed: tcpip_send_msg_wait_sem /IDF/components/lwip/lwip/src/api/tcpip.c:449 (Invalid mbox)


Backtrace: 0x4008185a:0x3ffc1370 0x40086dfd:0x3ffc1390 0x4008c879:0x3ffc13b0 0x400e181f:0x3ffc14d0 0x400ec3ed:0x3ffc1500 0x400ec475:0x3ffc1520 0x400e1682:0x3ffc1570 0x400d72fb:0x3ffc1590 0x40089769:0x3ffc1680




ELF file SHA256: 5634072a2

Rebooting...
[0;32mI (13) boot: ESP-IDF v5.2-dev-2590-g62ee4135e0-dirty 2nd stage bootloader[0m
[0;32mI (13) boot: compile time Nov 10 2023 03:53:26[0m
[0;32mI (14) boot: Multicore bootloader[0m
[0;32mI (18) boot: chip revision: v3.0[0m
[0;32mI (22) boot.esp32: SPI Speed      : 40MHz[0m
[0;32mI (27) boot.esp32: SPI Mode       : DIO[0m
[0;32mI (31) boot.esp32: SPI Flash Size : 2MB[0m
[0;32mI (36) boot: Enabling RNG early entropy source...[0m
[0;32mI (41) boot: Partition Table:[0m
[0;32mI (45) boot: ## Label            Usage          Type ST Offset   Length[0m
[0;32mI (52) boot:  0 nvs              WiFi data        01 02 00009000 00006000[0m
[0;32mI (60) boot:  1 phy_init         RF data          01 01 0000f000 00001000[0m
[0;32mI (67) boot:  2 factory          factory app      00 00 00010000 00100000[0m
[0;32mI (75) boot: End of partition table[0m
[0;32mI (79) esp_image: segment 0: paddr=00010020 vaddr=3f400020 size=11334h ( 70452) map[0m
[0;32mI (113) esp_image: segment 1: paddr=0002135c vaddr=3ffb0000 size=02178h (  8568) load[0m
[0;32mI (116) esp_image: segment 2: paddr=000234dc vaddr=40080000 size=0cb3ch ( 52028) load[0m
[0;32mI (140) esp_image: segment 3: paddr=00030020 vaddr=400d0020 size=2aee8h (175848) map[0m
[0;32mI (204) esp_image: segment 4: paddr=0005af10 vaddr=4008cb3c size=0127ch (  4732) load[0m
[0;32mI (213) boot: Loaded app from partition at offset 0x10000[0m
[0;32mI (213) boot: Disabling RNG early entropy source...[0m
[0;32mI (226) cpu_start: Multicore app[0m
[0;32mI (227) cpu_start: Pro cpu up.[0m
[0;32mI (227) cpu_start: Starting app cpu, entry point is 0x40081254[0m
[0;32mI (223) cpu_start: App cpu up.[0m
[0;32mI (245) cpu_start: Pro cpu start user code[0m
[0;32mI (245) cpu_start: cpu freq: 160000000 Hz[0m
[0;32mI (245) cpu_start: Application information:[0m
[0;32mI (250) cpu_start: Project name:     blink[0m
[0;32mI (254) cpu_start: App version:      7acd246-dirty[0m
[0;32mI (260) cpu_start: Compile time:     Nov 10 2023 04:15:59[0m
[0;32mI (266) cpu_start: ELF file SHA256:  5634072a2...[0m
[0;32mI (271) cpu_start: ESP-IDF:          v5.2-dev-2590-g62ee4135e0-dirty[0m
[0;32mI (278) cpu_start: Min chip rev:     v0.0[0m
[0;32mI (283) cpu_start: Max chip rev:     v3.99 [0m
[0;32mI (288) cpu_start: Chip rev:         v3.0[0m
[0;32mI (293) heap_init: Initializing. RAM available for dynamic allocation:[0m
[0;32mI (300) heap_init: At 3FFAE6E0 len 00001920 (6 KiB): DRAM[0m
[0;32mI (306) heap_init: At 3FFB3090 len 0002CF70 (179 KiB): DRAM[0m
[0;32mI (312) heap_init: At 3FFE0440 len 00003AE0 (14 KiB): D/IRAM[0m
[0;32mI (318) heap_init: At 3FFE4350 len 0001BCB0 (111 KiB): D/IRAM[0m
[0;32mI (325) heap_init: At 4008DDB8 len 00012248 (72 KiB): IRAM[0m
[0;32mI (333) spi_flash: detected chip: generic[0m
[0;32mI (336) spi_flash: flash io: dio[0m
[0;33mW (340) spi_flash: Detected size(4096k) larger than the size in the binary image header(2048k). Using the size in the binary image header.[0m
[0;33mW (353) i2c: This driver is an old driver, please migrate your application code to adapt `driver/i2c_master.h`[0m
[0;33mW (363) ADC: legacy driver is deprecated, please migrate to `esp_adc/adc_oneshot.h`[0m
[0;32mI (372) app_start: Starting scheduler on CPU0[0m
[0;32mI (377) app_start: Starting scheduler on CPU1[0m
[0;32mI (377) main_task: Started on CPU0[0m
[0;32mI (387) main_task: Calling app_main()[0m

>> i2c Config
- parameters: ok
- initialized: yes

>> I2C scanning ...
- Device found at address: 0x62
- Device found at address: 0x70

>> Polling LIDAR
[0;32mI (417) example: Install capture timer[0m
[0;32mI (417) example: Install capture channel[0m
[0;32mI (417) gpio: GPIO[26]| InputEn: 1| OutputEn: 0| OpenDrain: 0| Pullup: 1| Pulldown: 0| Intr:0 [0m
[0;32mI (427) example: Register capture callback[0m
[0;32mI (437) example: Enable capture channel[0m
[0;32mI (437) example: Configure Trig pin[0m
[0;32mI (447) gpio: GPIO[25]| InputEn: 0| OutputEn: 1| OpenDrain: 0| Pullup: 0| Pulldown: 0| Intr:0 [0m
[0;32mI (457) example: Enable and start capture timer[0m
[0;32mI (457) example: Install capture timer[0m
[0;32mI (467) example: Install capture channel[0m
[0;32mI (467) gpio: GPIO[36]| InputEn: 1| OutputEn: 0| OpenDrain: 0| Pullup: 1| Pulldown: 0| Intr:0 [0m
[0;32mI (477) example: Register capture callback[0m
[0;32mI (477) example: Enable capture channel[0m
[0;32mI (487) example: Configure Trig pin[0m
[0;32mI (487) gpio: GPIO[4]| InputEn: 0| OutputEn: 1| OpenDrain: 0| Pullup: 0| Pulldown: 0| Intr:0 [0m
[0;32mI (497) example: Enable and start capture timer[0m
[0;32mI (507) example: Create timer and
assert failed: tcpip_send_msg_wait_sem /IDF/components/lwip/lwip/src/api/tcpip.c:449 (Invalid mbox)


Backtrace: 0x4008185a:0x3ffc1370 0x40086dfd:0x3ffc1390 0x4008c879:0x3ffc13b0 0x400e181f:0x3ffc14d0 0x400ec3ed:0x3ffc1500 0x400ec475:0x3ffc1520 0x400e1682:0x3ffc1570 0x400d72fb:0x3ffc1590 0x40089769:0x3ffc1680




ELF file SHA256: 5634072a2

Rebooting...
[0;32mI (13) boot: ESP-IDF v5.2-dev-2590-g62ee4135e0-dirty 2nd stage bootloader[0m
[0;32mI (13) boot: compile time Nov 10 2023 03:53:26[0m
[0;32mI (14) boot: Multicore bootloader[0m
[0;32mI (18) boot: chip revision: v3.0[0m
[0;32mI (22) boot.esp32: SPI Speed      : 40MHz[0m
[0;32mI (27) boot.esp32: SPI Mode       : DIO[0m
[0;32mI (31) boot.esp32: SPI Flash Size : 2MB[0m
[0;32mI (36) boot: Enabling RNG early entropy source...[0m
[0;32mI (41) boot: Partition Table:[0m
[0;32mI (45) boot: ## Label            Usage          Type ST Offset   Length[0m
[0;32mI (52) boot:  0 nvs              WiFi data        01 02 00009000 00006000[0m
[0;32mI (60) boot:  1 phy_init         RF data          01 01 0000f000 00001000[0m
[0;32mI (67) boot:  2 factory          factory app      00 00 00010000 00100000[0m
[0;32mI (75) boot: End of partition table[0m
[0;32mI (79) esp_image: segment 0: paddr=00010020 vaddr=3f400020 size=11334h ( 70452) map[0m
[0;32mI (113) esp_image: segment 1: paddr=0002135c vaddr=3ffb0000 size=02178h (  8568) load[0m
[0;32mI (116) esp_image: segment 2: paddr=000234dc vaddr=40080000 size=0cb3ch ( 52028) load[0m
[0;32mI (140) esp_image: segment 3: paddr=00030020 vaddr=400d0020 size=2aee8h (175848) map[0m
[0;32mI (204) esp_image: segment 4: paddr=0005af10 vaddr=4008cb3c size=0127ch (  4732) load[0m
[0;32mI (213) boot: Loaded app from partition at offset 0x10000[0m
[0;32mI (213) boot: Disabling RNG early entropy source...[0m
[0;32mI (226) cpu_start: Multicore app[0m
[0;32mI (227) cpu_start: Pro cpu up.[0m
[0;32mI (227) cpu_start: Starting app cpu, entry point is 0x40081254[0m
[0;32mI (223) cpu_start: App cpu up.[0m
[0;32mI (245) cpu_start: Pro cpu start user code[0m
[0;32mI (245) cpu_start: cpu freq: 160000000 Hz[0m
[0;32mI (245) cpu_start: Application information:[0m
[0;32mI (250) cpu_start: Project name:     blink[0m
[0;32mI (254) cpu_start: App version:      7acd246-dirty[0m
[0;32mI (260) cpu_start: Compile time:     Nov 10 2023 04:15:59[0m
[0;32mI (266) cpu_start: ELF file SHA256:  5634072a2...[0m
[0;32mI (271) cpu_start: ESP-IDF:          v5.2-dev-2590-g62ee4135e0-dirty[0m
[0;32mI (278) cpu_start: Min chip rev:     v0.0[0m
[0;32mI (283) cpu_start: Max chip rev:     v3.99 [0m
[0;32mI (288) cpu_start: Chip rev:         v3.0[0m
[0;32mI (293) heap_init: Initializing. RAM available for dynamic allocation:[0m
[0;32mI (300) heap_init: At 3FFAE6E0 len 00001920 (6 KiB): DRAM[0m
[0;32mI (306) heap_init: At 3FFB3090 len 0002CF70 (179 KiB): DRAM[0m
[0;32mI (312) heap_init: At 3FFE0440 len 00003AE0 (14 KiB): D/IRAM[0m
[0;32mI (318) heap_init: At 3FFE4350 len 0001BCB0 (111 KiB): D/IRAM[0m
[0;32mI (325) heap_init: At 4008DDB8 len 00012248 (72 KiB): IRAM[0m
[0;32mI (333) spi_flash: detected chip: generic[0m
[0;32mI (336) spi_flash: flash io: dio[0m
[0;33mW (340) spi_flash: Detected size(4096k) larger than the size in the binary image header(2048k). Using the size in the binary image header.[0m
[0;33mW (353) i2c: This driver is an old driver, please migrate your application code to adapt `driver/i2c_master.h`[0m
[0;33mW (363) ADC: legacy driver is deprecated, please migrate to `esp_adc/adc_oneshot.h`[0m
[0;32mI (372) app_start: Starting scheduler on CPU0[0m
[0;32mI (377) app_start: Starting scheduler on CPU1[0m
[0;32mI (377) main_task: Started on CPU0[0m
[0;32mI (387) main_task: Calling app_main()[0m

>> i2c Config
- parameters: ok
- initialized: yes

>> I2C scanning ...
- Device found at address: 0x62
- Device found at address: 0x70

>> Polling LIDAR
[0;32mI (417) example: Install capture timer[0m
[0;32mI (417) example: Install capture channel[0m
[0;32mI (417) gpio: GPIO[26]| InputEn: 1| OutputEn: 0| OpenDrain: 0| Pullup: 1| Pulldown: 0| Intr:0 [0m
[0;32mI (427) example: Register capture callback[0m
[0;32mI (437) example: Enable capture channel[0m
[0;32mI (437) example: Configure Trig pin[0m
[0;32mI (447) gpio: GPIO[25]| InputEn: 0| OutputEn: 1| OpenDrain: 0| Pullup: 0| Pulldown: 0| Intr:0 [0m
[0;32mI (457) example: Enable and start capture timer[0m
[0;32mI (457) example: Install capture timer[0m
[0;32mI (467) example: Install capture channel[0m
[0;32mI (467) gpio: GPIO[36]| InputEn: 1| OutputEn: 0| OpenDrain: 0| Pullup: 1| Pulldown: 0| Intr:0 [0m
[0;32mI (477) example: Register capture callback[0m
[0;32mI (477) example: Enable capture channel[0m
[0;32mI (487) example: Configure Trig pin[0m
[0;32mI (487) gpio: GPIO[4]| InputEn: 0| OutputEn: 1| OpenDrain: 0| Pullup: 0| Pulldown: 0| Intr:0 [0m
[0;32mI (497) example: Enable and start capture timer[0m
[0;32mI (507) example: Create timer and o
assert failed: tcpip_send_msg_wait_sem /IDF/components/lwip/lwip/src/api/tcpip.c:449 (Invalid mbox)


Backtrace: 0x4008185a:0x3ffc1370 0x40086dfd:0x3ffc1390 0x4008c879:0x3ffc13b0 0x400e181f:0x3ffc14d0 0x400ec3ed:0x3ffc1500 0x400ec475:0x3ffc1520 0x400e1682:0x3ffc1570 0x400d72fb:0x3ffc1590 0x40089769:0x3ffc1680




ELF file SHA256: 5634072a2

Rebooting...
[0;32mI (13) boot: ESP-IDF v5.2-dev-2590-g62ee4135e0-dirty 2nd stage bootloader[0m
[0;32mI (13) boot: compile time Nov 10 2023 03:53:26[0m
[0;32mI (14) boot: Multicore bootloader[0m
[0;32mI (18) boot: chip revision: v3.0[0m
[0;32mI (22) boot.esp32: SPI Speed      : 40MHz[0m
[0;32mI (27) boot.esp32: SPI Mode       : DIO[0m
[0;32mI (31) boot.esp32: SPI Flash Size : 2MB[0m
[0;32mI (36) boot: Enabling RNG early entropy source...[0m
[0;32mI (41) boot: Partition Table:[0m
[0;32mI (45) boot: ## Label            Usage          Type ST Offset   Length[0m
[0;32mI (52) boot:  0 nvs              WiFi data        01 02 00009000 00006000[0m
[0;32mI (60) boot:  1 phy_init         RF data          01 01 0000f000 00001000[0m
[0;32mI (67) boot:  2 factory          factory app      00 00 00010000 00100000[0m
[0;32mI (75) boot: End of partition table[0m
[0;32mI (79) esp_image: segment 0: paddr=00010020 vaddr=3f400020 size=11334h ( 70452) map[0m
[0;32mI (113) esp_image: segment 1: paddr=0002135c vaddr=3ffb0000 size=02178h (  8568) load[0m
[0;32mI (116) esp_image: segment 2: paddr=000234dc vaddr=40080000 size=0cb3ch ( 52028) load[0m
[0;32mI (140) esp_image: segment 3: paddr=00030020 vaddr=400d0020 size=2aee8h (175848) map[0m
[0;32mI (204) esp_image: segment 4: paddr=0005af10 vaddr=4008cb3c size=0127ch (  4732) load[0m
[0;32mI (213) boot: Loaded app from partition at offset 0x10000[0m
[0;32mI (213) boot: Disabling RNG early entropy source...[0m
[0;32mI (226) cpu_start: Multicore app[0m
[0;32mI (227) cpu_start: Pro cpu up.[0m
[0;32mI (227) cpu_start: Starting app cpu, entry point is 0x40081254[0m
[0;32mI (223) cpu_start: App cpu up.[0m
[0;32mI (245) cpu_start: Pro cpu start user code[0m
[0;32mI (245) cpu_start: cpu freq: 160000000 Hz[0m
[0;32mI (245) cpu_start: Application information:[0m
[0;32mI (250) cpu_start: Project name:     blink[0m
[0;32mI (254) cpu_start: App version:      7acd246-dirty[0m
[0;32mI (260) cpu_start: Compile time:     Nov 10 2023 04:15:59[0m
[0;32mI (266) cpu_start: ELF file SHA256:  5634072a2...[0m
[0;32mI (271) cpu_start: ESP-IDF:          v5.2-dev-2590-g62ee4135e0-dirty[0m
[0;32mI (278) cpu_start: Min chip rev:     v0.0[0m
[0;32mI (283) cpu_start: Max chip rev:     v3.99 [0m
[0;32mI (288) cpu_start: Chip rev:         v3.0[0m
[0;32mI (293) heap_init: Initializing. RAM available for dynamic allocation:[0m
[0;32mI (300) heap_init: At 3FFAE6E0 len 00001920 (6 KiB): DRAM[0m
[0;32mI (306) heap_init: At 3FFB3090 len 0002CF70 (179 KiB): DRAM[0m
[0;32mI (312) heap_init: At 3FFE0440 len 00003AE0 (14 KiB): D/IRAM[0m
[0;32mI (318) heap_init: At 3FFE4350 len 0001BCB0 (111 KiB): D/IRAM[0m
[0;32mI (325) heap_init: At 4008DDB8 len 00012248 (72 KiB): IRAM[0m
[0;32mI (333) spi_flash: detected chip: generic[0m
[0;32mI (336) spi_flash: flash io: dio[0m
[0;33mW (340) spi_flash: Detected size(4096k) larger than the size in the binary image header(2048k). Using the size in the binary image header.[0m
[0;33mW (353) i2c: This driver is an old driver, please migrate your application code to adapt `driver/i2c_master.h`[0m
[0;33mW (363) ADC: legacy driver is deprecated, please migrate to `esp_adc/adc_oneshot.h`[0m
[0;32mI (372) app_start: Starting scheduler on CPU0[0m
[0;32mI (377) app_start: Starting scheduler on CPU1[0m
[0;32mI (377) main_task: Started on CPU0[0m
[0;32mI (387) main_task: Calling app_main()[0m

>> i2c Config
- parameters: ok
- initialized: yes

>> I2C scanning ...
- Device found at address: 0x62
- Device found at address: 0x70

>> Polling LIDAR
[0;32mI (417) example: Install capture timer[0m
[0;32mI (417) example: Install capture channel[0m
[0;32mI (417) gpio: GPIO[26]| InputEn: 1| OutputEn: 0| OpenDrain: 0| Pullup: 1| Pulldown: 0| Intr:0 [0m
[0;32mI (427) example: Register capture callback[0m
[0;32mI (437) example: Enable capture channel[0m
[0;32mI (437) example: Configure Trig pin[0m
[0;32mI (447) gpio: GPIO[25]| InputEn: 0| OutputEn: 1| OpenDrain: 0| Pullup: 0| Pulldown: 0| Intr:0 [0m
[0;32mI (457) example: Enable and start capture timer[0m
[0;32mI (457) example: Install capture timer[0m
[0;32mI (467) example: Install capture channel[0m
[0;32mI (467) gpio: GPIO[36]| InputEn: 1| OutputEn: 0| OpenDrain: 0| Pullup: 1| Pulldown: 0| Intr:0 [0m
[0;32mI (477) example: Register capture callback[0m
[0;32mI (477) example: Enable capture channel[0m
[0;32mI (487) example: Configure Trig pin[0m
[0;32mI (487) gpio: GPIO[4]| InputEn: 0| OutputEn: 1| OpenDrain: 0| Pullup: 0| Pulldown: 0| Intr:0 [0m
[0;32mI (497) example: Enable and start capture timer[0m
[0;32mI (507) example: Create timer and 
assert failed: tcpip_send_msg_wait_sem /IDF/components/lwip/lwip/src/api/tcpip.c:449 (Invalid mbox)


Backtrace: 0x4008185a:0x3ffc1370 0x40086dfd:0x3ffc1390 0x4008c879:0x3ffc13b0 0x400e181f:0x3ffc14d0 0x400ec3ed:0x3ffc1500 0x400ec475:0x3ffc1520 0x400e1682:0x3ffc1570 0x400d72fb:0x3ffc1590 0x40089769:0x3ffc1680




ELF file SHA256: 5634072a2

Rebooting...
[0;32mI (13) boot: ESP-IDF v5.2-dev-2590-g62ee4135e0-dirty 2nd stage bootloader[0m
[0;32mI (13) boot: compile time Nov 10 2023 03:53:26[0m
[0;32mI (14) boot: Multicore bootloader[0m
[0;32mI (18) boot: chip revision: v3.0[0m
[0;32mI (22) boot.esp32: SPI Speed      : 40MHz[0m
[0;32mI (27) boot.esp32: SPI Mode       : DIO[0m
[0;32mI (31) boot.esp32: SPI Flash Size : 2MB[0m
[0;32mI (36) boot: Enabling RNG early entropy source...[0m
[0;32mI (41) boot: Partition Table:[0m
[0;32mI (45) boot: ## Label            Usage          Type ST Offset   Length[0m
[0;32mI (52) boot:  0 nvs              WiFi data        01 02 00009000 00006000[0m
[0;32mI (60) boot:  1 phy_init         RF data          01 01 0000f000 00001000[0m
[0;32mI (67) boot:  2 factory          factory app      00 00 00010000 00100000[0m
[0;32mI (75) boot: End of partition table[0m
[0;32mI (79) esp_image: segment 0: paddr=00010020 vaddr=3f400020 size=11334h ( 70452) map[0m
[0;32mI (113) esp_image: segment 1: paddr=0002135c vaddr=3ffb0000 size=02178h (  8568) load[0m
[0;32mI (116) esp_image: segment 2: paddr=000234dc vaddr=40080000 size=0cb3ch ( 52028) load[0m
[0;32mI (140) esp_image: segment 3: paddr=00030020 vaddr=400d0020 size=2aee8h (175848) map[0m
[0;32mI (204) esp_image: segment 4: paddr=0005af10 vaddr=4008cb3c size=0127ch (  4732) load[0m
[0;32mI (213) boot: Loaded app from partition at offset 0x10000[0m
[0;32mI (213) boot: Disabling RNG early entropy source...[0m
[0;32mI (226) cpu_start: Multicore app[0m
[0;32mI (227) cpu_start: Pro cpu up.[0m
[0;32mI (227) cpu_start: Starting app cpu, entry point is 0x40081254[0m
[0;32mI (223) cpu_start: App cpu up.[0m
[0;32mI (245) cpu_start: Pro cpu start user code[0m
[0;32mI (245) cpu_start: cpu freq: 160000000 Hz[0m
[0;32mI (245) cpu_start: Application information:[0m
[0;32mI (250) cpu_start: Project name:     blink[0m
[0;32mI (254) cpu_start: App version:      7acd246-dirty[0m
[0;32mI (260) cpu_start: Compile time:     Nov 10 2023 04:15:59[0m
[0;32mI (266) cpu_start: ELF file SHA256:  5634072a2...[0m
[0;32mI (271) cpu_start: ESP-IDF:          v5.2-dev-2590-g62ee4135e0-dirty[0m
[0;32mI (278) cpu_start: Min chip rev:     v0.0[0m
[0;32mI (283) cpu_start: Max chip rev:     v3.99 [0m
[0;32mI (288) cpu_start: Chip rev:         v3.0[0m
[0;32mI (293) heap_init: Initializing. RAM available for dynamic allocation:[0m
[0;32mI (300) heap_init: At 3FFAE6E0 len 00001920 (6 KiB): DRAM[0m
[0;32mI (306) heap_init: At 3FFB3090 len 0002CF70 (179 KiB): DRAM[0m
[0;32mI (312) heap_init: At 3FFE0440 len 00003AE0 (14 KiB): D/IRAM[0m
[0;32mI (318) heap_init: At 3FFE4350 len 0001BCB0 (111 KiB): D/IRAM[0m
[0;32mI (325) heap_init: At 4008DDB8 len 00012248 (72 KiB): IRAM[0m
[0;32mI (333) spi_flash: detected chip: generic[0m
[0;32mI (336) spi_flash: flash io: dio[0m
[0;33mW (340) spi_flash: Detected size(4096k) larger than the size in the binary image header(2048k). Using the size in the binary image header.[0m
[0;33mW (353) i2c: This driver is an old driver, please migrate your application code to adapt `driver/i2c_master.h`[0m
[0;33mW (363) ADC: legacy driver is deprecated, please migrate to `esp_adc/adc_oneshot.h`[0m
[0;32mI (372) app_start: Starting scheduler on CPU0[0m
[0;32mI (377) app_start: Starting scheduler on CPU1[0m
[0;32mI (377) main_task: Started on CPU0[0m
[0;32mI (387) main_task: Calling app_main()[0m

>> i2c Config
- parameters: ok
- initialized: yes

>> I2C scanning ...
- Device found at address: 0x62
- Device found at address: 0x70

>> Polling LIDAR
[0;32mI (417) example: Install capture timer[0m
[0;32mI (417) example: Install capture channel[0m
[0;32mI (417) gpio: GPIO[26]| InputEn: 1| OutputEn: 0| OpenDrain: 0| Pullup: 1| Pulldown: 0| Intr:0 [0m
[0;32mI (427) example: Register capture callback[0m
[0;32mI (437) example: Enable capture channel[0m
[0;32mI (437) example: Configure Trig pin[0m
[0;32mI (447) gpio: GPIO[25]| InputEn: 0| OutputEn: 1| OpenDrain: 0| Pullup: 0| Pulldown: 0| Intr:0 [0m
[0;32mI (457) example: Enable and start capture timer[0m
[0;32mI (457) example: Install capture timer[0m
[0;32mI (467) example: Install capture channel[0m
[0;32mI (467) gpio: GPIO[36]| InputEn: 1| OutputEn: 0| OpenDrain: 0| Pullup: 1| Pulldown: 0| Intr:0 [0m
[0;32mI (477) example: Register capture callback[0m
[0;32mI (477) example: Enable capture channel[0m
[0;32mI (487) example: Configure Trig pin[0m
[0;32mI (487) gpio: GPIO[4]| InputEn: 0| OutputEn: 1| OpenDrain: 0| Pullup: 0| Pulldown: 0| Intr:0 [0m
[0;32mI (497) example: Enable and start capture timer[0m
[0;32mI (507) example: Create timer and 
assert failed: tcpip_send_msg_wait_sem /IDF/components/lwip/lwip/src/api/tcpip.c:449 (Invalid mbox)


Backtrace: 0x4008185a:0x3ffc1370 0x40086dfd:0x3ffc1390 0x4008c879:0x3ffc13b0 0x400e181f:0x3ffc14d0 0x400ec3ed:0x3ffc1500 0x400ec475:0x3ffc1520 0x400e1682:0x3ffc1570 0x400d72fb:0x3ffc1590 0x40089769:0x3ffc1680




ELF file SHA256: 5634072a2

Rebooting...
[0;32mI (13) boot: ESP-IDF v5.2-dev-2590-g62ee4135e0-dirty 2nd stage bootloader[0m
[0;32mI (13) boot: compile time Nov 10 2023 03:53:26[0m
[0;32mI (14) boot: Multicore bootloader[0m
[0;32mI (18) boot: chip revision: v3.0[0m
[0;32mI (22) boot.esp32: SPI Speed      : 40MHz[0m
[0;32mI (27) boot.esp32: SPI Mode       : DIO[0m
[0;32mI (31) boot.esp32: SPI Flash Size : 2MB[0m
[0;32mI (36) boot: Enabling RNG early entropy source...[0m
[0;32mI (41) boot: Partition Table:[0m
[0;32mI (45) boot: ## Label            Usage          Type ST Offset   Length[0m
[0;32mI (52) boot:  0 nvs              WiFi data        01 02 00009000 00006000[0m
[0;32mI (60) boot:  1 phy_init         RF data          01 01 0000f000 00001000[0m
[0;32mI (67) boot:  2 factory          factory app      00 00 00010000 00100000[0m
[0;32mI (75) boot: End of partition table[0m
[0;32mI (79) esp_image: segment 0: paddr=00010020 vaddr=3f400020 size=11334h ( 70452) map[0m
[0;32mI (113) esp_image: segment 1: paddr=0002135c vaddr=3ffb0000 size=02178h (  8568) load[0m
[0;32mI (116) esp_image: segment 2: paddr=000234dc vaddr=40080000 size=0cb3ch ( 52028) load[0m
[0;32mI (140) esp_image: segment 3: paddr=00030020 vaddr=400d0020 size=2aee8h (175848) map[0m
[0;32mI (204) esp_image: segment 4: paddr=0005af10 vaddr=4008cb3c size=0127ch (  4732) load[0m
[0;32mI (213) boot: Loaded app from partition at offset 0x10000[0m
[0;32mI (213) boot: Disabling RNG early entropy source...[0m
[0;32mI (226) cpu_start: Multicore app[0m
[0;32mI (227) cpu_start: Pro cpu up.[0m
[0;32mI (227) cpu_start: Starting app cpu, entry point is 0x40081254[0m
[0;32mI (223) cpu_start: App cpu up.[0m
[0;32mI (245) cpu_start: Pro cpu start user code[0m
[0;32mI (245) cpu_start: cpu freq: 160000000 Hz[0m
[0;32mI (245) cpu_start: Application information:[0m
[0;32mI (250) cpu_start: Project name:     blink[0m
[0;32mI (254) cpu_start: App version:      7acd246-dirty[0m
[0;32mI (260) cpu_start: Compile time:     Nov 10 2023 04:15:59[0m
[0;32mI (266) cpu_start: ELF file SHA256:  5634072a2...[0m
[0;32mI (271) cpu_start: ESP-IDF:          v5.2-dev-2590-g62ee4135e0-dirty[0m
[0;32mI (278) cpu_start: Min chip rev:     v0.0[0m
[0;32mI (283) cpu_start: Max chip rev:     v3.99 [0m
[0;32mI (288) cpu_start: Chip rev:         v3.0[0m
[0;32mI (293) heap_init: Initializing. RAM available for dynamic allocation:[0m
[0;32mI (300) heap_init: At 3FFAE6E0 len 00001920 (6 KiB): DRAM[0m
[0;32mI (306) heap_init: At 3FFB3090 len 0002CF70 (179 KiB): DRAM[0m
[0;32mI (312) heap_init: At 3FFE0440 len 00003AE0 (14 KiB): D/IRAM[0m
[0;32mI (318) heap_init: At 3FFE4350 len 0001BCB0 (111 KiB): D/IRAM[0m
[0;32mI (325) heap_init: At 4008DDB8 len 00012248 (72 KiB): IRAM[0m
[0;32mI (333) spi_flash: detected chip: generic[0m
[0;32mI (336) spi_flash: flash io: dio[0m
[0;33mW (340) spi_flash: Detected size(4096k) larger than the size in the binary image header(2048k). Using the size in the binary image header.[0m
[0;33mW (353) i2c: This driver is an old driver, please migrate your application code to adapt `driver/i2c_master.h`[0m
[0;33mW (363) ADC: legacy driver is deprecated, please migrate to `esp_adc/adc_oneshot.h`[0m
[0;32mI (372) app_start: Starting scheduler on CPU0[0m
[0;32mI (377) app_start: Starting scheduler on CPU1[0m
[0;32mI (377) main_task: Started on CPU0[0m
[0;32mI (387) main_task: Calling app_main()[0m

>> i2c Config
- parameters: ok
- initialized: yes

>> I2C scanning ...
- Device found at address: 0x62
- Device found at address: 0x70

>> Polling LIDAR
[0;32mI (417) example: Install capture timer[0m
[0;32mI (417) example: Install capture channel[0m
[0;32mI (417) gpio: GPIO[26]| InputEn: 1| OutputEn: 0| OpenDrain: 0| Pullup: 1| Pulldown: 0| Intr:0 [0m
[0;32mI (427) example: Register capture callback[0m
[0;32mI (437) example: Enable capture channel[0m
[0;32mI (437) example: Configure Trig pin[0m
[0;32mI (447) gpio: GPIO[25]| InputEn: 0| OutputEn: 1| OpenDrain: 0| Pullup: 0| Pulldown: 0| Intr:0 [0m
[0;32mI (457) example: Enable and start capture timer[0m
[0;32mI (457) example: Install capture timer[0m
[0;32mI (467) example: Install capture channel[0m
[0;32mI (467) gpio: GPIO[36]| InputEn: 1| OutputEn: 0| OpenDrain: 0| Pullup: 1| Pulldown: 0| Intr:0 [0m
[0;32mI (477) example: Register capture callback[0m
[0;32mI (477) example: Enable capture channel[0m
[0;32mI (487) example: Configure Trig pin[0m
[0;32mI (487) gpio: GPIO[4]| InputEn: 0| OutputEn: 1| OpenDrain: 0| Pullup: 0| Pulldown: 0| Intr:0 [0m
[0;32mI (497) example: Enable and start capture timer[0m
[0;32mI (507) example: Create timer and opera
assert failed: tcpip_send_msg_wait_sem /IDF/components/lwip/lwip/src/api/tcpip.c:449 (Invalid mbox)


Backtrace: 0x4008185a:0x3ffc1370 0x40086dfd:0x3ffc1390 0x4008c879:0x3ffc13b0 0x400e181f:0x3ffc14d0 0x400ec3ed:0x3ffc1500 0x400ec475:0x3ffc1520 0x400e1682:0x3ffc1570 0x400d72fb:0x3ffc1590 0x40089769:0x3ffc1680




ELF file SHA256: 5634072a2

Rebooting...
[0;32mI (13) boot: ESP-IDF v5.2-dev-2590-g62ee4135e0-dirty 2nd stage bootloader[0m
[0;32mI (13) boot: compile time Nov 10 2023 03:53:26[0m
[0;32mI (14) boot: Multicore bootloader[0m
[0;32mI (18) boot: chip revision: v3.0[0m
[0;32mI (22) boot.esp32: SPI Speed      : 40MHz[0m
[0;32mI (27) boot.esp32: SPI Mode       : DIO[0m
[0;32mI (31) boot.esp32: SPI Flash Size : 2MB[0m
[0;32mI (36) boot: Enabling RNG early entropy source...[0m
[0;32mI (41) boot: Partition Table:[0m
[0;32mI (45) boot: ## Label            Usage          Type ST Offset   Length[0m
[0;32mI (52) boot:  0 nvs              WiFi data        01 02 00009000 00006000[0m
[0;32mI (60) boot:  1 phy_init         RF data          01 01 0000f000 00001000[0m
[0;32mI (67) boot:  2 factory          factory app      00 00 00010000 00100000[0m
[0;32mI (75) boot: End of partition table[0m
[0;32mI (79) esp_image: segment 0: paddr=00010020 vaddr=3f400020 size=11334h ( 70452) map[0m
[0;32mI (113) esp_image: segment 1: paddr=0002135c vaddr=3ffb0000 size=02178h (  8568) load[0m
[0;32mI (116) esp_image: segment 2: paddr=000234dc vaddr=40080000 size=0cb3ch ( 52028) load[0m
[0;32mI (140) esp_image: segment 3: paddr=00030020 vaddr=400d0020 size=2aee8h (175848) map[0m
[0;32mI (204) esp_image: segment 4: paddr=0005af10 vaddr=4008cb3c size=0127ch (  4732) load[0m
[0;32mI (213) boot: Loaded app from partition at offset 0x10000[0m
[0;32mI (213) boot: Disabling RNG early entropy source...[0m
[0;32mI (226) cpu_start: Multicore app[0m
[0;32mI (227) cpu_start: Pro cpu up.[0m
[0;32mI (227) cpu_start: Starting app cpu, entry point is 0x40081254[0m
[0;32mI (223) cpu_start: App cpu up.[0m
[0;32mI (245) cpu_start: Pro cpu start user code[0m
[0;32mI (245) cpu_start: cpu freq: 160000000 Hz[0m
[0;32mI (245) cpu_start: Application information:[0m
[0;32mI (250) cpu_start: Project name:     blink[0m
[0;32mI (254) cpu_start: App version:      7acd246-dirty[0m
[0;32mI (260) cpu_start: Compile time:     Nov 10 2023 04:15:59[0m
[0;32mI (266) cpu_start: ELF file SHA256:  5634072a2...[0m
[0;32mI (271) cpu_start: ESP-IDF:          v5.2-dev-2590-g62ee4135e0-dirty[0m
[0;32mI (278) cpu_start: Min chip rev:     v0.0[0m
[0;32mI (283) cpu_start: Max chip rev:     v3.99 [0m
[0;32mI (288) cpu_start: Chip rev:         v3.0[0m
[0;32mI (293) heap_init: Initializing. RAM available for dynamic allocation:[0m
[0;32mI (300) heap_init: At 3FFAE6E0 len 00001920 (6 KiB): DRAM[0m
[0;32mI (306) heap_init: At 3FFB3090 len 0002CF70 (179 KiB): DRAM[0m
[0;32mI (312) heap_init: At 3FFE0440 len 00003AE0 (14 KiB): D/IRAM[0m
[0;32mI (318) heap_init: At 3FFE4350 len 0001BCB0 (111 KiB): D/IRAM[0m
[0;32mI (325) heap_init: At 4008DDB8 len 00012248 (72 KiB): IRAM[0m
[0;32mI (333) spi_flash: detected chip: generic[0m
[0;32mI (336) spi_flash: flash io: dio[0m
[0;33mW (340) spi_flash: Detected size(4096k) larger than the size in the binary image header(2048k). Using the size in the binary image header.[0m
[0;33mW (353) i2c: This driver is an old driver, please migrate your application code to adapt `driver/i2c_master.h`[0m
[0;33mW (363) ADC: legacy driver is deprecated, please migrate to `esp_adc/adc_oneshot.h`[0m
[0;32mI (372) app_start: Starting scheduler on CPU0[0m
[0;32mI (377) app_start: Starting scheduler on CPU1[0m
[0;32mI (377) main_task: Started on CPU0[0m
[0;32mI (387) main_task: Calling app_main()[0m

>> i2c Config
- parameters: ok
- initialized: yes

>> I2C scanning ...
- Device found at address: 0x62
- Device found at address: 0x70

>> Polling LIDAR
[0;32mI (417) example: Install capture timer[0m
[0;32mI (417) example: Install capture channel[0m
[0;32mI (417) gpio: GPIO[26]| InputEn: 1| OutputEn: 0| OpenDrain: 0| Pullup: 1| Pulldown: 0| Intr:0 [0m
[0;32mI (427) example: Register capture callback[0m
[0;32mI (437) example: Enable capture channel[0m
[0;32mI (437) example: Configure Trig pin[0m
[0;32mI (447) gpio: GPIO[25]| InputEn: 0| OutputEn: 1| OpenDrain: 0| Pullup: 0| Pulldown: 0| Intr:0 [0m
[0;32mI (457) example: Enable and start capture timer[0m
[0;32mI (457) example: Install capture timer[0m
[0;32mI (467) example: Install capture channel[0m
[0;32mI (467) gpio: GPIO[36]| InputEn: 1| OutputEn: 0| OpenDrain: 0| Pullup: 1| Pulldown: 0| Intr:0 [0m
[0;32mI (477) example: Register capture callback[0m
[0;32mI (477) example: Enable capture channel[0m
[0;32mI (487) example: Configure Trig pin[0m
[0;32mI (487) gpio: GPIO[4]| InputEn: 0| OutputEn: 1| OpenDrain: 0| Pullup: 0| Pulldown: 0| Intr:0 [0m
[0;32mI (497) example: Enable and start capture timer[0m
[0;32mI (507) example: Create timer and
assert failed: tcpip_send_msg_wait_sem /IDF/components/lwip/lwip/src/api/tcpip.c:449 (Invalid mbox)


Backtrace: 0x4008185a:0x3ffc1370 0x40086dfd:0x3ffc1390 0x4008c879:0x3ffc13b0 0x400e181f:0x3ffc14d0 0x400ec3ed:0x3ffc1500 0x400ec475:0x3ffc1520 0x400e1682:0x3ffc1570 0x400d72fb:0x3ffc1590 0x40089769:0x3ffc1680




ELF file SHA256: 5634072a2

Rebooting...
[0;32mI (13) boot: ESP-IDF v5.2-dev-2590-g62ee4135e0-dirty 2nd stage bootloader[0m
[0;32mI (13) boot: compile time Nov 10 2023 03:53:26[0m
[0;32mI (14) boot: Multicore bootloader[0m
[0;32mI (18) boot: chip revision: v3.0[0m
[0;32mI (22) boot.esp32: SPI Speed      : 40MHz[0m
[0;32mI (27) boot.esp32: SPI Mode       : DIO[0m
[0;32mI (31) boot.esp32: SPI Flash Size : 2MB[0m
[0;32mI (36) boot: Enabling RNG early entropy source...[0m
[0;32mI (41) boot: Partition Table:[0m
[0;32mI (45) boot: ## Label            Usage          Type ST Offset   Length[0m
[0;32mI (52) boot:  0 nvs              WiFi data        01 02 00009000 00006000[0m
[0;32mI (60) boot:  1 phy_init         RF data          01 01 0000f000 00001000[0m
[0;32mI (67) boot:  2 factory          factory app      00 00 00010000 00100000[0m
[0;32mI (75) boot: End of partition table[0m
[0;32mI (79) esp_image: segment 0: paddr=00010020 vaddr=3f400020 size=11334h ( 70452) map[0m
[0;32mI (113) esp_image: segment 1: paddr=0002135c vaddr=3ffb0000 size=02178h (  8568) load[0m
[0;32mI (116) esp_image: segment 2: paddr=000234dc vaddr=40080000 size=0cb3ch ( 52028) load[0m
[0;32mI (140) esp_image: segment 3: paddr=00030020 vaddr=400d0020 size=2aee8h (175848) map[0m
[0;32mI (204) esp_image: segment 4: paddr=0005af10 vaddr=4008cb3c size=0127ch (  4732) load[0m
[0;32mI (213) boot: Loaded app from partition at offset 0x10000[0m
[0;32mI (213) boot: Disabling RNG early entropy source...[0m
[0;32mI (226) cpu_start: Multicore app[0m
[0;32mI (227) cpu_start: Pro cpu up.[0m
[0;32mI (227) cpu_start: Starting app cpu, entry point is 0x40081254[0m
[0;32mI (223) cpu_start: App cpu up.[0m
[0;32mI (245) cpu_start: Pro cpu start user code[0m
[0;32mI (245) cpu_start: cpu freq: 160000000 Hz[0m
[0;32mI (245) cpu_start: Application information:[0m
[0;32mI (250) cpu_start: Project name:     blink[0m
[0;32mI (254) cpu_start: App version:      7acd246-dirty[0m
[0;32mI (260) cpu_start: Compile time:     Nov 10 2023 04:15:59[0m
[0;32mI (266) cpu_start: ELF file SHA256:  5634072a2...[0m
[0;32mI (271) cpu_start: ESP-IDF:          v5.2-dev-2590-g62ee4135e0-dirty[0m
[0;32mI (278) cpu_start: Min chip rev:     v0.0[0m
[0;32mI (283) cpu_start: Max chip rev:     v3.99 [0m
[0;32mI (288) cpu_start: Chip rev:         v3.0[0m
[0;32mI (293) heap_init: Initializing. RAM available for dynamic allocation:[0m
[0;32mI (300) heap_init: At 3FFAE6E0 len 00001920 (6 KiB): DRAM[0m
[0;32mI (306) heap_init: At 3FFB3090 len 0002CF70 (179 KiB): DRAM[0m
[0;32mI (312) heap_init: At 3FFE0440 len 00003AE0 (14 KiB): D/IRAM[0m
[0;32mI (318) heap_init: At 3FFE4350 len 0001BCB0 (111 KiB): D/IRAM[0m
[0;32mI (325) heap_init: At 4008DDB8 len 00012248 (72 KiB): IRAM[0m
[0;32mI (333) spi_flash: detected chip: generic[0m
[0;32mI (336) spi_flash: flash io: dio[0m
[0;33mW (340) spi_flash: Detected size(4096k) larger than the size in the binary image header(2048k). Using the size in the binary image header.[0m
[0;33mW (353) i2c: This driver is an old driver, please migrate your application code to adapt `driver/i2c_master.h`[0m
[0;33mW (363) ADC: legacy driver is deprecated, please migrate to `esp_adc/adc_oneshot.h`[0m
[0;32mI (372) app_start: Starting scheduler on CPU0[0m
[0;32mI (377) app_start: Starting scheduler on CPU1[0m
[0;32mI (377) main_task: Started on CPU0[0m
[0;32mI (387) main_task: Calling app_main()[0m

>> i2c Config
- parameters: ok
- initialized: yes

>> I2C scanning ...
- Device found at address: 0x62
- Device found at address: 0x70

>> Polling LIDAR
[0;32mI (417) example: Install capture timer[0m
[0;32mI (417) example: Install capture channel[0m
[0;32mI (417) gpio: GPIO[26]| InputEn: 1| OutputEn: 0| OpenDrain: 0| Pullup: 1| Pulldown: 0| Intr:0 [0m
[0;32mI (427) example: Register capture callback[0m
[0;32mI (437) example: Enable capture channel[0m
[0;32mI (437) example: Configure Trig pin[0m
[0;32mI (447) gpio: GPIO[25]| InputEn: 0| OutputEn: 1| OpenDrain: 0| Pullup: 0| Pulldown: 0| Intr:0 [0m
[0;32mI (457) example: Enable and start capture timer[0m
[0;32mI (457) example: Install capture timer[0m
[0;32mI (467) example: Install capture channel[0m
[0;32mI (467) gpio: GPIO[36]| InputEn: 1| OutputEn: 0| OpenDrain: 0| Pullup: 1| Pulldown: 0| Intr:0 [0m
[0;32mI (477) example: Register capture callback[0m
[0;32mI (477) example: Enable capture channel[0m
[0;32mI (487) example: Configure Trig pin[0m
[0;32mI (487) gpio: GPIO[4]| InputEn: 0| OutputEn: 1| OpenDrain: 0| Pullup: 0| Pulldown: 0| Intr:0 [0m
[0;32mI (497) example: Enable and start capture timer[0m
[0;32mI (507) example: Create timer and operato
assert failed: tcpip_send_msg_wait_sem /IDF/components/lwip/lwip/src/api/tcpip.c:449 (Invalid mbox)


Backtrace: 0x4008185a:0x3ffc1370 0x40086dfd:0x3ffc1390 0x4008c879:0x3ffc13b0 0x400e181f:0x3ffc14d0 0x400ec3ed:0x3ffc1500 0x400ec475:0x3ffc1520 0x400e1682:0x3ffc1570 0x400d72fb:0x3ffc1590 0x40089769:0x3ffc1680




ELF file SHA256: 5634072a2

Rebooting...
[0;32mI (13) boot: ESP-IDF v5.2-dev-2590-g62ee4135e0-dirty 2nd stage bootloader[0m
[0;32mI (13) boot: compile time Nov 10 2023 03:53:26[0m
[0;32mI (14) boot: Multicore bootloader[0m
[0;32mI (18) boot: chip revision: v3.0[0m
[0;32mI (22) boot.esp32: SPI Speed      : 40MHz[0m
[0;32mI (27) boot.esp32: SPI Mode       : DIO[0m
[0;32mI (31) boot.esp32: SPI Flash Size : 2MB[0m
[0;32mI (36) boot: Enabling RNG early entropy source...[0m
[0;32mI (41) boot: Partition Table:[0m
[0;32mI (45) boot: ## Label            Usage          Type ST Offset   Length[0m
[0;32mI (52) boot:  0 nvs              WiFi data        01 02 00009000 00006000[0m
[0;32mI (60) boot:  1 phy_init         RF data          01 01 0000f000 00001000[0m
[0;32mI (67) boot:  2 factory          factory app      00 00 00010000 00100000[0m
[0;32mI (75) boot: End of partition table[0m
[0;32mI (79) esp_image: segment 0: paddr=00010020 vaddr=3f400020 size=11334h ( 70452) map[0m
[0;32mI (113) esp_image: segment 1: paddr=0002135c vaddr=3ffb0000 size=02178h (  8568) load[0m
[0;32mI (116) esp_image: segment 2: paddr=000234dc vaddr=40080000 size=0cb3ch ( 52028) load[0m
[0;32mI (140) esp_image: segment 3: paddr=00030020 vaddr=400d0020 size=2aee8h (175848) map[0m
[0;32mI (204) esp_image: segment 4: paddr=0005af10 vaddr=4008cb3c size=0127ch (  4732) load[0m
[0;32mI (213) boot: Loaded app from partition at offset 0x10000[0m
[0;32mI (213) boot: Disabling RNG early entropy source...[0m
[0;32mI (226) cpu_start: Multicore app[0m
[0;32mI (227) cpu_start: Pro cpu up.[0m
[0;32mI (227) cpu_start: Starting app cpu, entry point is 0x40081254[0m
[0;32mI (223) cpu_start: App cpu up.[0m
[0;32mI (245) cpu_start: Pro cpu start user code[0m
[0;32mI (245) cpu_start: cpu freq: 160000000 Hz[0m
[0;32mI (245) cpu_start: Application information:[0m
[0;32mI (250) cpu_start: Project name:     blink[0m
[0;32mI (254) cpu_start: App version:      7acd246-dirty[0m
[0;32mI (260) cpu_start: Compile time:     Nov 10 2023 04:15:59[0m
[0;32mI (266) cpu_start: ELF file SHA256:  5634072a2...[0m
[0;32mI (271) cpu_start: ESP-IDF:          v5.2-dev-2590-g62ee4135e0-dirty[0m
[0;32mI (278) cpu_start: Min chip rev:     v0.0[0m
[0;32mI (283) cpu_start: Max chip rev:     v3.99 [0m
[0;32mI (288) cpu_start: Chip rev:         v3.0[0m
[0;32mI (293) heap_init: Initializing. RAM available for dynamic allocation:[0m
[0;32mI (300) heap_init: At 3FFAE6E0 len 00001920 (6 KiB): DRAM[0m
[0;32mI (306) heap_init: At 3FFB3090 len 0002CF70 (179 KiB): DRAM[0m
[0;32mI (312) heap_init: At 3FFE0440 len 00003AE0 (14 KiB): D/IRAM[0m
[0;32mI (318) heap_init: At 3FFE4350 len 0001BCB0 (111 KiB): D/IRAM[0m
[0;32mI (325) heap_init: At 4008DDB8 len 00012248 (72 KiB): IRAM[0m
[0;32mI (333) spi_flash: detected chip: generic[0m
[0;32mI (336) spi_flash: flash io: dio[0m
[0;33mW (340) spi_flash: Detected size(4096k) larger than the size in the binary image header(2048k). Using the size in the binary image header.[0m
[0;33mW (353) i2c: This driver is an old driver, please migrate your application code to adapt `driver/i2c_master.h`[0m
[0;33mW (363) ADC: legacy driver is deprecated, please migrate to `esp_adc/adc_oneshot.h`[0m
[0;32mI (372) app_start: Starting scheduler on CPU0[0m
[0;32mI (377) app_start: Starting scheduler on CPU1[0m
[0;32mI (377) main_task: Started on CPU0[0m
[0;32mI (387) main_task: Calling app_main()[0m

>> i2c Config
- parameters: ok
- initialized: yes

>> I2C scanning ...
- Device found at address: 0x62
- Device found at address: 0x70

>> Polling LIDAR
[0;32mI (417) example: Install capture timer[0m
[0;32mI (417) example: Install capture channel[0m
[0;32mI (417) gpio: GPIO[26]| InputEn: 1| OutputEn: 0| OpenDrain: 0| Pullup: 1| Pulldown: 0| Intr:0 [0m
[0;32mI (427) example: Register capture callback[0m
[0;32mI (437) example: Enable capture channel[0m
[0;32mI (437) example: Configure Trig pin[0m
[0;32mI (447) gpio: GPIO[25]| InputEn: 0| OutputEn: 1| OpenDrain: 0| Pullup: 0| Pulldown: 0| Intr:0 [0m
[0;32mI (457) example: Enable and start capture timer[0m
[0;32mI (457) example: Install capture timer[0m
[0;32mI (467) example: Install capture channel[0m
[0;32mI (467) gpio: GPIO[36]| InputEn: 1| OutputEn: 0| OpenDrain: 0| Pullup: 1| Pulldown: 0| Intr:0 [0m
[0;32mI (477) example: Register capture callback[0m
[0;32mI (477) example: Enable capture channel[0m
[0;32mI (487) example: Configure Trig pin[0m
[0;32mI (487) gpio: GPIO[4]| InputEn: 0| OutputEn: 1| OpenDrain: 0| Pullup: 0| Pulldown: 0| Intr:0 [0m
[0;32mI (497) example: Enable and start capture timer[0m
[0;32mI (507) example: Create timer and o
assert failed: tcpip_send_msg_wait_sem /IDF/components/lwip/lwip/src/api/tcpip.c:449 (Invalid mbox)


Backtrace: 0x4008185a:0x3ffc1370 0x40086dfd:0x3ffc1390 0x4008c879:0x3ffc13b0 0x400e181f:0x3ffc14d0 0x400ec3ed:0x3ffc1500 0x400ec475:0x3ffc1520 0x400e1682:0x3ffc1570 0x400d72fb:0x3ffc1590 0x40089769:0x3ffc1680




ELF file SHA256: 5634072a2

Rebooting...
[0;32mI (13) boot: ESP-IDF v5.2-dev-2590-g62ee4135e0-dirty 2nd stage bootloader[0m
[0;32mI (13) boot: compile time Nov 10 2023 03:53:26[0m
[0;32mI (14) boot: Multicore bootloader[0m
[0;32mI (18) boot: chip revision: v3.0[0m
[0;32mI (22) boot.esp32: SPI Speed      : 40MHz[0m
[0;32mI (27) boot.esp32: SPI Mode       : DIO[0m
[0;32mI (31) boot.esp32: SPI Flash Size : 2MB[0m
[0;32mI (36) boot: Enabling RNG early entropy source...[0m
[0;32mI (41) boot: Partition Table:[0m
[0;32mI (45) boot: ## Label            Usage          Type ST Offset   Length[0m
[0;32mI (52) boot:  0 nvs              WiFi data        01 02 00009000 00006000[0m
[0;32mI (60) boot:  1 phy_init         RF data          01 01 0000f000 00001000[0m
[0;32mI (67) boot:  2 factory          factory app      00 00 00010000 00100000[0m
[0;32mI (75) boot: End of partition table[0m
[0;32mI (79) esp_image: segment 0: paddr=00010020 vaddr=3f400020 size=11334h ( 70452) map[0m
[0;32mI (113) esp_image: segment 1: paddr=0002135c vaddr=3ffb0000 size=02178h (  8568) load[0m
[0;32mI (116) esp_image: segment 2: paddr=000234dc vaddr=40080000 size=0cb3ch ( 52028) load[0m
[0;32mI (140) esp_image: segment 3: paddr=00030020 vaddr=400d0020 size=2aee8h (175848) map[0m
[0;32mI (204) esp_image: segment 4: paddr=0005af10 vaddr=4008cb3c size=0127ch (  4732) load[0m
[0;32mI (213) boot: Loaded app from partition at offset 0x10000[0m
[0;32mI (213) boot: Disabling RNG early entropy source...[0m
[0;32mI (226) cpu_start: Multicore app[0m
[0;32mI (227) cpu_start: Pro cpu up.[0m
[0;32mI (227) cpu_start: Starting app cpu, entry point is 0x40081254[0m
[0;32mI (223) cpu_start: App cpu up.[0m
[0;32mI (245) cpu_start: Pro cpu start user code[0m
[0;32mI (245) cpu_start: cpu freq: 160000000 Hz[0m
[0;32mI (245) cpu_start: Application information:[0m
[0;32mI (250) cpu_start: Project name:     blink[0m
[0;32mI (254) cpu_start: App version:      7acd246-dirty[0m
[0;32mI (260) cpu_start: Compile time:     Nov 10 2023 04:15:59[0m
[0;32mI (266) cpu_start: ELF file SHA256:  5634072a2...[0m
[0;32mI (271) cpu_start: ESP-IDF:          v5.2-dev-2590-g62ee4135e0-dirty[0m
[0;32mI (278) cpu_start: Min chip rev:     v0.0[0m
[0;32mI (283) cpu_start: Max chip rev:     v3.99 [0m
[0;32mI (288) cpu_start: Chip rev:         v3.0[0m
[0;32mI (293) heap_init: Initializing. RAM available for dynamic allocation:[0m
[0;32mI (300) heap_init: At 3FFAE6E0 len 00001920 (6 KiB): DRAM[0m
[0;32mI (306) heap_init: At 3FFB3090 len 0002CF70 (179 KiB): DRAM[0m
[0;32mI (312) heap_init: At 3FFE0440 len 00003AE0 (14 KiB): D/IRAM[0m
[0;32mI (318) heap_init: At 3FFE4350 len 0001BCB0 (111 KiB): D/IRAM[0m
[0;32mI (325) heap_init: At 4008DDB8 len 00012248 (72 KiB): IRAM[0m
[0;32mI (333) spi_flash: detected chip: generic[0m
[0;32mI (336) spi_flash: flash io: dio[0m
[0;33mW (340) spi_flash: Detected size(4096k) larger than the size in the binary image header(2048k). Using the size in the binary image header.[0m
[0;33mW (353) i2c: This driver is an old driver, please migrate your application code to adapt `driver/i2c_master.h`[0m
[0;33mW (363) ADC: legacy driver is deprecated, please migrate to `esp_adc/adc_oneshot.h`[0m
[0;32mI (372) app_start: Starting scheduler on CPU0[0m
[0;32mI (377) app_start: Starting scheduler on CPU1[0m
[0;32mI (377) main_task: Started on CPU0[0m
[0;32mI (387) main_task: Calling app_main()[0m

>> i2c Config
- parameters: ok
- initialized: yes

>> I2C scanning ...
- Device found at address: 0x62
- Device found at address: 0x70

>> Polling LIDAR
[0;32mI (417) example: Install capture timer[0m
[0;32mI (417) example: Install capture channel[0m
[0;32mI (417) gpio: GPIO[26]| InputEn: 1| OutputEn: 0| OpenDrain: 0| Pullup: 1| Pulldown: 0| Intr:0 [0m
[0;32mI (427) example: Register capture callback[0m
[0;32mI (437) example: Enable capture channel[0m
[0;32mI (437) example: Configure Trig pin[0m
[0;32mI (447) gpio: GPIO[25]| InputEn: 0| OutputEn: 1| OpenDrain: 0| Pullup: 0| Pulldown: 0| Intr:0 [0m
[0;32mI (457) example: Enable and start capture timer[0m
[0;32mI (457) example: Install capture timer[0m
[0;32mI (467) example: Install capture channel[0m
[0;32mI (467) gpio: GPIO[36]| InputEn: 1| OutputEn: 0| OpenDrain: 0| Pullup: 1| Pulldown: 0| Intr:0 [0m
[0;32mI (477) example: Register capture callback[0m
[0;32mI (477) example: Enable capture channel[0m
[0;32mI (487) example: Configure Trig pin[0m
[0;32mI (487) gpio: GPIO[4]| InputEn: 0| OutputEn: 1| OpenDrain: 0| Pullup: 0| Pulldown: 0| Intr:0 [0m
[0;32mI (497) example: Enable and start capture timer[0m
[0;32mI (507) example: Create timer and operat
assert failed: tcpip_send_msg_wait_sem /IDF/components/lwip/lwip/src/api/tcpip.c:449 (Invalid mbox)


Backtrace: 0x4008185a:0x3ffc1370 0x40086dfd:0x3ffc1390 0x4008c879:0x3ffc13b0 0x400e181f:0x3ffc14d0 0x400ec3ed:0x3ffc1500 0x400ec475:0x3ffc1520 0x400e1682:0x3ffc1570 0x400d72fb:0x3ffc1590 0x40089769:0x3ffc1680




ELF file SHA256: 5634072a2

Rebooting...
[0;32mI (13) boot: ESP-IDF v5.2-dev-2590-g62ee4135e0-dirty 2nd stage bootloader[0m
[0;32mI (13) boot: compile time Nov 10 2023 03:53:26[0m
[0;32mI (14) boot: Multicore bootloader[0m
[0;32mI (18) boot: chip revision: v3.0[0m
[0;32mI (22) boot.esp32: SPI Speed      : 40MHz[0m
[0;32mI (27) boot.esp32: SPI Mode       : DIO[0m
[0;32mI (31) boot.esp32: SPI Flash Size : 2MB[0m
[0;32mI (36) boot: Enabling RNG early entropy source...[0m
[0;32mI (41) boot: Partition Table:[0m
[0;32mI (45) boot: ## Label            Usage          Type ST Offset   Length[0m
[0;32mI (52) boot:  0 nvs              WiFi data        01 02 00009000 00006000[0m
[0;32mI (60) boot:  1 phy_init         RF data          01 01 0000f000 00001000[0m
[0;32mI (67) boot:  2 factory          factory app      00 00 00010000 00100000[0m
[0;32mI (75) boot: End of partition table[0m
[0;32mI (79) esp_image: segment 0: paddr=00010020 vaddr=3f400020 size=11334h ( 70452) map[0m
[0;32mI (113) esp_image: segment 1: paddr=0002135c vaddr=3ffb0000 size=02178h (  8568) load[0m
[0;32mI (116) esp_image: segment 2: paddr=000234dc vaddr=40080000 size=0cb3ch ( 52028) load[0m
[0;32mI (140) esp_image: segment 3: paddr=00030020 vaddr=400d0020 size=2aee8h (175848) map[0m
[0;32mI (204) esp_image: segment 4: paddr=0005af10 vaddr=4008cb3c size=0127ch (  4732) load[0m
[0;32mI (213) boot: Loaded app from partition at offset 0x10000[0m
[0;32mI (213) boot: Disabling RNG early entropy source...[0m
[0;32mI (226) cpu_start: Multicore app[0m
[0;32mI (227) cpu_start: Pro cpu up.[0m
[0;32mI (227) cpu_start: Starting app cpu, entry point is 0x40081254[0m
[0;32mI (223) cpu_start: App cpu up.[0m
[0;32mI (245) cpu_start: Pro cpu start user code[0m
[0;32mI (245) cpu_start: cpu freq: 160000000 Hz[0m
[0;32mI (245) cpu_start: Application information:[0m
[0;32mI (250) cpu_start: Project name:     blink[0m
[0;32mI (254) cpu_start: App version:      7acd246-dirty[0m
[0;32mI (260) cpu_start: Compile time:     Nov 10 2023 04:15:59[0m
[0;32mI (266) cpu_start: ELF file SHA256:  5634072a2...[0m
[0;32mI (271) cpu_start: ESP-IDF:          v5.2-dev-2590-g62ee4135e0-dirty[0m
[0;32mI (278) cpu_start: Min chip rev:     v0.0[0m
[0;32mI (283) cpu_start: Max chip rev:     v3.99 [0m
[0;32mI (288) cpu_start: Chip rev:         v3.0[0m
[0;32mI (293) heap_init: Initializing. RAM available for dynamic allocation:[0m
[0;32mI (300) heap_init: At 3FFAE6E0 len 00001920 (6 KiB): DRAM[0m
[0;32mI (306) heap_init: At 3FFB3090 len 0002CF70 (179 KiB): DRAM[0m
[0;32mI (312) heap_init: At 3FFE0440 len 00003AE0 (14 KiB): D/IRAM[0m
[0;32mI (318) heap_init: At 3FFE4350 len 0001BCB0 (111 KiB): D/IRAM[0m
[0;32mI (325) heap_init: At 4008DDB8 len 00012248 (72 KiB): IRAM[0m
[0;32mI (333) spi_flash: detected chip: generic[0m
[0;32mI (336) spi_flash: flash io: dio[0m
[0;33mW (340) spi_flash: Detected size(4096k) larger than the size in the binary image header(2048k). Using the size in the binary image header.[0m
[0;33mW (353) i2c: This driver is an old driver, please migrate your application code to adapt `driver/i2c_master.h`[0m
[0;33mW (363) ADC: legacy driver is deprecated, please migrate to `esp_adc/adc_oneshot.h`[0m
[0;32mI (372) app_start: Starting scheduler on CPU0[0m
[0;32mI (377) app_start: Starting scheduler on CPU1[0m
[0;32mI (377) main_task: Started on CPU0[0m
[0;32mI (387) main_task: Calling app_main()[0m

>> i2c Config
- parameters: ok
- initialized: yes

>> I2C scanning ...
- Device found at address: 0x62
- Device found at address: 0x70

>> Polling LIDAR
[0;32mI (417) example: Install capture timer[0m
[0;32mI (417) example: Install capture channel[0m
[0;32mI (417) gpio: GPIO[26]| InputEn: 1| OutputEn: 0| OpenDrain: 0| Pullup: 1| Pulldown: 0| Intr:0 [0m
[0;32mI (427) example: Register capture callback[0m
[0;32mI (437) example: Enable capture channel[0m
[0;32mI (437) example: Configure Trig pin[0m
[0;32mI (447) gpio: GPIO[25]| InputEn: 0| OutputEn: 1| OpenDrain: 0| Pullup: 0| Pulldown: 0| Intr:0 [0m
[0;32mI (457) example: Enable and start capture timer[0m
[0;32mI (457) example: Install capture timer[0m
[0;32mI (467) example: Install capture channel[0m
[0;32mI (467) gpio: GPIO[36]| InputEn: 1| OutputEn: 0| OpenDrain: 0| Pullup: 1| Pulldown: 0| Intr:0 [0m
[0;32mI (477) example: Register capture callback[0m
[0;32mI (477) example: Enable capture channel[0m
[0;32mI (487) example: Configure Trig pin[0m
[0;32mI (487) gpio: GPIO[4]| InputEn: 0| OutputEn: 1| OpenDrain: 0| Pullup: 0| Pulldown: 0| Intr:0 [0m
[0;32mI (497) example: Enable and start capture timer[0m
[0;32mI (507) example: Create timer and operat
assert failed: tcpip_send_msg_wait_sem /IDF/components/lwip/lwip/src/api/tcpip.c:449 (Invalid mbox)


Backtrace: 0x4008185a:0x3ffc1370 0x40086dfd:0x3ffc1390 0x4008c879:0x3ffc13b0 0x400e181f:0x3ffc14d0 0x400ec3ed:0x3ffc1500 0x400ec475:0x3ffc1520 0x400e1682:0x3ffc1570 0x400d72fb:0x3ffc1590 0x40089769:0x3ffc1680




ELF file SHA256: 5634072a2

Rebooting...
[0;32mI (13) boot: ESP-IDF v5.2-dev-2590-g62ee4135e0-dirty 2nd stage bootloader[0m
[0;32mI (13) boot: compile time Nov 10 2023 03:53:26[0m
[0;32mI (14) boot: Multicore bootloader[0m
[0;32mI (18) boot: chip revision: v3.0[0m
[0;32mI (22) boot.esp32: SPI Speed      : 40MHz[0m
[0;32mI (27) boot.esp32: SPI Mode       : DIO[0m
[0;32mI (31) boot.esp32: SPI Flash Size : 2MB[0m
[0;32mI (36) boot: Enabling RNG early entropy source...[0m
[0;32mI (41) boot: Partition Table:[0m
[0;32mI (45) boot: ## Label            Usage          Type ST Offset   Length[0m
[0;32mI (52) boot:  0 nvs              WiFi data        01 02 00009000 00006000[0m
[0;32mI (60) boot:  1 phy_init         RF data          01 01 0000f000 00001000[0m
[0;32mI (67) boot:  2 factory          factory app      00 00 00010000 00100000[0m
[0;32mI (75) boot: End of partition table[0m
[0;32mI (79) esp_image: segment 0: paddr=00010020 vaddr=3f400020 size=11334h ( 70452) map[0m
[0;32mI (113) esp_image: segment 1: paddr=0002135c vaddr=3ffb0000 size=02178h (  8568) load[0m
[0;32mI (116) esp_image: segment 2: paddr=000234dc vaddr=40080000 size=0cb3ch ( 52028) load[0m
[0;32mI (140) esp_image: segment 3: paddr=00030020 vaddr=400d0020 size=2aee8h (175848) map[0m
[0;32mI (204) esp_image: segment 4: paddr=0005af10 vaddr=4008cb3c size=0127ch (  4732) load[0m
[0;32mI (213) boot: Loaded app from partition at offset 0x10000[0m
[0;32mI (213) boot: Disabling RNG early entropy source...[0m
[0;32mI (226) cpu_start: Multicore app[0m
[0;32mI (227) cpu_start: Pro cpu up.[0m
[0;32mI (227) cpu_start: Starting app cpu, entry point is 0x40081254[0m
[0;32mI (223) cpu_start: App cpu up.[0m
[0;32mI (245) cpu_start: Pro cpu start user code[0m
[0;32mI (245) cpu_start: cpu freq: 160000000 Hz[0m
[0;32mI (245) cpu_start: Application information:[0m
[0;32mI (250) cpu_start: Project name:     blink[0m
[0;32mI (254) cpu_start: App version:      7acd246-dirty[0m
[0;32mI (260) cpu_start: Compile time:     Nov 10 2023 04:15:59[0m
[0;32mI (266) cpu_start: ELF file SHA256:  5634072a2...[0m
[0;32mI (271) cpu_start: ESP-IDF:          v5.2-dev-2590-g62ee4135e0-dirty[0m
[0;32mI (278) cpu_start: Min chip rev:     v0.0[0m
[0;32mI (283) cpu_start: Max chip rev:     v3.99 [0m
[0;32mI (288) cpu_start: Chip rev:         v3.0[0m
[0;32mI (293) heap_init: Initializing. RAM available for dynamic allocation:[0m
[0;32mI (300) heap_init: At 3FFAE6E0 len 00001920 (6 KiB): DRAM[0m
[0;32mI (306) heap_init: At 3FFB3090 len 0002CF70 (179 KiB): DRAM[0m
[0;32mI (312) heap_init: At 3FFE0440 len 00003AE0 (14 KiB): D/IRAM[0m
[0;32mI (318) heap_init: At 3FFE4350 len 0001BCB0 (111 KiB): D/IRAM[0m
[0;32mI (325) heap_init: At 4008DDB8 len 00012248 (72 KiB): IRAM[0m
[0;32mI (333) spi_flash: detected chip: generic[0m
[0;32mI (336) spi_flash: flash io: dio[0m
[0;33mW (340) spi_flash: Detected size(4096k) larger than the size in the binary image header(2048k). Using the size in the binary image header.[0m
[0;33mW (353) i2c: This driver is an old driver, please migrate your application code to adapt `driver/i2c_master.h`[0m
[0;33mW (363) ADC: legacy driver is deprecated, please migrate to `esp_adc/adc_oneshot.h`[0m
[0;32mI (372) app_start: Starting scheduler on CPU0[0m
[0;32mI (377) app_start: Starting scheduler on CPU1[0m
[0;32mI (377) main_task: Started on CPU0[0m
[0;32mI (387) main_task: Calling app_main()[0m

>> i2c Config
- parameters: ok
- initialized: yes

>> I2C scanning ...
- Device found at address: 0x62
- Device found at address: 0x70

>> Polling LIDAR
[0;32mI (417) example: Install capture timer[0m
[0;32mI (417) example: Install capture channel[0m
[0;32mI (417) gpio: GPIO[26]| InputEn: 1| OutputEn: 0| OpenDrain: 0| Pullup: 1| Pulldown: 0| Intr:0 [0m
[0;32mI (427) example: Register capture callback[0m
[0;32mI (437) example: Enable capture channel[0m
[0;32mI (437) example: Configure Trig pin[0m
[0;32mI (447) gpio: GPIO[25]| InputEn: 0| OutputEn: 1| OpenDrain: 0| Pullup: 0| Pulldown: 0| Intr:0 [0m
[0;32mI (457) example: Enable and start capture timer[0m
[0;32mI (457) example: Install capture timer[0m
[0;32mI (467) example: Install capture channel[0m
[0;32mI (467) gpio: GPIO[36]| InputEn: 1| OutputEn: 0| OpenDrain: 0| Pullup: 1| Pulldown: 0| Intr:0 [0m
[0;32mI (477) example: Register capture callback[0m
[0;32mI (477) example: Enable capture channel[0m
[0;32mI (487) example: Configure Trig pin[0m
[0;32mI (487) gpio: GPIO[4]| InputEn: 0| OutputEn: 1| OpenDrain: 0| Pullup: 0| Pulldown: 0| Intr:0 [0m
[0;32mI (497) example: Enable and start capture timer[0m
[0;32mI (507) example: Create timer and opera
assert failed: tcpip_send_msg_wait_sem /IDF/components/lwip/lwip/src/api/tcpip.c:449 (Invalid mbox)


Backtrace: 0x4008185a:0x3ffc1370 0x40086dfd:0x3ffc1390 0x4008c879:0x3ffc13b0 0x400e181f:0x3ffc14d0 0x400ec3ed:0x3ffc1500 0x400ec475:0x3ffc1520 0x400e1682:0x3ffc1570 0x400d72fb:0x3ffc1590 0x40089769:0x3ffc1680




ELF file SHA256: 5634072a2

Rebooting...
[0;32mI (13) boot: ESP-IDF v5.2-dev-2590-g62ee4135e0-dirty 2nd stage bootloader[0m
[0;32mI (13) boot: compile time Nov 10 2023 03:53:26[0m
[0;32mI (14) boot: Multicore bootloader[0m
[0;32mI (18) boot: chip revision: v3.0[0m
[0;32mI (22) boot.esp32: SPI Speed      : 40MHz[0m
[0;32mI (27) boot.esp32: SPI Mode       : DIO[0m
[0;32mI (31) boot.esp32: SPI Flash Size : 2MB[0m
[0;32mI (36) boot: Enabling RNG early entropy source...[0m
[0;32mI (41) boot: Partition Table:[0m
[0;32mI (45) boot: ## Label            Usage          Type ST Offset   Length[0m
[0;32mI (52) boot:  0 nvs              WiFi data        01 02 00009000 00006000[0m
[0;32mI (60) boot:  1 phy_init         RF data          01 01 0000f000 00001000[0m
[0;32mI (67) boot:  2 factory          factory app      00 00 00010000 00100000[0m
[0;32mI (75) boot: End of partition table[0m
[0;32mI (79) esp_image: segment 0: paddr=00010020 vaddr=3f400020 size=11334h ( 70452) map[0m
[0;32mI (113) esp_image: segment 1: paddr=0002135c vaddr=3ffb0000 size=02178h (  8568) load[0m
[0;32mI (116) esp_image: segment 2: paddr=000234dc vaddr=40080000 size=0cb3ch ( 52028) load[0m
[0;32mI (140) esp_image: segment 3: paddr=00030020 vaddr=400d0020 size=2aee8h (175848) map[0m
[0;32mI (204) esp_image: segment 4: paddr=0005af10 vaddr=4008cb3c size=0127ch (  4732) load[0m
[0;32mI (213) boot: Loaded app from partition at offset 0x10000[0m
[0;32mI (213) boot: Disabling RNG early entropy source...[0m
[0;32mI (226) cpu_start: Multicore app[0m
[0;32mI (227) cpu_start: Pro cpu up.[0m
[0;32mI (227) cpu_start: Starting app cpu, entry point is 0x40081254[0m
[0;32mI (223) cpu_start: App cpu up.[0m
[0;32mI (245) cpu_start: Pro cpu start user code[0m
[0;32mI (245) cpu_start: cpu freq: 160000000 Hz[0m
[0;32mI (245) cpu_start: Application information:[0m
[0;32mI (250) cpu_start: Project name:     blink[0m
[0;32mI (254) cpu_start: App version:      7acd246-dirty[0m
[0;32mI (260) cpu_start: Compile time:     Nov 10 2023 04:15:59[0m
[0;32mI (266) cpu_start: ELF file SHA256:  5634072a2...[0m
[0;32mI (271) cpu_start: ESP-IDF:          v5.2-dev-2590-g62ee4135e0-dirty[0m
[0;32mI (278) cpu_start: Min chip rev:     v0.0[0m
[0;32mI (283) cpu_start: Max chip rev:     v3.99 [0m
[0;32mI (288) cpu_start: Chip rev:         v3.0[0m
[0;32mI (293) heap_init: Initializing. RAM available for dynamic allocation:[0m
[0;32mI (300) heap_init: At 3FFAE6E0 len 00001920 (6 KiB): DRAM[0m
[0;32mI (306) heap_init: At 3FFB3090 len 0002CF70 (179 KiB): DRAM[0m
[0;32mI (312) heap_init: At 3FFE0440 len 00003AE0 (14 KiB): D/IRAM[0m
[0;32mI (318) heap_init: At 3FFE4350 len 0001BCB0 (111 KiB): D/IRAM[0m
[0;32mI (325) heap_init: At 4008DDB8 len 00012248 (72 KiB): IRAM[0m
[0;32mI (333) spi_flash: detected chip: generic[0m
[0;32mI (336) spi_flash: flash io: dio[0m
[0;33mW (340) spi_flash: Detected size(4096k) larger than the size in the binary image header(2048k). Using the size in the binary image header.[0m
[0;33mW (353) i2c: This driver is an old driver, please migrate your application code to adapt `driver/i2c_master.h`[0m
[0;33mW (363) ADC: legacy driver is deprecated, please migrate to `esp_adc/adc_oneshot.h`[0m
[0;32mI (372) app_start: Starting scheduler on CPU0[0m
[0;32mI (377) app_start: Starting scheduler on CPU1[0m
[0;32mI (377) main_task: Started on CPU0[0m
[0;32mI (387) main_task: Calling app_main()[0m

>> i2c Config
- parameters: ok
- initialized: yes

>> I2C scanning ...
- Device found at address: 0x62
- Device found at address: 0x70

>> Polling LIDAR
[0;32mI (417) example: Install capture timer[0m
[0;32mI (417) example: Install capture channel[0m
[0;32mI (417) gpio: GPIO[26]| InputEn: 1| OutputEn: 0| OpenDrain: 0| Pullup: 1| Pulldown: 0| Intr:0 [0m
[0;32mI (427) example: Register capture callback[0m
[0;32mI (437) example: Enable capture channel[0m
[0;32mI (437) example: Configure Trig pin[0m
[0;32mI (447) gpio: GPIO[25]| InputEn: 0| OutputEn: 1| OpenDrain: 0| Pullup: 0| Pulldown: 0| Intr:0 [0m
[0;32mI (457) example: Enable and start capture timer[0m
[0;32mI (457) example: Install capture timer[0m
[0;32mI (467) example: Install capture channel[0m
[0;32mI (467) gpio: GPIO[36]| InputEn: 1| OutputEn: 0| OpenDrain: 0| Pullup: 1| Pulldown: 0| Intr:0 [0m
[0;32mI (477) example: Register capture callback[0m
[0;32mI (477) example: Enable capture channel[0m
[0;32mI (487) example: Configure Trig pin[0m
[0;32mI (487) gpio: GPIO[4]| InputEn: 0| OutputEn: 1| OpenDrain: 0| Pullup: 0| Pulldown: 0| Intr:0 [0m
[0;32mI (497) example: Enable and start capture timer[0m
[0;32mI (507) example: Create timer and o
assert failed: tcpip_send_msg_wait_sem /IDF/components/lwip/lwip/src/api/tcpip.c:449 (Invalid mbox)


Backtrace: 0x4008185a:0x3ffc1370 0x40086dfd:0x3ffc1390 0x4008c879:0x3ffc13b0 0x400e181f:0x3ffc14d0 0x400ec3ed:0x3ffc1500 0x400ec475:0x3ffc1520 0x400e1682:0x3ffc1570 0x400d72fb:0x3ffc1590 0x40089769:0x3ffc1680




ELF file SHA256: 5634072a2

Rebooting...
[0;32mI (13) boot: ESP-IDF v5.2-dev-2590-g62ee4135e0-dirty 2nd stage bootloader[0m
[0;32mI (13) boot: compile time Nov 10 2023 03:53:26[0m
[0;32mI (14) boot: Multicore bootloader[0m
[0;32mI (18) boot: chip revision: v3.0[0m
[0;32mI (22) boot.esp32: SPI Speed      : 40MHz[0m
[0;32mI (27) boot.esp32: SPI Mode       : DIO[0m
[0;32mI (31) boot.esp32: SPI Flash Size : 2MB[0m
[0;32mI (36) boot: Enabling RNG early entropy source...[0m
[0;32mI (41) boot: Partition Table:[0m
[0;32mI (45) boot: ## Label            Usage          Type ST Offset   Length[0m
[0;32mI (52) boot:  0 nvs              WiFi data        01 02 00009000 00006000[0m
[0;32mI (60) boot:  1 phy_init         RF data          01 01 0000f000 00001000[0m
[0;32mI (67) boot:  2 factory          factory app      00 00 00010000 00100000[0m
[0;32mI (75) boot: End of partition table[0m
[0;32mI (79) esp_image: segment 0: paddr=00010020 vaddr=3f400020 size=11334h ( 70452) map[0m
[0;32mI (113) esp_image: segment 1: paddr=0002135c vaddr=3ffb0000 size=02178h (  8568) load[0m
[0;32mI (116) esp_image: segment 2: paddr=000234dc vaddr=40080000 size=0cb3ch ( 52028) load[0m
[0;32mI (140) esp_image: segment 3: paddr=00030020 vaddr=400d0020 size=2aee8h (175848) map[0m
[0;32mI (204) esp_image: segment 4: paddr=0005af10 vaddr=4008cb3c size=0127ch (  4732) load[0m
[0;32mI (213) boot: Loaded app from partition at offset 0x10000[0m
[0;32mI (213) boot: Disabling RNG early entropy source...[0m
[0;32mI (226) cpu_start: Multicore app[0m
[0;32mI (227) cpu_start: Pro cpu up.[0m
[0;32mI (227) cpu_start: Starting app cpu, entry point is 0x40081254[0m
[0;32mI (223) cpu_start: App cpu up.[0m
[0;32mI (245) cpu_start: Pro cpu start user code[0m
[0;32mI (245) cpu_start: cpu freq: 160000000 Hz[0m
[0;32mI (245) cpu_start: Application information:[0m
[0;32mI (250) cpu_start: Project name:     blink[0m
[0;32mI (254) cpu_start: App version:      7acd246-dirty[0m
[0;32mI (260) cpu_start: Compile time:     Nov 10 2023 04:15:59[0m
[0;32mI (266) cpu_start: ELF file SHA256:  5634072a2...[0m
[0;32mI (271) cpu_start: ESP-IDF:          v5.2-dev-2590-g62ee4135e0-dirty[0m
[0;32mI (278) cpu_start: Min chip rev:     v0.0[0m
[0;32mI (283) cpu_start: Max chip rev:     v3.99 [0m
[0;32mI (288) cpu_start: Chip rev:         v3.0[0m
[0;32mI (293) heap_init: Initializing. RAM available for dynamic allocation:[0m
[0;32mI (300) heap_init: At 3FFAE6E0 len 00001920 (6 KiB): DRAM[0m
[0;32mI (306) heap_init: At 3FFB3090 len 0002CF70 (179 KiB): DRAM[0m
[0;32mI (312) heap_init: At 3FFE0440 len 00003AE0 (14 KiB): D/IRAM[0m
[0;32mI (318) heap_init: At 3FFE4350 len 0001BCB0 (111 KiB): D/IRAM[0m
[0;32mI (325) heap_init: At 4008DDB8 len 00012248 (72 KiB): IRAM[0m
[0;32mI (333) spi_flash: detected chip: generic[0m
[0;32mI (336) spi_flash: flash io: dio[0m
[0;33mW (340) spi_flash: Detected size(4096k) larger than the size in the binary image header(2048k). Using the size in the binary image header.[0m
[0;33mW (353) i2c: This driver is an old driver, please migrate your application code to adapt `driver/i2c_master.h`[0m
[0;33mW (363) ADC: legacy driver is deprecated, please migrate to `esp_adc/adc_oneshot.h`[0m
[0;32mI (372) app_start: Starting scheduler on CPU0[0m
[0;32mI (377) app_start: Starting scheduler on CPU1[0m
[0;32mI (377) main_task: Started on CPU0[0m
[0;32mI (387) main_task: Calling app_main()[0m

>> i2c Config
- parameters: ok
- initialized: yes

>> I2C scanning ...
- Device found at address: 0x62
- Device found at address: 0x70

>> Polling LIDAR
[0;32mI (417) example: Install capture timer[0m
[0;32mI (417) example: Install capture channel[0m
[0;32mI (417) gpio: GPIO[26]| InputEn: 1| OutputEn: 0| OpenDrain: 0| Pullup: 1| Pulldown: 0| Intr:0 [0m
[0;32mI (427) example: Register capture callback[0m
[0;32mI (437) example: Enable capture channel[0m
[0;32mI (437) example: Configure Trig pin[0m
[0;32mI (447) gpio: GPIO[25]| InputEn: 0| OutputEn: 1| OpenDrain: 0| Pullup: 0| Pulldown: 0| Intr:0 [0m
[0;32mI (457) example: Enable and start capture timer[0m
[0;32mI (457) example: Install capture timer[0m
[0;32mI (467) example: Install capture channel[0m
[0;32mI (467) gpio: GPIO[36]| InputEn: 1| OutputEn: 0| OpenDrain: 0| Pullup: 1| Pulldown: 0| Intr:0 [0m
[0;32mI (477) example: Register capture callback[0m
[0;32mI (477) example: Enable capture channel[0m
[0;32mI (487) example: Configure Trig pin[0m
[0;32mI (487) gpio: GPIO[4]| InputEn: 0| OutputEn: 1| OpenDrain: 0| Pullup: 0| Pulldown: 0| Intr:0 [0m
[0;32mI (497) example: Enable and start capture timer[0m
[0;32mI (507) example: Create timer and
assert failed: tcpip_send_msg_wait_sem /IDF/components/lwip/lwip/src/api/tcpip.c:449 (Invalid mbox)


Backtrace: 0x4008185a:0x3ffc1370 0x40086dfd:0x3ffc1390 0x4008c879:0x3ffc13b0 0x400e181f:0x3ffc14d0 0x400ec3ed:0x3ffc1500 0x400ec475:0x3ffc1520 0x400e1682:0x3ffc1570 0x400d72fb:0x3ffc1590 0x40089769:0x3ffc1680




ELF file SHA256: 5634072a2

Rebooting...
[0;32mI (13) boot: ESP-IDF v5.2-dev-2590-g62ee4135e0-dirty 2nd stage bootloader[0m
[0;32mI (13) boot: compile time Nov 10 2023 03:53:26[0m
[0;32mI (14) boot: Multicore bootloader[0m
[0;32mI (18) boot: chip revision: v3.0[0m
[0;32mI (22) boot.esp32: SPI Speed      : 40MHz[0m
[0;32mI (27) boot.esp32: SPI Mode       : DIO[0m
[0;32mI (31) boot.esp32: SPI Flash Size : 2MB[0m
[0;32mI (36) boot: Enabling RNG early entropy source...[0m
[0;32mI (41) boot: Partition Table:[0m
[0;32mI (45) boot: ## Label            Usage          Type ST Offset   Length[0m
[0;32mI (52) boot:  0 nvs              WiFi data        01 02 00009000 00006000[0m
[0;32mI (60) boot:  1 phy_init         RF data          01 01 0000f000 00001000[0m
[0;32mI (67) boot:  2 factory          factory app      00 00 00010000 00100000[0m
[0;32mI (75) boot: End of partition table[0m
[0;32mI (79) esp_image: segment 0: paddr=00010020 vaddr=3f400020 size=11334h ( 70452) map[0m
[0;32mI (113) esp_image: segment 1: paddr=0002135c vaddr=3ffb0000 size=02178h (  8568) load[0m
[0;32mI (116) esp_image: segment 2: paddr=000234dc vaddr=40080000 size=0cb3ch ( 52028) load[0m
[0;32mI (140) esp_image: segment 3: paddr=00030020 vaddr=400d0020 size=2aee8h (175848) map[0m
[0;32mI (204) esp_image: segment 4: paddr=0005af10 vaddr=4008cb3c size=0127ch (  4732) load[0m
[0;32mI (213) boot: Loaded app from partition at offset 0x10000[0m
[0;32mI (213) boot: Disabling RNG early entropy source...[0m
[0;32mI (226) cpu_start: Multicore app[0m
[0;32mI (227) cpu_start: Pro cpu up.[0m
[0;32mI (227) cpu_start: Starting app cpu, entry point is 0x40081254[0m
[0;32mI (223) cpu_start: App cpu up.[0m
[0;32mI (245) cpu_start: Pro cpu start user code[0m
[0;32mI (245) cpu_start: cpu freq: 160000000 Hz[0m
[0;32mI (245) cpu_start: Application information:[0m
[0;32mI (250) cpu_start: Project name:     blink[0m
[0;32mI (254) cpu_start: App version:      7acd246-dirty[0m
[0;32mI (260) cpu_start: Compile time:     Nov 10 2023 04:15:59[0m
[0;32mI (266) cpu_start: ELF file SHA256:  5634072a2...[0m
[0;32mI (271) cpu_start: ESP-IDF:          v5.2-dev-2590-g62ee4135e0-dirty[0m
[0;32mI (278) cpu_start: Min chip rev:     v0.0[0m
[0;32mI (283) cpu_start: Max chip rev:     v3.99 [0m
[0;32mI (288) cpu_start: Chip rev:         v3.0[0m
[0;32mI (293) heap_init: Initializing. RAM available for dynamic allocation:[0m
[0;32mI (300) heap_init: At 3FFAE6E0 len 00001920 (6 KiB): DRAM[0m
[0;32mI (306) heap_init: At 3FFB3090 len 0002CF70 (179 KiB): DRAM[0m
[0;32mI (312) heap_init: At 3FFE0440 len 00003AE0 (14 KiB): D/IRAM[0m
[0;32mI (318) heap_init: At 3FFE4350 len 0001BCB0 (111 KiB): D/IRAM[0m
[0;32mI (325) heap_init: At 4008DDB8 len 00012248 (72 KiB): IRAM[0m
[0;32mI (333) spi_flash: detected chip: generic[0m
[0;32mI (336) spi_flash: flash io: dio[0m
[0;33mW (340) spi_flash: Detected size(4096k) larger than the size in the binary image header(2048k). Using the size in the binary image header.[0m
[0;33mW (353) i2c: This driver is an old driver, please migrate your application code to adapt `driver/i2c_master.h`[0m
[0;33mW (363) ADC: legacy driver is deprecated, please migrate to `esp_adc/adc_oneshot.h`[0m
[0;32mI (372) app_start: Starting scheduler on CPU0[0m
[0;32mI (377) app_start: Starting scheduler on CPU1[0m
[0;32mI (377) main_task: Started on CPU0[0m
[0;32mI (387) main_task: Calling app_main()[0m

>> i2c Config
- parameters: ok
- initialized: yes

>> I2C scanning ...
- Device found at address: 0x62
- Device found at address: 0x70

>> Polling LIDAR
[0;32mI (417) example: Install capture timer[0m
[0;32mI (417) example: Install capture channel[0m
[0;32mI (417) gpio: GPIO[26]| InputEn: 1| OutputEn: 0| OpenDrain: 0| Pullup: 1| Pulldown: 0| Intr:0 [0m
[0;32mI (427) example: Register capture callback[0m
[0;32mI (437) example: Enable capture channel[0m
[0;32mI (437) example: Configure Trig pin[0m
[0;32mI (447) gpio: GPIO[25]| InputEn: 0| OutputEn: 1| OpenDrain: 0| Pullup: 0| Pulldown: 0| Intr:0 [0m
[0;32mI (457) example: Enable and start capture timer[0m
[0;32mI (457) example: Install capture timer[0m
[0;32mI (467) example: Install capture channel[0m
[0;32mI (467) gpio: GPIO[36]| InputEn: 1| OutputEn: 0| OpenDrain: 0| Pullup: 1| Pulldown: 0| Intr:0 [0m
[0;32mI (477) example: Register capture callback[0m
[0;32mI (477) example: Enable capture channel[0m
[0;32mI (487) example: Configure Trig pin[0m
[0;32mI (487) gpio: GPIO[4]| InputEn: 0| OutputEn: 1| OpenDrain: 0| Pullup: 0| Pulldown: 0| Intr:0 [0m
[0;32mI (497) example: Enable and start capture timer[0m
[0;32mI (507) example: Create timer and operato
assert failed: tcpip_send_msg_wait_sem /IDF/components/lwip/lwip/src/api/tcpip.c:449 (Invalid mbox)


Backtrace: 0x4008185a:0x3ffc1370 0x40086dfd:0x3ffc1390 0x4008c879:0x3ffc13b0 0x400e181f:0x3ffc14d0 0x400ec3ed:0x3ffc1500 0x400ec475:0x3ffc1520 0x400e1682:0x3ffc1570 0x400d72fb:0x3ffc1590 0x40089769:0x3ffc1680




ELF file SHA256: 5634072a2

Rebooting...
[0;32mI (13) boot: ESP-IDF v5.2-dev-2590-g62ee4135e0-dirty 2nd stage bootloader[0m
[0;32mI (13) boot: compile time Nov 10 2023 03:53:26[0m
[0;32mI (14) boot: Multicore bootloader[0m
[0;32mI (18) boot: chip revision: v3.0[0m
[0;32mI (22) boot.esp32: SPI Speed      : 40MHz[0m
[0;32mI (27) boot.esp32: SPI Mode       : DIO[0m
[0;32mI (31) boot.esp32: SPI Flash Size : 2MB[0m
[0;32mI (36) boot: Enabling RNG early entropy source...[0m
[0;32mI (41) boot: Partition Table:[0m
[0;32mI (45) boot: ## Label            Usage          Type ST Offset   Length[0m
[0;32mI (52) boot:  0 nvs              WiFi data        01 02 00009000 00006000[0m
[0;32mI (60) boot:  1 phy_init         RF data          01 01 0000f000 00001000[0m
[0;32mI (67) boot:  2 factory          factory app      00 00 00010000 00100000[0m
[0;32mI (75) boot: End of partition table[0m
[0;32mI (79) esp_image: segment 0: paddr=00010020 vaddr=3f400020 size=11334h ( 70452) map[0m
[0;32mI (113) esp_image: segment 1: paddr=0002135c vaddr=3ffb0000 size=02178h (  8568) load[0m
[0;32mI (116) esp_image: segment 2: paddr=000234dc vaddr=40080000 size=0cb3ch ( 52028) load[0m
[0;32mI (140) esp_image: segment 3: paddr=00030020 vaddr=400d0020 size=2aee8h (175848) map[0m
[0;32mI (204) esp_image: segment 4: paddr=0005af10 vaddr=4008cb3c size=0127ch (  4732) load[0m
[0;32mI (213) boot: Loaded app from partition at offset 0x10000[0m
[0;32mI (213) boot: Disabling RNG early entropy source...[0m
[0;32mI (226) cpu_start: Multicore app[0m
[0;32mI (227) cpu_start: Pro cpu up.[0m
[0;32mI (227) cpu_start: Starting app cpu, entry point is 0x40081254[0m
[0;32mI (223) cpu_start: App cpu up.[0m
[0;32mI (245) cpu_start: Pro cpu start user code[0m
[0;32mI (245) cpu_start: cpu freq: 160000000 Hz[0m
[0;32mI (245) cpu_start: Application information:[0m
[0;32mI (250) cpu_start: Project name:     blink[0m
[0;32mI (254) cpu_start: App version:      7acd246-dirty[0m
[0;32mI (260) cpu_start: Compile time:     Nov 10 2023 04:15:59[0m
[0;32mI (266) cpu_start: ELF file SHA256:  5634072a2...[0m
[0;32mI (271) cpu_start: ESP-IDF:          v5.2-dev-2590-g62ee4135e0-dirty[0m
[0;32mI (278) cpu_start: Min chip rev:     v0.0[0m
