(ï¿½^ï¿½ï¿½ï¿½
ï¿½r
[0;32mI (262) cpu_start: Max chip rev:     v3.99 [0
[0;32mI (267) cpu_start: Chipï¿½[0;32mI (13) boot: ESP-IDF v5.2-dev-2590-g62ee4135e0-dirty 2nd stage bootloader[0m
[0;32mI (13) boot: compile time Nov 10 2023 03:53:26[0m
[0;32mI (15) boot: Multicore bootloader[0m
[0;32mI (19) boot: chip revision: v3.0[0m
[0;32mI (23) boot.esp32: SPI Speed      : 40MHz[0m
[0;32mI (27) boot.esp32: SPI Mode       : DIO[0m
[0;32mI (32) boot.esp32: SPI Flash Size : 2MB[0m
[0;32mI (36) boot: Enabling RNG early entropy source...[0m
[0;32mI (42) boot: Partition Table:[0m
[0;32mI (45) boot: ## Label            Usage          Type ST Offset   Length[0m
[0;32mI (53) boot:  0 nvs              WiFi data        01 02 00009000 00006000[0m
[0;32mI (60) boot:  1 phy_init         RF data          01 01 0000f000 00001000[0m
[0;32mI (68) boot:  2 factory          factory app      00 00 00010000 00100000[0m
[0;32mI (75) boot: End of partition table[0m
[0;32mI (79) esp_image: segment 0: paddr=00010020 vaddr=3f400020 size=0e1d4h ( 57812) map[0m
[0;32mI (109) esp_image: segment 1: paddr=0001e1fc vaddr=3ffb0000 size=01e1ch (  7708) load[0m
[0;32mI (112) esp_image: segment 2: paddr=00020020 vaddr=400d0020 size=1d388h (119688) map[0m
[0;32mI (158) esp_image: segment 3: paddr=0003d3b0 vaddr=3ffb1e1c size=0035ch (   860) load[0m
[0;32mI (158) esp_image: segment 4: paddr=0003d714 vaddr=40080000 size=0dbdch ( 56284) load[0m
[0;32mI (194) boot: Loaded app from partition at offset 0x10000[0m
[0;32mI (194) boot: Disabling RNG early entropy source...[0m
[0;32mI (205) cpu_start: Multicore app[0m
[0;32mI (206) cpu_start: Pro cpu up.[0m
[0;32mI (206) cpu_start: Starting app cpu, entry point is 0x400811b0[0m
[0;32mI (0) cpu_start: App cpu up.[0m
[0;32mI (224) cpu_start: Pro cpu start user code[0m
[0;32mI (224) cpu_start: cpu freq: 160000000 Hz[0m
[0;32mI (224) cpu_start: Application information:[0m
[0;32mI (228) cpu_start: Project name:     blink[0m
[0;32mI (233) cpu_start: App version:      1d7d9e8-dirty[0m
[0;32mI (239) cpu_start: Compile time:     Nov 10 2023 03:53:15[0m
[0;32mI (245) cpu_start: ELF file SHA256:  e6ab2b396...[0m
[0;32mI (250) cpu_start: ESP-IDF:          v5.2-dev-2590-g62ee4135e0-dirty[0m
[0;32mI (257) cpu_start: Min chip rev:     v0.0[0m
[0;32mI (262) cpu_start: Max chip rev:     v3.99 [0m
[0;32mI (267) cpu_start: Chip rev:         v3.0[0m
[0;32mI (272) heap_init: Initializing. RAM available for dynamic allocation:[0m
[0;32mI (279) heap_init: At 3FFAE6E0 len 00001920 (6 KiB): DRAM[0m
[0;32mI (285) heap_init: At 3FFB2A68 len 0002D598 (181 KiB): DRAM[0m
[0;32mI (291) heap_init: At 3FFE0440 len 00003AE0 (14 KiB): D/IRAM[0m
[0;32mI (297) heap_init: At 3FFE4350 len 0001BCB0 (111 KiB): D/IRAM[0m
[0;32mI (304) heap_init: At 4008DBDC len 00012424 (73 KiB): IRAM[0m
[0;32mI (311) spi_flash: detected chip: generic[0m
[0;32mI (314) spi_flash: flash io: dio[0m
[0;33mW (318) spi_flash: Detected size(4096k) larger than the size in the binary image header(2048k). Using the size in the binary image header.[0m
[0;33mW (332) i2c: This driver is an old driver, please migrate your application code to adapt `driver/i2c_master.h`[0m
[0;33mW (342) ADC: legacy driver is deprecated, please migrate to `esp_adc/adc_oneshot.h`[0m
[0;32mI (351) app_start: Starting scheduler on CPU0[0m
[0;32mI (356) app_start: Starting scheduler on CPU1[0m
[0;32mI (356) main_task: Started on CPU0[0m
[0;32mI (366) main_task: Calling app_main()[0m

>> i2c Config
- parameters: ok
- initialized: yes

>> I2C scanning ...
- Device found at address: 0x62
- Device found at address: 0x70

>> Polling LIDAR
[0;32mI (396) example: Install capture timer[0m
[0;32mI (396) example: Install capture channel[0m
[0;32mI (396) gpio: GPIO[26]| InputEn: 1| OutputEn: 0| OpenDrain: 0| Pullup: 1| Pulldown: 0| Intr:0 [0m
[0;32mI (406) example: Register capture callback[0m
[0;32mI (416) example: Enable capture channel[0m
[0;32mI (416) example: Configure Trig pin[0m
[0;32mI (426) gpio: GPIO[25]| InputEn: 0| OutputEn: 1| OpenDrain: 0| Pullup: 0| Pulldown: 0| Intr:0 [0m
[0;32mI (436) example: Enable and start capture timer[0m
[0;32mI (436) example: Install capture timer[0m
[0;32mI (446) example: Install capture channel[0m
[0;32mI (446) gpio: GPIO[36]| InputEn: 1| OutputEn: 0| OpenDrain: 0| Pullup: 1| Pulldown: 0| Intr:0 [0m
[0;32mI (456) example: Register capture callback[0m
[0;32mI (456) example: Enable capture channel[0m
[0;32mI (466) example: Configure Trig pin[0m
[0;32mI (466) gpio: GPIO[4]| InputEn: 0| OutputEn: 1| OpenDrain: 0| Pullup: 0| Pulldown: 0| Intr:0 [0m
[0;32mI (476) example: Enable and start capture timer[0m
[0;32mI (486) example: Create timer and operator[0m
[0;32mI (486) example: Measured distance LEFT: 26.16cm[0m
[0;32mI (486) example: Connect timer and operator[0m
[0;32mI (486) example: Create timer and operator[0m
[0;32mI (506) example: Create comparator and generator from the operator[0m
[0;32mI (506) example: Connect timer and operator[0m
[0;32mI (516) gpio: GPIO[13]| InputEn: 0| OutputEn: 1| OpenDrain: 0| Pullup: 0| Pulldown: 0| Intr:0 [0m
[0;32mI (516) example: Create comparator and generator from the operator[0m
[0;32mI (526) example: Set generator action on timer and compare event[0m
[0;32mI (546) example: Measured distance LEFT: 26.23cm[0m
[0;32mI (546) example: Enable and start timer[0m
[0;32mI (536) gpio: GPIO[15]| InputEn: 0| OutputEn: 1| OpenDrain: 0| Pullup: 0| Pulldown: 0| Intr:0 [0m
eFuse Two Point: NOT supported
[0;32mI (556) example: Set generator action on timer and compare event[0m
eFuse Vref: Supported
[0;32mI (576) example: Enable and start timer[0m
Characterized using eFuse Vref
>> Test Alphanumeric Display: 
[0;32mI (486) main_task: Returned from app_main()[0m
[0;32mI (596) example: Measured distance LEFT: 26.16cm[0m
[0;32mI (646) example: Measured distance LEFT: 26.51cm[0m
[0;32mI (696) example: Measured distance LEFT: 26.16cm[0m
[0;32mI (746) example: Measured distance LEFT: 26.44cm[0m
- oscillator: ok 
Distance: 203
[0;32mI (796) example: Measured distance LEFT: 26.23cm[0m
[0;32mI (846) example: Measured distance LEFT: 26.37cm[0m
[0;32mI (896) example: Measured distance LEFT: 26.23cm[0m
