01920 (6ï¿½ets Jul 29 2019 12:21:46

rst:0x1 (POWERON_RESET),boot:0x13 (SPI_FAST_FLASH_BOOT)
configsip: 0, SPIWP:0xee
clk_drv:0x00,q_drv:0x00,d_drv:0x00,cs0_drv:0x00,hd_drv:0x00,wp_drv:0x00
mode:DIO, clock div:2
load:0x3fff0030,len:7136
load:0x40078000,len:15780
ho 0 tail 12 room 4
load:0x40080400,len:4
load:0x40080404,len:3884
entry 0x40080650
[0;32mI (31) boot: ESP-IDF v5.2-dev-2590-g62ee4135e0-dirty 2nd stage bootloader[0m
[0;32mI (31) boot: compile time Nov  9 2023 18:00:02[0m
[0;32mI (33) boot: Multicore bootloader[0m
[0;32mI (38) boot: chip revision: v3.0[0m
[0;32mI (41) boot.esp32: SPI Speed      : 40MHz[0m
[0;32mI (46) boot.esp32: SPI Mode       : DIO[0m
[0;32mI (51) boot.esp32: SPI Flash Size : 2MB[0m
[0;32mI (55) boot: Enabling RNG early entropy source...[0m
[0;32mI (61) boot: Partition Table:[0m
[0;32mI (64) boot: ## Label            Usage          Type ST Offset   Length[0m
[0;32mI (71) boot:  0 nvs              WiFi data        01 02 00009000 00006000[0m
[0;32mI (79) boot:  1 phy_init         RF data          01 01 0000f000 00001000[0m
[0;32mI (86) boot:  2 factory          factory app      00 00 00010000 00100000[0m
[0;32mI (94) boot: End of partition table[0m
[0;32mI (98) esp_image: segment 0: paddr=00010020 vaddr=3f400020 size=0e214h ( 57876) map[0m
[0;32mI (127) esp_image: segment 1: paddr=0001e23c vaddr=3ffb0000 size=01ddch (  7644) load[0m
[0;32mI (131) esp_image: segment 2: paddr=00020020 vaddr=400d0020 size=1cbd8h (117720) map[0m
[0;32mI (176) esp_image: segment 3: paddr=0003cc00 vaddr=3ffb1ddc size=0039ch (   924) load[0m
[0;32mI (176) esp_image: segment 4: paddr=0003cfa4 vaddr=40080000 size=0dbdch ( 56284) load[0m
[0;32mI (212) boot: Loaded app from partition at offset 0x10000[0m
[0;32mI (212) boot: Disabling RNG early entropy source...[0m
[0;32mI (223) cpu_start: Multicore app[0m
[0;32mI (224) cpu_start: Pro cpu up.[0m
[0;32mI (224) cpu_start: Starting app cpu, entry point is 0x400811b0[0m
[0;32mI (0) cpu_start: App cpu up.[0m
[0;32mI (242) cpu_start: Pro cpu start user code[0m
[0;32mI (242) cpu_start: cpu freq: 160000000 Hz[0m
[0;32mI (242) cpu_start: Application information:[0m
[0;32mI (246) cpu_start: Project name:     blink[0m
[0;32mI (251) cpu_start: App version:      51730a5-dirty[0m
[0;32mI (257) cpu_start: Compile time:     Nov  9 2023 20:47:07[0m
[0;32mI (263) cpu_start: ELF file SHA256:  618b569f8...[0m
[0;32mI (268) cpu_start: ESP-IDF:          v5.2-dev-2590-g62ee4135e0-dirty[0m
[0;32mI (275) cpu_start: Min chip rev:     v0.0[0m
[0;32mI (280) cpu_start: Max chip rev:     v3.99 [0m
[0;32mI (285) cpu_start: Chip rev:         v3.0[0m
[0;32mI (290) heap_init: Initializing. RAM available for dynamic allocation:[0m
[0;32mI (297) heap_init: At 3FFAE6E0 len 00001920 (6 KiB): DRAM[0m
[0;32mI (303) heap_init: At 3FFB2A48 len 0002D5B8 (181 KiB): DRAM[0m
[0;32mI (309) heap_init: At 3FFE0440 len 00003AE0 (14 KiB): D/IRAM[0m
[0;32mI (315) heap_init: At 3FFE4350 len 0001BCB0 (111 KiB): D/IRAM[0m
[0;32mI (322) heap_init: At 4008DBDC len 00012424 (73 KiB): IRAM[0m
[0;32mI (329) spi_flash: detected chip: generic[0m
[0;32mI (333) spi_flash: flash io: dio[0m
[0;33mW (336) spi_flash: Detected size(4096k) larger than the size in the binary image header(2048k). Using the size in the binary image header.[0m
[0;33mW (350) i2c: This driver is an old driver, please migrate your application code to adapt `driver/i2c_master.h`[0m
[0;33mW (360) ADC: legacy driver is deprecated, please migrate to `esp_adc/adc_oneshot.h`[0m
[0;32mI (369) app_start: Starting scheduler on CPU0[0m
[0;32mI (374) app_start: Starting scheduler on CPU1[0m
[0;32mI (374) main_task: Started on CPU0[0m
[0;32mI (384) main_task: Calling app_main()[0m

>> i2c Config
- parameters: ok
- initialized: yes

>> I2C scanning ...
- Device found at address: 0x62

>> Polling LIDAR
[0;32mI (414) example: Install capture timer[0m
[0;32mI (414) example: Install capture timer[0m
[0;32mI (414) example: Install capture channel[0m
[0;32mI (424) gpio: GPIO[26]| InputEn: 1| OutputEn: 0| OpenDrain: 0| Pullup: 1| Pulldown: 0| Intr:0 [0m
[0;32mI (434) example: Install capture channel[0m
[0;32mI (434) gpio: GPIO[36]| InputEn: 1| OutputEn: 0| OpenDrain: 0| Pullup: 1| Pulldown: 0| Intr:0 [0m
[0;32mI (444) example: Register capture callback[0m
[0;32mI (444) example: Register capture callback[0m
[0;32mI (454) example: Enable capture channel[0m
[0;32mI (454) example: Enable capture channel[0m
[0;32mI (464) example: Configure Trig pin[0m
[0;32mI (464) gpio: GPIO[25]| InputEn: 0| OutputEn: 1| OpenDrain: 0| Pullup: 0| Pulldown: 0| Intr:0 [0m
[0;32mI (474) example: Enable and start capture timer[0m
[0;32mI (484) example: Configure Trig pin[0m
[0;32mI (484) gpio: GPIO[4]| InputEn: 0| OutputEn: 1| OpenDrain: 0| Pullup: 0| Pulldown: 0| Intr:0 [0m
[0;32mI (494) example: Enable and start capture timer[0m
[0;32mI (504) example: Create timer and operator[0m
[0;32mI (504) example: Create timer and operator[0m
[0;32mI (504) example: LEFT - Measured distance: 49.14cm[0m
[0;32mI (504) example: Connect timer and operator[0m
[0;32mI (514) example: Connect timer and operator[0m
[0;32mI (524) example: Create comparator and generator from the operator[0m
[0;32mI (534) example: Create comparator and generator from the operator[0m
[0;32mI (534) gpio: GPIO[13]| InputEn: 0| OutputEn: 1| OpenDrain: 0| Pullup: 0| Pulldown: 0| Intr:0 [0m
[0;32mI (544) gpio: GPIO[15]| InputEn: 0| OutputEn: 1| OpenDrain: 0| Pullup: 0| Pulldown: 0| Intr:0 [0m
[0;32mI (544) example: Set generator action on timer and compare event[0m
[0;32mI (564) example: Set generator action on timer and compare event[0m
[0;32mI (574) example: Enable and start timer[0m
[0;32mI (574) example: Enable and start timer[0m
[0;32mI (584) example: LEFT - Measured distance: 49.11cm[0m
eFuse Two Point: NOT supported
[0;32mI (504) main_task: Returned from app_main()[0m
eFuse Vref: Supported
Characterized using eFuse Vref
[0;32mI (614) example: RIGHT - Measured distance: 460.87cm[0m
[0;32mI (794) example: WALL DETECTED[0m
Distance: 56
[0;32mI (1114) example: LEFT - Measured distance: 247.99cm[0m
[0;32mI (1114) example: RIGHT - Measured distance: 48.78cm[0m
[0;32mI (1264) example: WALL DETECTED[0m
Distance: 56
Count: 1
Speed is 0.1m/s
[0;32mI (1614) example: LEFT - Measured distance: 32.82cm[0m
[0;32mI (1614) example: RIGHT - Measured distance: 14.49cm[0m
[0;32mI (1744) example: WALL DETECTED[0m
Distance: 54
[0;32mI (2114) example: LEFT - Measured distance: 48.92cm[0m
[0;32mI (2134) example: RIGHT - Measured distance: 173.10cm[0m
[0;32mI (2214) example: WALL DETECTED[0m
Distance: 55
Count: 0
Speed is 0.0m/s
[0;32mI (2634) example: LEFT - Measured distance: 31.98cm[0m
[0;32mI (2634) example: RIGHT - Measured distance: 49.09cm[0m
[0;32mI (2694) example: WALL DETECTED[0m
Distance: 57
[0;32mI (3134) example: LEFT - Measured distance: 550.56cm[0m
[0;32mI (3134) example: RIGHT - Measured distance: 14.61cm[0m
[0;32mI (3174) example: WALL DETECTED[0m
Distance: 55
Count: 0
Speed is 0.0m/s
[0;32mI (3634) example: LEFT - Measured distance: 48.94cm[0m
[0;32mI (3644) example: RIGHT - Measured distance: 157.21cm[0m
[0;32mI (3654) example: WALL DETECTED[0m
Distance: 55
[0;32mI (4134) example: WALL DETECTED[0m
Distance: 55
[0;32mI (4144) example: LEFT - Measured distance: 48.95cm[0m
[0;32mI (4154) example: RIGHT - Measured distance: 155.89cm[0m
Count: 0
Speed is 0.0m/s
[0;32mI (4624) example: WALL DETECTED[0m
Distance: 55
[0;32mI (4654) example: LEFT - Measured distance: 48.78cm[0m
[0;32mI (4664) example: RIGHT - Measured distance: 157.90cm[0m
[0;32mI (5094) example: WALL DETECTED[0m
Distance: 55
[0;32mI (5164) example: LEFT - Measured distance: 49.05cm[0m
[0;32mI (5184) example: RIGHT - Measured distance: 171.99cm[0m
Count: 0
Speed is 0.0m/s
[0;32mI (5574) example: WALL DETECTED[0m
Distance: 54
[0;32mI (5684) example: LEFT - Measured distance: 48.93cm[0m
[0;32mI (5694) example: RIGHT - Measured distance: 158.20cm[0m
[0;32mI (6044) example: WALL DETECTED[0m
Distance: 55
[0;32mI (6194) example: LEFT - Measured distance: 49.03cm[0m
[0;32mI (6204) example: RIGHT - Measured distance: 157.73cm[0m
Count: 0
Speed is 0.0m/s
[0;32mI (6534) example: WALL DETECTED[0m
Distance: 55
[0;32mI (6704) example: LEFT - Measured distance: 32.41cm[0m
[0;32mI (6704) example: RIGHT - Measured distance: 49.12cm[0m
[0;32mI (7014) example: WALL DETECTED[0m
Distance: 55
[0;32mI (7204) example: LEFT - Measured distance: 33.23cm[0m
[0;32mI (7204) example: RIGHT - Measured distance: 49.21cm[0m
[0;32mI (7484) example: WALL DETECTED[0m
Distance: 54
Count: 0
Speed is 0.0m/s
[0;32mI (7704) example: LEFT - Measured distance: 49.05cm[0m
[0;32mI (7714) example: RIGHT - Measured distance: 157.54cm[0m
[0;32mI (7964) example: WALL DETECTED[0m
Distance: 55
[0;32mI (8214) example: LEFT - Measured distance: 49.13cm[0m
[0;32mI (8224) example: RIGHT - Measured distance: 157.46cm[0m
[0;32mI (8444) example: WALL DETECTED[0m
Distance: 54
Count: 0
Speed is 0.0m/s
[0;32mI (8724) example: LEFT - Measured distance: 49.05cm[0m
[0;32mI (8734) example: RIGHT - Measured distance: 158.25cm[0m
[0;32mI (8834) example: WALL DETECTED[0m
Distance: 55
[0;32mI (9234) example: LEFT - Measured distance: 49.07cm[0m
[0;32mI (9244) example: RIGHT - Measured distance: 157.19cm[0m
[0;32mI (9304) example: WALL DETECTED[0m
Distance: 55
Count: 0
Speed is 0.0m/s
[0;32mI (9744) example: LEFT - Measured distance: 49.10cm[0m
[0;32mI (9754) example: RIGHT - Measured distance: 157.56cm[0m
[0;32mI (9794) example: WALL DETECTED[0m
Distance: 55
