6) cpu_start: Project naï¿½ets Jul 29 2019 12:21:46

rst:0x1 (POWERON_RESET),boot:0x13 (SPI_FAST_FLASH_BOOT)
configsip: 0, SPIWP:0xee
clk_drv:0x00,q_drv:0x00,d_drv:0x00,cs0_drv:0x00,hd_drv:0x00,wp_drv:0x00
mode:DIO, clock div:2
load:0x3fff0030,len:7136
load:0x40078000,len:15780
ho 0 tail 12 room 4
load:0x40080400,len:4
load:0x40080404,len:3884
entry 0x40080650
[0;32mI (31) boot: ESP-IDF v5.2-dev-2590-g62ee4135e0-dirty 2nd stage bootloader[0m
[0;32mI (31) boot: compile time Nov  9 2023 18:00:02[0m
[0;32mI (33) boot: Multicore bootloader[0m
[0;32mI (38) boot: chip revision: v3.0[0m
[0;32mI (41) boot.esp32: SPI Speed      : 40MHz[0m
[0;32mI (46) boot.esp32: SPI Mode       : DIO[0m
[0;32mI (51) boot.esp32: SPI Flash Size : 2MB[0m
[0;32mI (55) boot: Enabling RNG early entropy source...[0m
[0;32mI (61) boot: Partition Table:[0m
[0;32mI (64) boot: ## Label            Usage          Type ST Offset   Length[0m
[0;32mI (71) boot:  0 nvs              WiFi data        01 02 00009000 00006000[0m
[0;32mI (79) boot:  1 phy_init         RF data          01 01 0000f000 00001000[0m
[0;32mI (86) boot:  2 factory          factory app      00 00 00010000 00100000[0m
[0;32mI (94) boot: End of partition table[0m
[0;32mI (98) esp_image: segment 0: paddr=00010020 vaddr=3f400020 size=0d75ch ( 55132) map[0m
[0;32mI (126) esp_image: segment 1: paddr=0001d784 vaddr=3ffb0000 size=02178h (  8568) load[0m
[0;32mI (130) esp_image: segment 2: paddr=0001f904 vaddr=40080000 size=00714h (  1812) load[0m
[0;32mI (133) esp_image: segment 3: paddr=00020020 vaddr=400d0020 size=1bca8h (113832) map[0m
[0;32mI (182) esp_image: segment 4: paddr=0003bcd0 vaddr=40080714 size=0d28ch ( 53900) load[0m
[0;32mI (211) boot: Loaded app from partition at offset 0x10000[0m
[0;32mI (211) boot: Disabling RNG early entropy source...[0m
[0;32mI (223) cpu_start: Multicore app[0m
[0;32mI (223) cpu_start: Pro cpu up.[0m
[0;32mI (223) cpu_start: Starting app cpu, entry point is 0x4008119c[0m
[0;32mI (0) cpu_start: App cpu up.[0m
[0;32mI (241) cpu_start: Pro cpu start user code[0m
[0;32mI (241) cpu_start: cpu freq: 160000000 Hz[0m
[0;32mI (241) cpu_start: Application information:[0m
[0;32mI (246) cpu_start: Project name:     blink[0m
[0;32mI (251) cpu_start: App version:      51730a5-dirty[0m
[0;32mI (256) cpu_start: Compile time:     Nov  9 2023 20:47:07[0m
[0;32mI (262) cpu_start: ELF file SHA256:  18837a24e...[0m
[0;32mI (268) cpu_start: ESP-IDF:          v5.2-dev-2590-g62ee4135e0-dirty[0m
[0;32mI (275) cpu_start: Min chip rev:     v0.0[0m
[0;32mI (279) cpu_start: Max chip rev:     v3.99 [0m
[0;32mI (284) cpu_start: Chip rev:         v3.0[0m
[0;32mI (289) heap_init: Initializing. RAM available for dynamic allocation:[0m
[0;32mI (296) heap_init: At 3FFAE6E0 len 00001920 (6 KiB): DRAM[0m
[0;32mI (302) heap_init: At 3FFB2A30 len 0002D5D0 (181 KiB): DRAM[0m
[0;32mI (308) heap_init: At 3FFE0440 len 00003AE0 (14 KiB): D/IRAM[0m
[0;32mI (315) heap_init: At 3FFE4350 len 0001BCB0 (111 KiB): D/IRAM[0m
[0;32mI (321) heap_init: At 4008D9A0 len 00012660 (73 KiB): IRAM[0m
[0;32mI (329) spi_flash: detected chip: generic[0m
[0;32mI (332) spi_flash: flash io: dio[0m
[0;33mW (336) spi_flash: Detected size(4096k) larger than the size in the binary image header(2048k). Using the size in the binary image header.[0m
[0;33mW (349) i2c: This driver is an old driver, please migrate your application code to adapt `driver/i2c_master.h`[0m
[0;33mW (360) ADC: legacy driver is deprecated, please migrate to `esp_adc/adc_oneshot.h`[0m
[0;32mI (369) app_start: Starting scheduler on CPU0[0m
[0;32mI (373) app_start: Starting scheduler on CPU1[0m
[0;32mI (373) main_task: Started on CPU0[0m
[0;32mI (383) main_task: Calling app_main()[0m

>> i2c Config
- parameters: ok
- initialized: yes

>> I2C scanning ...
- Device found at address: 0x62

>> Polling LIDAR
[0;32mI (413) example: Create timer and operator[0m
[0;32mI (413) example: Connect timer and operator[0m
[0;32mI (413) example: Create comparator and generator from the operator[0m
[0;32mI (423) gpio: GPIO[13]| InputEn: 0| OutputEn: 1| OpenDrain: 0| Pullup: 0| Pulldown: 0| Intr:0 [0m
[0;32mI (433) example: Set generator action on timer and compare event[0m
[0;32mI (443) example: Enable and start timer[0m
Distance: 90
Distance: 89
Distance: 89
Distance: 90
Distance: 88
Distance: 90
Distance: 88
Distance: 88
Distance: 88
Distance: 89
[0;31mE (5413) task_wdt: Task watchdog got triggered. The following tasks/users did not reset the watchdog in time:[0m
[0;31mE (5413) task_wdt:  - IDLE (CPU 0)[0m
[0;31mE (5413) task_wdt: Tasks currently running:[0m
[0;31mE (5413) task_wdt: CPU 0: ServoTask[0m
[0;31mE (5413) task_wdt: CPU 1: IDLE[0m
[0;31mE (5413) task_wdt: Print CPU 0 (current core) backtrace[0m


Backtrace: 0x400DD61B:0x3FFB0D40 0x400DD7A2:0x3FFB0D60 0x400830ED:0x3FFB0D80 0x4000BFED:0x3FFB7BE0 0x400896F7:0x3FFB7BF0 0x400D95AB:0x3FFB7C10 0x400D5CBA:0x3FFB7C40 0x40089355:0x3FFB7CC0

Distance: 89
Distance: 87
Distance: 88
Distance: 89
Distance: 88
Distance: 89
Distance: 89
Distance: 84
Distance: 79
Distance: 85
Distance: 85
[0;31mE (10413) task_wdt: Task watchdog got triggered. The following tasks/users did not reset the watchdog in time:[0m
[0;31mE (10413) task_wdt:  - IDLE (CPU 0)[0m
[0;31mE (10413) task_wdt: Tasks currently running:[0m
[0;31mE (10413) task_wdt: CPU 0: ServoTask[0m
[0;31mE (10413) task_wdt: CPU 1: IDLE[0m
[0;31mE (10413) task_wdt: Print CPU 0 (current core) backtrace[0m


Backtrace: 0x400DD61B:0x3FFB0D40 0x400DD7A2:0x3FFB0D60 0x400830ED:0x3FFB0D80 0x4000BFED:0x3FFB7BE0 0x40089519:0x3FFB7BF0 0x400D953C:0x3FFB7C10 0x400D5CBA:0x3FFB7C40 0x40089355:0x3FFB7CC0

Distance: 87
Distance: 85
Distance: 88
[0;32mI (12283) example: WALL DETECTED[0m
Distance: 67
[0;32mI (12763) example: WALL DETECTED[0m
Distance: 42
[0;32mI (13243) example: WALL DETECTED[0m
Distance: 53
[0;32mI (13713) example: WALL DETECTED[0m
Distance: 50
[0;32mI (14183) example: WALL DETECTED[0m
Distance: 64
Distance: 84
