iB): D/IRAM[0m
[0;32mI (3ï¿½[0;32mI (13) boot: ESP-IDF v5.2-dev-2590-g62ee4135e0-dirty 2nd stage bootloader[0m
[0;32mI (13) boot: compile time Nov  9 2023 18:00:02[0m
[0;32mI (15) boot: Multicore bootloader[0m
[0;32mI (19) boot: chip revision: v3.0[0m
[0;32mI (23) boot.esp32: SPI Speed      : 40MHz[0m
[0;32mI (27) boot.esp32: SPI Mode       : DIO[0m
[0;32mI (32) boot.esp32: SPI Flash Size : 2MB[0m
[0;32mI (36) boot: Enabling RNG early entropy source...[0m
[0;32mI (42) boot: Partition Table:[0m
[0;32mI (45) boot: ## Label            Usage          Type ST Offset   Length[0m
[0;32mI (53) boot:  0 nvs              WiFi data        01 02 00009000 00006000[0m
[0;32mI (60) boot:  1 phy_init         RF data          01 01 0000f000 00001000[0m
[0;32mI (68) boot:  2 factory          factory app      00 00 00010000 00100000[0m
[0;32mI (75) boot: End of partition table[0m
[0;32mI (79) esp_image: segment 0: paddr=00010020 vaddr=3f400020 size=0e424h ( 58404) map[0m
[0;32mI (109) esp_image: segment 1: paddr=0001e44c vaddr=3ffb0000 size=01bcch (  7116) load[0m
[0;32mI (112) esp_image: segment 2: paddr=00020020 vaddr=400d0020 size=1cf10h (118544) map[0m
[0;32mI (157) esp_image: segment 3: paddr=0003cf38 vaddr=3ffb1bcc size=005ach (  1452) load[0m
[0;32mI (158) esp_image: segment 4: paddr=0003d4ec vaddr=40080000 size=0dbdch ( 56284) load[0m
[0;32mI (194) boot: Loaded app from partition at offset 0x10000[0m
[0;32mI (194) boot: Disabling RNG early entropy source...[0m
[0;32mI (205) cpu_start: Multicore app[0m
[0;32mI (205) cpu_start: Pro cpu up.[0m
[0;32mI (206) cpu_start: Starting app cpu, entry point is 0x400811b0[0m
[0;32mI (0) cpu_start: App cpu up.[0m
[0;32mI (223) cpu_start: Pro cpu start user code[0m
[0;32mI (223) cpu_start: cpu freq: 160000000 Hz[0m
[0;32mI (223) cpu_start: Application information:[0m
[0;32mI (228) cpu_start: Project name:     blink[0m
[0;32mI (233) cpu_start: App version:      51730a5-dirty[0m
[0;32mI (238) cpu_start: Compile time:     Nov  9 2023 20:47:07[0m
[0;32mI (245) cpu_start: ELF file SHA256:  7405ed932...[0m
[0;32mI (250) cpu_start: ESP-IDF:          v5.2-dev-2590-g62ee4135e0-dirty[0m
[0;32mI (257) cpu_start: Min chip rev:     v0.0[0m
[0;32mI (262) cpu_start: Max chip rev:     v3.99 [0m
[0;32mI (266) cpu_start: Chip rev:         v3.0[0m
[0;32mI (271) heap_init: Initializing. RAM available for dynamic allocation:[0m
[0;32mI (279) heap_init: At 3FFAE6E0 len 00001920 (6 KiB): DRAM[0m
[0;32mI (284) heap_init: At 3FFB2A60 len 0002D5A0 (181 KiB): DRAM[0m
[0;32mI (291) heap_init: At 3FFE0440 len 00003AE0 (14 KiB): D/IRAM[0m
[0;32mI (297) heap_init: At 3FFE4350 len 0001BCB0 (111 KiB): D/IRAM[0m
[0;32mI (303) heap_init: At 4008DBDC len 00012424 (73 KiB): IRAM[0m
[0;32mI (311) spi_flash: detected chip: generic[0m
[0;32mI (314) spi_flash: flash io: dio[0m
[0;33mW (318) spi_flash: Detected size(4096k) larger than the size in the binary image header(2048k). Using the size in the binary image header.[0m
[0;33mW (331) i2c: This driver is an old driver, please migrate your application code to adapt `driver/i2c_master.h`[0m
[0;33mW (342) ADC: legacy driver is deprecated, please migrate to `esp_adc/adc_oneshot.h`[0m
[0;32mI (351) app_start: Starting scheduler on CPU0[0m
[0;32mI (355) app_start: Starting scheduler on CPU1[0m
[0;32mI (355) main_task: Started on CPU0[0m
[0;32mI (365) main_task: Calling app_main()[0m
Guru Meditation Error: Core  0 panic'ed (LoadProhibited). Exception was unhandled.

Core  0 register dump:
PC      : 0x40088595  PS      : 0x00060a33  A0      : 0x800876da  A1      : 0x3ffb2510  
A2      : 0x3ffb2530  A3      : 0x3ffb2540  A4      : 0x00000000  A5      : 0x00060a23  
A6      : 0xb33fffff  A7      : 0xb33fffff  A8      : 0x00000119  A9      : 0x00000001  
A10     : 0x00000001  A11     : 0x3ffb269c  A12     : 0x00000000  A13     : 0x00060a23  
A14     : 0xb33fffff  A15     : 0xb33fffff  SAR     : 0x00000004  EXCCAUSE: 0x0000001c  
EXCVADDR: 0x0000016b  LBEG    : 0x400014fd  LEND    : 0x4000150d  LCOUNT  : 0xfffffffb  


Backtrace: 0x40088592:0x3ffb2510 0x400876d7:0x3ffb2530 0x4008774c:0x3ffb2570 0x40082801:0x3ffb2590 0x40082909:0x3ffb25c0 0x400d5b8b:0x3ffb25e0 0x400d4aab:0x3ffb2600 0x400d4672:0x3ffb2620 0x4000bd83:0x3ffb2640 0x4000117d:0x3ffb2660 0x400592fe:0x3ffb2680 0x4005937a:0x3ffb26a0 0x400e109f:0x3ffb26c0 0x400e8f27:0x3ffb26f2 |<-CORRUPTED




ELF file SHA256: 7405ed932

Rebooting...
[0;32mI (13) boot: ESP-IDF v5.2-dev-2590-g62ee4135e0-dirty 2nd stage bootloader[0m
[0;32mI (13) boot: compile time Nov  9 2023 18:00:02[0m
[0;32mI (14) boot: Multicore bootloader[0m
[0;32mI (18) boot: chip revision: v3.0[0m
[0;32mI (22) boot.esp32: SPI Speed      : 40MHz[0m
[0;32mI (27) boot.esp32: SPI Mode       : DIO[0m
[0;32mI (31) boot.esp32: SPI Flash Size : 2MB[0m
[0;32mI (36) boot: Enabling RNG early entropy source...[0m
[0;32mI (41) boot: Partition Table:[0m
[0;32mI (45) boot: ## Label            Usage          Type ST Offset   Length[0m
[0;32mI (52) boot:  0 nvs              WiFi data        01 02 00009000 00006000[0m
[0;32mI (60) boot:  1 phy_init         RF data          01 01 0000f000 00001000[0m
[0;32mI (67) boot:  2 factory          factory app      00 00 00010000 00100000[0m
[0;32mI (75) boot: End of partition table[0m
[0;32mI (79) esp_image: segment 0: paddr=00010020 vaddr=3f400020 size=0e424h ( 58404) map[0m
[0;32mI (108) esp_image: segment 1: paddr=0001e44c vaddr=3ffb0000 size=01bcch (  7116) load[0m
[0;32mI (112) esp_image: segment 2: paddr=00020020 vaddr=400d0020 size=1cf10h (118544) map[0m
[0;32mI (157) esp_image: segment 3: paddr=0003cf38 vaddr=3ffb1bcc size=005ach (  1452) load[0m
[0;32mI (158) esp_image: segment 4: paddr=0003d4ec vaddr=40080000 size=0dbdch ( 56284) load[0m
[0;32mI (193) boot: Loaded app from partition at offset 0x10000[0m
[0;32mI (193) boot: Disabling RNG early entropy source...[0m
[0;32mI (205) cpu_start: Multicore app[0m
[0;32mI (205) cpu_start: Pro cpu up.[0m
[0;32mI (205) cpu_start: Starting app cpu, entry point is 0x400811b0[0m
[0;32mI (201) cpu_start: App cpu up.[0m
[0;32mI (223) cpu_start: Pro cpu start user code[0m
[0;32mI (223) cpu_start: cpu freq: 160000000 Hz[0m
[0;32mI (223) cpu_start: Application information:[0m
[0;32mI (228) cpu_start: Project name:     blink[0m
[0;32mI (233) cpu_start: App version:      51730a5-dirty[0m
[0;32mI (238) cpu_start: Compile time:     Nov  9 2023 20:47:07[0m
[0;32mI (244) cpu_start: ELF file SHA256:  7405ed932...[0m
[0;32mI (250) cpu_start: ESP-IDF:          v5.2-dev-2590-g62ee4135e0-dirty[0m
[0;32mI (257) cpu_start: Min chip rev:     v0.0[0m
[0;32mI (261) cpu_start: Max chip rev:     v3.99 [0m
[0;32mI (266) cpu_start: Chip rev:         v3.0[0m
[0;32mI (271) heap_init: Initializing. RAM available for dynamic allocation:[0m
[0;32mI (278) heap_init: At 3FFAE6E0 len 00001920 (6 KiB): DRAM[0m
[0;32mI (284) heap_init: At 3FFB2A60 len 0002D5A0 (181 KiB): DRAM[0m
[0;32mI (290) heap_init: At 3FFE0440 len 00003AE0 (14 KiB): D/IRAM[0m
[0;32mI (297) heap_init: At 3FFE4350 len 0001BCB0 (111 KiB): D/IRAM[0m
[0;32mI (303) heap_init: At 4008DBDC len 00012424 (73 KiB): IRAM[0m
[0;32mI (311) spi_flash: detected chip: generic[0m
[0;32mI (314) spi_flash: flash io: dio[0m
[0;33mW (318) spi_flash: Detected size(4096k) larger than the size in the binary image header(2048k). Using the size in the binary image header.[0m
[0;33mW (331) i2c: This driver is an old driver, please migrate your application code to adapt `driver/i2c_master.h`[0m
[0;33mW (342) ADC: legacy driver is deprecated, please migrate to `esp_adc/adc_oneshot.h`[0m
[0;32mI (351) app_start: Starting scheduler on CPU0[0m
[0;32mI (355) app_start: Starting scheduler on CPU1[0m
[0;32mI (355) main_task: Started on CPU0[0m
[0;32mI (365) main_task: Calling app_main()[0m
Guru Meditation Error: Core  0 panic'ed (LoadProhibited). Exception was unhandled.

Core  0 register dump:
PC      : 0x40088595  PS      : 0x00060a33  A0      : 0x800876da  A1      : 0x3ffb2510  
A2      : 0x3ffb2530  A3      : 0x3ffb2540  A4      : 0x00000000  A5      : 0x00060a23  
A6      : 0xb33fffff  A7      : 0xb33fffff  A8      : 0x00000119  A9      : 0x00000001  
A10     : 0x00000001  A11     : 0x3ffb269c  A12     : 0x00000000  A13     : 0x00060a23  
A14     : 0xb33fffff  A15     : 0xb33fffff  SAR     : 0x00000004  EXCCAUSE: 0x0000001c  
EXCVADDR: 0x0000016b  LBEG    : 0x400014fd  LEND    : 0x4000150d  LCOUNT  : 0xfffffffb  


Backtrace: 0x40088592:0x3ffb2510 0x400876d7:0x3ffb2530 0x4008774c:0x3ffb2570 0x40082801:0x3ffb2590 0x40082909:0x3ffb25c0 0x400d5b8b:0x3ffb25e0 0x400d4aab:0x3ffb2600 0x400d4672:0x3ffb2620 0x4000bd83:0x3ffb2640 0x4000117d:0x3ffb2660 0x400592fe:0x3ffb2680 0x4005937a:0x3ffb26a0 0x400e109f:0x3ffb26c0 0x400e8f27:0x3ffb26f2 |<-CORRUPTED




ELF file SHA256: 7405ed932

Rebooting...
[0;32mI (13) boot: ESP-IDF v5.2-dev-2590-g62ee4135e0-dirty 2nd stage bootloader[0m
[0;32mI (13) boot: compile time Nov  9 2023 18:00:02[0m
[0;32mI (14) boot: Multicore bootloader[0m
[0;32mI (18) boot: chip revision: v3.0[0m
[0;32mI (22) boot.esp32: SPI Speed      : 40MHz[0m
[0;32mI (27) boot.esp32: SPI Mode       : DIO[0m
[0;32mI (31) boot.esp32: SPI Flash Size : 2MB[0m
[0;32mI (36) boot: Enabling RNG early entropy source...[0m
[0;32mI (41) boot: Partition Table:[0m
[0;32mI (45) boot: ## Label            Usage          Type ST Offset   Length[0m
[0;32mI (52) boot:  0 nvs              WiFi data        01 02 00009000 00006000[0m
[0;32mI (60) boot:  1 phy_init         RF data          01 01 0000f000 00001000[0m
[0;32mI (67) boot:  2 factory          factory app      00 00 00010000 00100000[0m
[0;32mI (75) boot: End of partition table[0m
[0;32mI (79) esp_image: segment 0: paddr=00010020 vaddr=3f400020 size=0e424h ( 58404) map[0m
[0;32mI (108) esp_image: segment 1: paddr=0001e44c vaddr=3ffb0000 size=01bcch (  7116) load[0m
[0;32mI (112) esp_image: segment 2: paddr=00020020 vaddr=400d0020 size=1cf10h (118544) map[0m
[0;32mI (157) esp_image: segment 3: paddr=0003cf38 vaddr=3ffb1bcc size=005ach (  1452) load[0m
[0;32mI (158) esp_image: segment 4: paddr=0003d4ec vaddr=40080000 size=0dbdch ( 56284) load[0m
[0;32mI (193) boot: Loaded app from partition at offset 0x10000[0m
[0;32mI (193) boot: Disabling RNG early entropy source...[0m
[0;32mI (205) cpu_start: Multicore app[0m
[0;32mI (205) cpu_start: Pro cpu up.[0m
[0;32mI (205) cpu_start: Starting app cpu, entry point is 0x400811b0[0m
[0;32mI (201) cpu_start: App cpu up.[0m
[0;32mI (223) cpu_start: Pro cpu start user code[0m
[0;32mI (223) cpu_start: cpu freq: 160000000 Hz[0m
[0;32mI (223) cpu_start: Application information:[0m
[0;32mI (228) cpu_start: Project name:     blink[0m
[0;32mI (233) cpu_start: App version:      51730a5-dirty[0m
[0;32mI (238) cpu_start: Compile time:     Nov  9 2023 20:47:07[0m
[0;32mI (244) cpu_start: ELF file SHA256:  7405ed932...[0m
[0;32mI (250) cpu_start: ESP-IDF:          v5.2-dev-2590-g62ee4135e0-dirty[0m
[0;32mI (257) cpu_start: Min chip rev:     v0.0[0m
[0;32mI (261) cpu_start: Max chip rev:     v3.99 [0m
[0;32mI (266) cpu_start: Chip rev:         v3.0[0m
[0;32mI (271) heap_init: Initializing. RAM available for dynamic allocation:[0m
[0;32mI (278) heap_init: At 3FFAE6E0 len 00001920 (6 KiB): DRAM[0m
[0;32mI (284) heap_init: At 3FFB2A60 len 0002D5A0 (181 KiB): DRAM[0m
[0;32mI (290) heap_init: At 3FFE0440 len 00003AE0 (14 KiB): D/IRAM[0m
[0;32mI (297) heap_init: At 3FFE4350 len 0001BCB0 (111 KiB): D/IRAM[0m
[0;32mI (303) heap_init: At 4008DBDC len 00012424 (73 KiB): IRAM[0m
[0;32mI (311) spi_flash: detected chip: generic[0m
[0;32mI (314) spi_flash: flash io: dio[0m
[0;33mW (318) spi_flash: Detected size(4096k) larger than the size in the binary image header(2048k). Using the size in the binary image header.[0m
[0;33mW (331) i2c: This driver is an old driver, please migrate your application code to adapt `driver/i2c_master.h`[0m
[0;33mW (342) ADC: legacy driver is deprecated, please migrate to `esp_adc/adc_oneshot.h`[0m
[0;32mI (351) app_start: Starting scheduler on CPU0[0m
[0;32mI (355) app_start: Starting scheduler on CPU1[0m
[0;32mI (355) main_task: Started on CPU0[0m
[0;32mI (365) main_task: Calling app_main()[0m
Guru Meditation Error: Core  0 panic'ed (LoadProhibited). Exception was unhandled.

Core  0 register dump:
PC      : 0x40088595  PS      : 0x00060a33  A0      : 0x800876da  A1      : 0x3ffb2510  
A2      : 0x3ffb2530  A3      : 0x3ffb2540  A4      : 0x00000000  A5      : 0x00060a23  
A6      : 0xb33fffff  A7      : 0xb33fffff  A8      : 0x00000119  A9      : 0x00000001  
A10     : 0x00000001  A11     : 0x3ffb269c  A12     : 0x00000000  A13     : 0x00060a23  
A14     : 0xb33fffff  A15     : 0xb33fffff  SAR     : 0x00000004  EXCCAUSE: 0x0000001c  
EXCVADDR: 0x0000016b  LBEG    : 0x400014fd  LEND    : 0x4000150d  LCOUNT  : 0xfffffffb  


Backtrace: 0x40088592:0x3ffb2510 0x400876d7:0x3ffb2530 0x4008774c:0x3ffb2570 0x40082801:0x3ffb2590 0x40082909:0x3ffb25c0 0x400d5b8b:0x3ffb25e0 0x400d4aab:0x3ffb2600 0x400d4672:0x3ffb2620 0x4000bd83:0x3ffb2640 0x4000117d:0x3ffb2660 0x400592fe:0x3ffb2680 0x4005937a:0x3ffb26a0 0x400e109f:0x3ffb26c0 0x400e8f27:0x3ffb26f2 |<-CORRUPTED




ELF file SHA256: 7405ed932

Rebooting...
[0;32mI (13) boot: ESP-IDF v5.2-dev-2590-g62ee4135e0-dirty 2nd stage bootloader[0m
[0;32mI (13) boot: compile time Nov  9 2023 18:00:02[0m
[0;32mI (14) boot: Multicore bootloader[0m
[0;32mI (18) boot: chip revision: v3.0[0m
[0;32mI (22) boot.esp32: SPI Speed      : 40MHz[0m
[0;32mI (27) boot.esp32: SPI Mode       : DIO[0m
[0;32mI (31) boot.esp32: SPI Flash Size : 2MB[0m
[0;32mI (36) boot: Enabling RNG early entropy source...[0m
[0;32mI (41) boot: Partition Table:[0m
[0;32mI (45) boot: ## Label            Usage          Type ST Offset   Length[0m
[0;32mI (52) boot:  0 nvs              WiFi data        01 02 00009000 00006000[0m
[0;32mI (60) boot:  1 phy_init         RF data          01 01 0000f000 00001000[0m
[0;32mI (67) boot:  2 factory          factory app      00 00 00010000 00100000[0m
[0;32mI (75) boot: End of partition table[0m
[0;32mI (79) esp_image: segment 0: paddr=00010020 vaddr=3f400020 size=0e424h ( 58404) map[0m
[0;32mI (108) esp_image: segment 1: paddr=0001e44c vaddr=3ffb0000 size=01bcch (  7116) load[0m
[0;32mI (112) esp_image: segment 2: paddr=00020020 vaddr=400d0020 size=1cf10h (118544) map[0m
[0;32mI (157) esp_image: segment 3: paddr=0003cf38 vaddr=3ffb1bcc size=005ach (  1452) load[0m
[0;32mI (158) esp_image: segment 4: paddr=0003d4ec vaddr=40080000 size=0dbdch ( 56284) load[0m
[0;32mI (193) boot: Loaded app from partition at offset 0x10000[0m
[0;32mI (193) boot: Disabling RNG early entropy source...[0m
[0;32mI (205) cpu_start: Multicore app[0m
[0;32mI (205) cpu_start: Pro cpu up.[0m
[0;32mI (205) cpu_start: Starting app cpu, entry point is 0x400811b0[0m
[0;32mI (201) cpu_start: App cpu up.[0m
[0;32mI (223) cpu_start: Pro cpu start user code[0m
[0;32mI (223) cpu_start: cpu freq: 160000000 Hz[0m
[0;32mI (223) cpu_start: Application information:[0m
[0;32mI (228) cpu_start: Project name:     blink[0m
[0;32mI (233) cpu_start: App version:      51730a5-dirty[0m
[0;32mI (238) cpu_start: Compile time:     Nov  9 2023 20:47:07[0m
[0;32mI (244) cpu_start: ELF file SHA256:  7405ed932...[0m
[0;32mI (250) cpu_start: ESP-IDF:          v5.2-dev-2590-g62ee4135e0-dirty[0m
[0;32mI (257) cpu_start: Min chip rev:     v0.0[0m
[0;32mI (261) cpu_start: Max chip rev:     v3.99 [0m
[0;32mI (266) cpu_start: Chip rev:         v3.0[0m
[0;32mI (271) heap_init: Initializing. RAM available for dynamic allocation:[0m
[0;32mI (278) heap_init: At 3FFAE6E0 len 00001920 (6 KiB): DRAM[0m
[0;32mI (284) heap_init: At 3FFB2A60 len 0002D5A0 (181 KiB): DRAM[0m
[0;32mI (290) heap_init: At 3FFE0440 len 00003AE0 (14 KiB): D/IRAM[0m
[0;32mI (297) heap_init: At 3FFE4350 len 0001BCB0 (111 KiB): D/IRAM[0m
[0;32mI (303) heap_init: At 4008DBDC len 00012424 (73 KiB): IRAM[0m
[0;32mI (311) spi_flash: detected chip: generic[0m
[0;32mI (314) spi_flash: flash io: dio[0m
[0;33mW (318) spi_flash: Detected size(4096k) larger than the size in the binary image header(2048k). Using the size in the binary image header.[0m
[0;33mW (331) i2c: This driver is an old driver, please migrate your application code to adapt `driver/i2c_master.h`[0m
[0;33mW (342) ADC: legacy driver is deprecated, please migrate to `esp_adc/adc_oneshot.h`[0m
[0;32mI (351) app_start: Starting scheduler on CPU0[0m
[0;32mI (355) app_start: Starting scheduler on CPU1[0m
[0;32mI (355) main_task: Started on CPU0[0m
[0;32mI (365) main_task: Calling app_main()[0m
Guru Meditation Error: Core  0 panic'ed (LoadProhibited). Exception was unhandled.

Core  0 register dump:
PC      : 0x40088595  PS      : 0x00060a33  A0      : 0x800876da  A1      : 0x3ffb2510  
A2      : 0x3ffb2530  A3      : 0x3ffb2540  A4      : 0x00000000  A5      : 0x00060a23  
A6      : 0xb33fffff  A7      : 0xb33fffff  A8      : 0x00000119  A9      : 0x00000001  
A10     : 0x00000001  A11     : 0x3ffb269c  A12     : 0x00000000  A13     : 0x00060a23  
A14     : 0xb33fffff  A15     : 0xb33fffff  SAR     : 0x00000004  EXCCAUSE: 0x0000001c  
EXCVADDR: 0x0000016b  LBEG    : 0x400014fd  LEND    : 0x4000150d  LCOUNT  : 0xfffffffb  


Backtrace: 0x40088592:0x3ffb2510 0x400876d7:0x3ffb2530 0x4008774c:0x3ffb2570 0x40082801:0x3ffb2590 0x40082909:0x3ffb25c0 0x400d5b8b:0x3ffb25e0 0x400d4aab:0x3ffb2600 0x400d4672:0x3ffb2620 0x4000bd83:0x3ffb2640 0x4000117d:0x3ffb2660 0x400592fe:0x3ffb2680 0x4005937a:0x3ffb26a0 0x400e109f:0x3ffb26c0 0x400e8f27:0x3ffb26f2 |<-CORRUPTED




ELF file SHA256: 7405ed932

Rebooting...
[0;32mI (13) boot: ESP-IDF v5.2-dev-2590-g62ee4135e0-dirty 2nd stage bootloader[0m
[0;32mI (13) boot: compile time Nov  9 2023 18:00:02[0m
[0;32mI (14) boot: Multicore bootloader[0m
[0;32mI (18) boot: chip revision: v3.0[0m
[0;32mI (22) boot.esp32: SPI Speed      : 40MHz[0m
[0;32mI (27) boot.esp32: SPI Mode       : DIO[0m
[0;32mI (31) boot.esp32: SPI Flash Size : 2MB[0m
[0;32mI (36) boot: Enabling RNG early entropy source...[0m
[0;32mI (41) boot: Partition Table:[0m
[0;32mI (45) boot: ## Label            Usage          Type ST Offset   Length[0m
[0;32mI (52) boot:  0 nvs              WiFi data        01 02 00009000 00006000[0m
[0;32mI (60) boot:  1 phy_init         RF data          01 01 0000f000 00001000[0m
[0;32mI (67) boot:  2 factory          factory app      00 00 00010000 00100000[0m
[0;32mI (75) boot: End of partition table[0m
[0;32mI (79) esp_image: segment 0: paddr=00010020 vaddr=3f400020 size=0e424h ( 58404) map[0m
[0;32mI (108) esp_image: segment 1: paddr=0001e44c vaddr=3ffb0000 size=01bcch (  7116) load[0m
[0;32mI (112) esp_image: segment 2: paddr=00020020 vaddr=400d0020 size=1cf10h (118544) map[0m
[0;32mI (157) esp_image: segment 3: paddr=0003cf38 vaddr=3ffb1bcc size=005ach (  1452) load[0m
[0;32mI (158) esp_image: segment 4: paddr=0003d4ec vaddr=40080000 size=0dbdch ( 56284) load[0m
[0;32mI (193) boot: Loaded app from partition at offset 0x10000[0m
[0;32mI (193) boot: Disabling RNG early entropy source...[0m
[0;32mI (205) cpu_start: Multicore app[0m
[0;32mI (205) cpu_start: Pro cpu up.[0m
[0;32mI (205) cpu_start: Starting app cpu, entry point is 0x400811b0[0m
[0;32mI (201) cpu_start: App cpu up.[0m
[0;32mI (223) cpu_start: Pro cpu start user code[0m
[0;32mI (223) cpu_start: cpu freq: 160000000 Hz[0m
[0;32mI (223) cpu_start: Application information:[0m
[0;32mI (228) cpu_start: Project name:     blink[0m
[0;32mI (233) cpu_start: App version:      51730a5-dirty[0m
[0;32mI (238) cpu_start: Compile time:     Nov  9 2023 20:47:07[0m
[0;32mI (244) cpu_start: ELF file SHA256:  7405ed932...[0m
[0;32mI (250) cpu_start: ESP-IDF:          v5.2-dev-2590-g62ee4135e0-dirty[0m
[0;32mI (257) cpu_start: Min chip rev:     v0.0[0m
[0;32mI (261) cpu_start: Max chip rev:     v3.99 [0m
[0;32mI (266) cpu_start: Chip rev:         v3.0[0m
[0;32mI (271) heap_init: Initializing. RAM available for dynamic allocation:[0m
[0;32mI (278) heap_init: At 3FFAE6E0 len 00001920 (6 KiB): DRAM[0m
[0;32mI (284) heap_init: At 3FFB2A60 len 0002D5A0 (181 KiB): DRAM[0m
[0;32mI (290) heap_init: At 3FFE0440 len 00003AE0 (14 KiB): D/IRAM[0m
[0;32mI (297) heap_init: At 3FFE4350 len 0001BCB0 (111 KiB): D/IRAM[0m
[0;32mI (303) heap_init: At 4008DBDC len 00012424 (73 KiB): IRAM[0m
[0;32mI (311) spi_flash: detected chip: generic[0m
[0;32mI (314) spi_flash: flash io: dio[0m
[0;33mW (318) spi_flash: Detected size(4096k) larger than the size in the binary image header(2048k). Using the size in the binary image header.[0m
[0;33mW (331) i2c: This driver is an old driver, please migrate your application code to adapt `driver/i2c_master.h`[0m
[0;33mW (342) ADC: legacy driver is deprecated, please migrate to `esp_adc/adc_oneshot.h`[0m
[0;32mI (351) app_start: Starting scheduler on CPU0[0m
[0;32mI (355) app_start: Starting scheduler on CPU1[0m
[0;32mI (355) main_task: Started on CPU0[0m
[0;32mI (365) main_task: Calling app_main()[0m
Guru Meditation Error: Core  0 panic'ed (LoadProhibited). Exception was unhandled.

Core  0 register dump:
PC      : 0x40088595  PS      : 0x00060a33  A0      : 0x800876da  A1      : 0x3ffb2510  
A2      : 0x3ffb2530  A3      : 0x3ffb2540  A4      : 0x00000000  A5      : 0x00060a23  
A6      : 0xb33fffff  A7      : 0xb33fffff  A8      : 0x00000119  A9      : 0x00000001  
A10     : 0x00000001  A11     : 0x3ffb269c  A12     : 0x00000000  A13     : 0x00060a23  
A14     : 0xb33fffff  A15     : 0xb33fffff  SAR     : 0x00000004  EXCCAUSE: 0x0000001c  
EXCVADDR: 0x0000016b  LBEG    : 0x400014fd  LEND    : 0x4000150d  LCOUNT  : 0xfffffffb  


Backtrace: 0x40088592:0x3ffb2510 0x400876d7:0x3ffb2530 0x4008774c:0x3ffb2570 0x40082801:0x3ffb2590 0x40082909:0x3ffb25c0 0x400d5b8b:0x3ffb25e0 0x400d4aab:0x3ffb2600 0x400d4672:0x3ffb2620 0x4000bd83:0x3ffb2640 0x4000117d:0x3ffb2660 0x400592fe:0x3ffb2680 0x4005937a:0x3ffb26a0 0x400e109f:0x3ffb26c0 0x400e8f27:0x3ffb26f2 |<-CORRUPTED




ELF file SHA256: 7405ed932

Rebooting...
[0;32mI (13) boot: ESP-IDF v5.2-dev-2590-g62ee4135e0-dirty 2nd stage bootloader[0m
[0;32mI (13) boot: compile time Nov  9 2023 18:00:02[0m
[0;32mI (14) boot: Multicore bootloader[0m
[0;32mI (18) boot: chip revision: v3.0[0m
[0;32mI (22) boot.esp32: SPI Speed      : 40MHz[0m
[0;32mI (27) boot.esp32: SPI Mode       : DIO[0m
[0;32mI (31) boot.esp32: SPI Flash Size : 2MB[0m
[0;32mI (36) boot: Enabling RNG early entropy source...[0m
[0;32mI (41) boot: Partition Table:[0m
[0;32mI (45) boot: ## Label            Usage          Type ST Offset   Length[0m
[0;32mI (52) boot:  0 nvs              WiFi data        01 02 00009000 00006000[0m
[0;32mI (60) boot:  1 phy_init         RF data          01 01 0000f000 00001000[0m
[0;32mI (67) boot:  2 factory          factory app      00 00 00010000 00100000[0m
[0;32mI (75) boot: End of partition table[0m
[0;32mI (79) esp_image: segment 0: paddr=00010020 vaddr=3f400020 size=0e424h ( 58404) map[0m
[0;32mI (108) esp_image: segment 1: paddr=0001e44c vaddr=3ffb0000 size=01bcch (  7116) load[0m
[0;32mI (112) esp_image: segment 2: paddr=00020020 vaddr=400d0020 size=1cf10h (118544) map[0m
[0;32mI (157) esp_image: segment 3: paddr=0003cf38 vaddr=3ffb1bcc size=005ach (  1452) load[0m
[0;32mI (158) esp_image: segment 4: paddr=0003d4ec vaddr=40080000 size=0dbdch ( 56284) load[0m
[0;32mI (193) boot: Loaded app from partition at offset 0x10000[0m
[0;32mI (193) boot: Disabling RNG early entropy source...[0m
[0;32mI (205) cpu_start: Multicore app[0m
[0;32mI (205) cpu_start: Pro cpu up.[0m
[0;32mI (205) cpu_start: Starting app cpu, entry point is 0x400811b0[0m
[0;32mI (201) cpu_start: App cpu up.[0m
[0;32mI (223) cpu_start: Pro cpu start user code[0m
[0;32mI (223) cpu_start: cpu freq: 160000000 Hz[0m
[0;32mI (223) cpu_start: Application information:[0m
[0;32mI (228) cpu_start: Project name:     blink[0m
[0;32mI (233) cpu_start: App version:      51730a5-dirty[0m
[0;32mI (238) cpu_start: Compile time:     Nov  9 2023 20:47:07[0m
[0;32mI (244) cpu_start: ELF file SHA256:  7405ed932...[0m
[0;32mI (250) cpu_start: ESP-IDF:          v5.2-dev-2590-g62ee4135e0-dirty[0m
[0;32mI (257) cpu_start: Min chip rev:     v0.0[0m
[0;32mI (261) cpu_start: Max chip rev:     v3.99 [0m
[0;32mI (266) cpu_start: Chip rev:         v3.0[0m
[0;32mI (271) heap_init: Initializing. RAM available for dynamic allocation:[0m
[0;32mI (278) heap_init: At 3FFAE6E0 len 00001920 (6 KiB): DRAM[0m
[0;32mI (284) heap_init: At 3FFB2A60 len 0002D5A0 (181 KiB): DRAM[0m
[0;32mI (290) heap_init: At 3FFE0440 len 00003AE0 (14 KiB): D/IRAM[0m
[0;32mI (297) heap_init: At 3FFE4350 len 0001BCB0 (111 KiB): D/IRAM[0m
[0;32mI (303) heap_init: At 4008DBDC len 00012424 (73 KiB): IRAM[0m
[0;32mI (311) spi_flash: detected chip: generic[0m
[0;32mI (314) spi_flash: flash io: dio[0m
[0;33mW (318) spi_flash: Detected size(4096k) larger than the size in the binary image header(2048k). Using the size in the binary image header.[0m
[0;33mW (331) i2c: This driver is an old driver, please migrate your application code to adapt `driver/i2c_master.h`[0m
[0;33mW (342) ADC: legacy driver is deprecated, please migrate to `esp_adc/adc_oneshot.h`[0m
[0;32mI (351) app_start: Starting scheduler on CPU0[0m
[0;32mI (355) app_start: Starting scheduler on CPU1[0m
[0;32mI (355) main_task: Started on CPU0[0m
[0;32mI (365) main_task: Calling app_main()[0m
Guru Meditation Error: Core  0 panic'ed (LoadProhibited). Exception was unhandled.

Core  0 register dump:
PC      : 0x40088595  PS      : 0x00060a33  A0      : 0x800876da  A1      : 0x3ffb2510  
A2      : 0x3ffb2530  A3      : 0x3ffb2540  A4      : 0x00000000  A5      : 0x00060a23  
A6      : 0xb33fffff  A7      : 0xb33fffff  A8      : 0x00000119  A9      : 0x00000001  
A10     : 0x00000001  A11     : 0x3ffb269c  A12     : 0x00000000  A13     : 0x00060a23  
A14     : 0xb33fffff  A15     : 0xb33fffff  SAR     : 0x00000004  EXCCAUSE: 0x0000001c  
EXCVADDR: 0x0000016b  LBEG    : 0x400014fd  LEND    : 0x4000150d  LCOUNT  : 0xfffffffb  


Backtrace: 0x40088592:0x3ffb2510 0x400876d7:0x3ffb2530 0x4008774c:0x3ffb2570 0x40082801:0x3ffb2590 0x40082909:0x3ffb25c0 0x400d5b8b:0x3ffb25e0 0x400d4aab:0x3ffb2600 0x400d4672:0x3ffb2620 0x4000bd83:0x3ffb2640 0x4000117d:0x3ffb2660 0x400592fe:0x3ffb2680 0x4005937a:0x3ffb26a0 0x400e109f:0x3ffb26c0 0x400e8f27:0x3ffb26f2 |<-CORRUPTED




ELF file SHA256: 7405ed932

Rebooting...
[0;32mI (13) boot: ESP-IDF v5.2-dev-2590-g62ee4135e0-dirty 2nd stage bootloader[0m
[0;32mI (13) boot: compile time Nov  9 2023 18:00:02[0m
[0;32mI (14) boot: Multicore bootloader[0m
[0;32mI (18) boot: chip revision: v3.0[0m
[0;32mI (22) boot.esp32: SPI Speed      : 40MHz[0m
[0;32mI (27) boot.esp32: SPI Mode       : DIO[0m
[0;32mI (31) boot.esp32: SPI Flash Size : 2MB[0m
[0;32mI (36) boot: Enabling RNG early entropy source...[0m
[0;32mI (41) boot: Partition Table:[0m
[0;32mI (45) boot: ## Label            Usage          Type ST Offset   Length[0m
[0;32mI (52) boot:  0 nvs              WiFi data        01 02 00009000 00006000[0m
[0;32mI (60) boot:  1 phy_init         RF data          01 01 0000f000 00001000[0m
[0;32mI (67) boot:  2 factory          factory app      00 00 00010000 00100000[0m
[0;32mI (75) boot: End of partition table[0m
[0;32mI (79) esp_image: segment 0: paddr=00010020 vaddr=3f400020 size=0e424h ( 58404) map[0m
[0;32mI (108) esp_image: segment 1: paddr=0001e44c vaddr=3ffb0000 size=01bcch (  7116) load[0m
[0;32mI (112) esp_image: segment 2: paddr=00020020 vaddr=400d0020 size=1cf10h (118544) map[0m
[0;32mI (157) esp_image: segment 3: paddr=0003cf38 vaddr=3ffb1bcc size=005ach (  1452) load[0m
[0;32mI (158) esp_image: segment 4: paddr=0003d4ec vaddr=40080000 size=0dbdch ( 56284) load[0m
[0;32mI (193) boot: Loaded app from partition at offset 0x10000[0m
[0;32mI (193) boot: Disabling RNG early entropy source...[0m
[0;32mI (205) cpu_start: Multicore app[0m
[0;32mI (205) cpu_start: Pro cpu up.[0m
[0;32mI (205) cpu_start: Starting app cpu, entry point is 0x400811b0[0m
[0;32mI (201) cpu_start: App cpu up.[0m
[0;32mI (223) cpu_start: Pro cpu start user code[0m
[0;32mI (223) cpu_start: cpu freq: 160000000 Hz[0m
[0;32mI (223) cpu_start: Application information:[0m
[0;32mI (228) cpu_start: Project name:     blink[0m
[0;32mI (233) cpu_start: App version:      51730a5-dirty[0m
[0;32mI (238) cpu_start: Compile time:     Nov  9 2023 20:47:07[0m
[0;32mI (244) cpu_start: ELF file SHA256:  7405ed932...[0m
[0;32mI (250) cpu_start: ESP-IDF:          v5.2-dev-2590-g62ee4135e0-dirty[0m
[0;32mI (257) cpu_start: Min chip rev:     v0.0[0m
[0;32mI (261) cpu_start: Max chip rev:     v3.99 [0m
[0;32mI (266) cpu_start: Chip rev:         v3.0[0m
[0;32mI (271) heap_init: Initializing. RAM available for dynamic allocation:[0m
[0;32mI (278) heap_init: At 3FFAE6E0 len 00001920 (6 KiB): DRAM[0m
[0;32mI (284) heap_init: At 3FFB2A60 len 0002D5A0 (181 KiB): DRAM[0m
[0;32mI (290) heap_init: At 3FFE0440 len 00003AE0 (14 KiB): D/IRAM[0m
[0;32mI (297) heap_init: At 3FFE4350 len 0001BCB0 (111 KiB): D/IRAM[0m
[0;32mI (303) heap_init: At 4008DBDC len 00012424 (73 KiB): IRAM[0m
[0;32mI (311) spi_flash: detected chip: generic[0m
[0;32mI (314) spi_flash: flash io: dio[0m
[0;33mW (318) spi_flash: Detected size(4096k) larger than the size in the binary image header(2048k). Using the size in the binary image header.[0m
[0;33mW (331) i2c: This driver is an old driver, please migrate your application code to adapt `driver/i2c_master.h`[0m
[0;33mW (342) ADC: legacy driver is deprecated, please migrate to `esp_adc/adc_oneshot.h`[0m
[0;32mI (351) app_start: Starting scheduler on CPU0[0m
[0;32mI (355) app_start: Starting scheduler on CPU1[0m
[0;32mI (355) main_task: Started on CPU0[0m
[0;32mI (365) main_task: Calling app_main()[0m
Guru Meditation Error: Core  0 panic'ed (LoadProhibited). Exception was unhandled.

Core  0 register dump:
PC      : 0x40088595  PS      : 0x00060a33  A0      : 0x800876da  A1      : 0x3ffb2510  
A2      : 0x3ffb2530  A3      : 0x3ffb2540  A4      : 0x00000000  A5      : 0x00060a23  
A6      : 0xb33fffff  A7      : 0xb33fffff  A8      : 0x00000119  A9      : 0x00000001  
A10     : 0x00000001  A11     : 0x3ffb269c  A12     : 0x00000000  A13     : 0x00060a23  
A14     : 0xb33fffff  A15     : 0xb33fffff  SAR     : 0x00000004  EXCCAUSE: 0x0000001c  
EXCVADDR: 0x0000016b  LBEG    : 0x400014fd  LEND    : 0x4000150d  LCOUNT  : 0xfffffffb  


Backtrace: 0x40088592:0x3ffb2510 0x400876d7:0x3ffb2530 0x4008774c:0x3ffb2570 0x40082801:0x3ffb2590 0x40082909:0x3ffb25c0 0x400d5b8b:0x3ffb25e0 0x400d4aab:0x3ffb2600 0x400d4672:0x3ffb2620 0x4000bd83:0x3ffb2640 0x4000117d:0x3ffb2660 0x400592fe:0x3ffb2680 0x4005937a:0x3ffb26a0 0x400e109f:0x3ffb26c0 0x400e8f27:0x3ffb26f2 |<-CORRUPTED




ELF file SHA256: 7405ed932

Rebooting...
[0;32mI (13) boot: ESP-IDF v5.2-dev-2590-g62ee4135e0-dirty 2nd stage bootloader[0m
[0;32mI (13) boot: compile time Nov  9 2023 18:00:02[0m
[0;32mI (14) boot: Multicore bootloader[0m
[0;32mI (18) boot: chip revision: v3.0[0m
[0;32mI (22) boot.esp32: SPI Speed      : 40MHz[0m
[0;32mI (27) boot.esp32: SPI Mode       : DIO[0m
[0;32mI (31) boot.esp32: SPI Flash Size : 2MB[0m
[0;32mI (36) boot: Enabling RNG early entropy source...[0m
[0;32mI (41) boot: Partition Table:[0m
[0;32mI (45) boot: ## Label            Usage          Type ST Offset   Length[0m
[0;32mI (52) boot:  0 nvs              WiFi data        01 02 00009000 00006000[0m
[0;32mI (60) boot:  1 phy_init         RF data          01 01 0000f000 00001000[0m
[0;32mI (67) boot:  2 factory          factory app      00 00 00010000 00100000[0m
[0;32mI (75) boot: End of partition table[0m
[0;32mI (79) esp_image: segment 0: paddr=00010020 vaddr=3f400020 size=0e424h ( 58404) map[0m
[0;32mI (108) esp_image: segment 1: paddr=0001e44c vaddr=3ffb0000 size=01bcch (  7116) load[0m
[0;32mI (112) esp_image: segment 2: paddr=00020020 vaddr=400d0020 size=1cf10h (118544) map[0m
[0;32mI (157) esp_image: segment 3: paddr=0003cf38 vaddr=3ffb1bcc size=005ach (  1452) load[0m
[0;32mI (158) esp_image: segment 4: paddr=0003d4ec vaddr=40080000 size=0dbdch ( 56284) load[0m
[0;32mI (193) boot: Loaded app from partition at offset 0x10000[0m
[0;32mI (193) boot: Disabling RNG early entropy source...[0m
[0;32mI (205) cpu_start: Multicore app[0m
[0;32mI (205) cpu_start: Pro cpu up.[0m
[0;32mI (205) cpu_start: Starting app cpu, entry point is 0x400811b0[0m
[0;32mI (201) cpu_start: App cpu up.[0m
[0;32mI (223) cpu_start: Pro cpu start user code[0m
[0;32mI (223) cpu_start: cpu freq: 160000000 Hz[0m
[0;32mI (223) cpu_start: Application information:[0m
[0;32mI (228) cpu_start: Project name:     blink[0m
[0;32mI (233) cpu_start: App version:      51730a5-dirty[0m
[0;32mI (238) cpu_start: Compile time:     Nov  9 2023 20:47:07[0m
[0;32mI (244) cpu_start: ELF file SHA256:  7405ed932...[0m
[0;32mI (250) cpu_start: ESP-IDF:          v5.2-dev-2590-g62ee4135e0-dirty[0m
[0;32mI (257) cpu_start: Min chip rev:     v0.0[0m
[0;32mI (261) cpu_start: Max chip rev:     v3.99 [0m
[0;32mI (266) cpu_start: Chip rev:         v3.0[0m
[0;32mI (271) heap_init: Initializing. RAM available for dynamic allocation:[0m
[0;32mI (278) heap_init: At 3FFAE6E0 len 00001920 (6 KiB): DRAM[0m
[0;32mI (284) heap_init: At 3FFB2A60 len 0002D5A0 (181 KiB): DRAM[0m
[0;32mI (290) heap_init: At 3FFE0440 len 00003AE0 (14 KiB): D/IRAM[0m
[0;32mI (297) heap_init: At 3FFE4350 len 0001BCB0 (111 KiB): D/IRAM[0m
[0;32mI (303) heap_init: At 4008DBDC len 00012424 (73 KiB): IRAM[0m
[0;32mI (311) spi_flash: detected chip: generic[0m
[0;32mI (314) spi_flash: flash io: dio[0m
[0;33mW (318) spi_flash: Detected size(4096k) larger than the size in the binary image header(2048k). Using the size in the binary image header.[0m
[0;33mW (331) i2c: This driver is an old driver, please migrate your application code to adapt `driver/i2c_master.h`[0m
[0;33mW (342) ADC: legacy driver is deprecated, please migrate to `esp_adc/adc_oneshot.h`[0m
[0;32mI (351) app_start: Starting scheduler on CPU0[0m
[0;32mI (355) app_start: Starting scheduler on CPU1[0m
[0;32mI (355) main_task: Started on CPU0[0m
[0;32mI (365) main_task: Calling app_main()[0m
Guru Meditation Error: Core  0 panic'ed (LoadProhibited). Exception was unhandled.

Core  0 register dump:
PC      : 0x40088595  PS      : 0x00060a33  A0      : 0x800876da  A1      : 0x3ffb2510  
A2      : 0x3ffb2530  A3      : 0x3ffb2540  A4      : 0x00000000  A5      : 0x00060a23  
A6      : 0xb33fffff  A7      : 0xb33fffff  A8      : 0x00000119  A9      : 0x00000001  
A10     : 0x00000001  A11     : 0x3ffb269c  A12     : 0x00000000  A13     : 0x00060a23  
A14     : 0xb33fffff  A15     : 0xb33fffff  SAR     : 0x00000004  EXCCAUSE: 0x0000001c  
EXCVADDR: 0x0000016b  LBEG    : 0x400014fd  LEND    : 0x4000150d  LCOUNT  : 0xfffffffb  


Backtrace: 0x40088592:0x3ffb2510 0x400876d7:0x3ffb2530 0x4008774c:0x3ffb2570 0x40082801:0x3ffb2590 0x40082909:0x3ffb25c0 0x400d5b8b:0x3ffb25e0 0x400d4aab:0x3ffb2600 0x400d4672:0x3ffb2620 0x4000bd83:0x3ffb2640 0x4000117d:0x3ffb2660 0x400592fe:0x3ffb2680 0x4005937a:0x3ffb26a0 0x400e109f:0x3ffb26c0 0x400e8f27:0x3ffb26f2 |<-CORRUPTED




ELF file SHA256: 7405ed932

Rebooting...
[0;32mI (13) boot: ESP-IDF v5.2-dev-2590-g62ee4135e0-dirty 2nd stage bootloader[0m
[0;32mI (13) boot: compile time Nov  9 2023 18:00:02[0m
[0;32mI (14) boot: Multicore bootloader[0m
[0;32mI (18) boot: chip revision: v3.0[0m
[0;32mI (22) boot.esp32: SPI Speed      : 40MHz[0m
[0;32mI (27) boot.esp32: SPI Mode       : DIO[0m
[0;32mI (31) boot.esp32: SPI Flash Size : 2MB[0m
[0;32mI (36) boot: Enabling RNG early entropy source...[0m
[0;32mI (41) boot: Partition Table:[0m
[0;32mI (45) boot: ## Label            Usage          Type ST Offset   Length[0m
[0;32mI (52) boot:  0 nvs              WiFi data        01 02 00009000 00006000[0m
[0;32mI (60) boot:  1 phy_init         RF data          01 01 0000f000 00001000[0m
[0;32mI (67) boot:  2 factory          factory app      00 00 00010000 00100000[0m
[0;32mI (75) boot: End of partition table[0m
[0;32mI (79) esp_image: segment 0: paddr=00010020 vaddr=3f400020 size=0e424h ( 58404) map[0m
[0;32mI (108) esp_image: segment 1: paddr=0001e44c vaddr=3ffb0000 size=01bcch (  7116) load[0m
[0;32mI (112) esp_image: segment 2: paddr=00020020 vaddr=400d0020 size=1cf10h (118544) map[0m
[0;32mI (157) esp_image: segment 3: paddr=0003cf38 vaddr=3ffb1bcc size=005ach (  1452) load[0m
[0;32mI (158) esp_image: segment 4: paddr=0003d4ec vaddr=40080000 size=0dbdch ( 56284) load[0m
[0;32mI (193) boot: Loaded app from partition at offset 0x10000[0m
[0;32mI (193) boot: Disabling RNG early entropy source...[0m
[0;32mI (205) cpu_start: Multicore app[0m
[0;32mI (205) cpu_start: Pro cpu up.[0m
[0;32mI (205) cpu_start: Starting app cpu, entry point is 0x400811b0[0m
[0;32mI (201) cpu_start: App cpu up.[0m
[0;32mI (223) cpu_start: Pro cpu start user code[0m
[0;32mI (223) cpu_start: cpu freq: 160000000 Hz[0m
[0;32mI (223) cpu_start: Application information:[0m
[0;32mI (228) cpu_start: Project name:     blink[0m
[0;32mI (233) cpu_start: App version:      51730a5-dirty[0m
[0;32mI (238) cpu_start: Compile time:     Nov  9 2023 20:47:07[0m
[0;32mI (244) cpu_start: ELF file SHA256:  7405ed932...[0m
[0;32mI (250) cpu_start: ESP-IDF:          v5.2-dev-2590-g62ee4135e0-dirty[0m
[0;32mI (257) cpu_start: Min chip rev:     v0.0[0m
[0;32mI (261) cpu_start: Max chip rev:     v3.99 [0m
[0;32mI (266) cpu_start: Chip rev:         v3.0[0m
[0;32mI (271) heap_init: Initializing. RAM available for dynamic allocation:[0m
[0;32mI (278) heap_init: At 3FFAE6E0 len 00001920 (6 KiB): DRAM[0m
[0;32mI (284) heap_init: At 3FFB2A60 len 0002D5A0 (181 KiB): DRAM[0m
[0;32mI (290) heap_init: At 3FFE0440 len 00003AE0 (14 KiB): D/IRAM[0m
[0;32mI (297) heap_init: At 3FFE4350 len 0001BCB0 (111 KiB): D/IRAM[0m
[0;32mI (303) heap_init: At 4008DBDC len 00012424 (73 KiB): IRAM[0m
[0;32mI (311) spi_flash: detected chip: generic[0m
[0;32mI (314) spi_flash: flash io: dio[0m
[0;33mW (318) spi_flash: Detected size(4096k) larger than the size in the binary image header(2048k). Using the size in the binary image header.[0m
[0;33mW (331) i2c: This driver is an old driver, please migrate your application code to adapt `driver/i2c_master.h`[0m
[0;33mW (342) ADC: legacy driver is deprecated, please migrate to `esp_adc/adc_oneshot.h`[0m
[0;32mI (351) app_start: Starting scheduler on CPU0[0m
[0;32mI (355) app_start: Starting scheduler on CPU1[0m
[0;32mI (355) main_task: Started on CPU0[0m
[0;32mI (365) main_task: Calling app_main()[0m
Guru Meditation Error: Core  0 panic'ed (LoadProhibited). Exception was unhandled.

Core  0 register dump:
PC      : 0x40088595  PS      : 0x00060a33  A0      : 0x800876da  A1      : 0x3ffb2510  
A2      : 0x3ffb2530  A3      : 0x3ffb2540  A4      : 0x00000000  A5      : 0x00060a23  
A6      : 0xb33fffff  A7      : 0xb33fffff  A8      : 0x00000119  A9      : 0x00000001  
A10     : 0x00000001  A11     : 0x3ffb269c  A12     : 0x00000000  A13     : 0x00060a23  
A14     : 0xb33fffff  A15     : 0xb33fffff  SAR     : 0x00000004  EXCCAUSE: 0x0000001c  
EXCVADDR: 0x0000016b  LBEG    : 0x400014fd  LEND    : 0x4000150d  LCOUNT  : 0xfffffffb  


Backtrace: 0x40088592:0x3ffb2510 0x400876d7:0x3ffb2530 0x4008774c:0x3ffb2570 0x40082801:0x3ffb2590 0x40082909:0x3ffb25c0 0x400d5b8b:0x3ffb25e0 0x400d4aab:0x3ffb2600 0x400d4672:0x3ffb2620 0x4000bd83:0x3ffb2640 0x4000117d:0x3ffb2660 0x400592fe:0x3ffb2680 0x4005937a:0x3ffb26a0 0x400e109f:0x3ffb26c0 0x400e8f27:0x3ffb26f2 |<-CORRUPTED




ELF file SHA256: 7405ed932

Rebooting...
[0;32mI (13) boot: ESP-IDF v5.2-dev-2590-g62ee4135e0-dirty 2nd stage bootloader[0m
[0;32mI (13) boot: compile time Nov  9 2023 18:00:02[0m
[0;32mI (14) boot: Multicore bootloader[0m
[0;32mI (18) boot: chip revision: v3.0[0m
[0;32mI (22) boot.esp32: SPI Speed      : 40MHz[0m
[0;32mI (27) boot.esp32: SPI Mode       : DIO[0m
[0;32mI (31) boot.esp32: SPI Flash Size : 2MB[0m
[0;32mI (36) boot: Enabling RNG early entropy source...[0m
[0;32mI (41) boot: Partition Table:[0m
[0;32mI (45) boot: ## Label            Usage          Type ST Offset   Length[0m
[0;32mI (52) boot:  0 nvs              WiFi data        01 02 00009000 00006000[0m
[0;32mI (60) boot:  1 phy_init         RF data          01 01 0000f000 00001000[0m
[0;32mI (67) boot:  2 factory          factory app      00 00 00010000 00100000[0m
[0;32mI (75) boot: End of partition table[0m
[0;32mI (79) esp_image: segment 0: paddr=00010020 vaddr=3f400020 size=0e424h ( 58404) map[0m
[0;32mI (108) esp_image: segment 1: paddr=0001e44c vaddr=3ffb0000 size=01bcch (  7116) load[0m
[0;32mI (112) esp_image: segment 2: paddr=00020020 vaddr=400d0020 size=1cf10h (118544) map[0m
[0;32mI (157) esp_image: segment 3: paddr=0003cf38 vaddr=3ffb1bcc size=005ach (  1452) load[0m
[0;32mI (158) esp_image: segment 4: paddr=0003d4ec vaddr=40080000 size=0dbdch ( 56284) load[0m
[0;32mI (193) boot: Loaded app from partition at offset 0x10000[0m
[0;32mI (193) boot: Disabling RNG early entropy source...[0m
[0;32mI (205) cpu_start: Multicore app[0m
[0;32mI (205) cpu_start: Pro cpu up.[0m
[0;32mI (205) cpu_start: Starting app cpu, entry point is 0x400811b0[0m
[0;32mI (201) cpu_start: App cpu up.[0m
[0;32mI (223) cpu_start: Pro cpu start user code[0m
[0;32mI (223) cpu_start: cpu freq: 160000000 Hz[0m
[0;32mI (223) cpu_start: Application information:[0m
[0;32mI (228) cpu_start: Project name:     blink[0m
[0;32mI (233) cpu_start: App version:      51730a5-dirty[0m
[0;32mI (238) cpu_start: Compile time:     Nov  9 2023 20:47:07[0m
[0;32mI (244) cpu_start: ELF file SHA256:  7405ed932...[0m
[0;32mI (250) cpu_start: ESP-IDF:          v5.2-dev-2590-g62ee4135e0-dirty[0m
[0;32mI (257) cpu_start: Min chip rev:     v0.0[0m
[0;32mI (261) cpu_start: Max chip rev:     v3.99 [0m
[0;32mI (266) cpu_start: Chip rev:         v3.0[0m
[0;32mI (271) heap_init: Initializing. RAM available for dynamic allocation:[0m
[0;32mI (278) heap_init: At 3FFAE6E0 len 00001920 (6 KiB): DRAM[0m
[0;32mI (284) heap_init: At 3FFB2A60 len 0002D5A0 (181 KiB): DRAM[0m
[0;32mI (290) heap_init: At 3FFE0440 len 00003AE0 (14 KiB): D/IRAM[0m
[0;32mI (297) heap_init: At 3FFE4350 len 0001BCB0 (111 KiB): D/IRAM[0m
[0;32mI (303) heap_init: At 4008DBDC len 00012424 (73 KiB): IRAM[0m
[0;32mI (311) spi_flash: detected chip: generic[0m
[0;32mI (314) spi_flash: flash io: dio[0m
[0;33mW (318) spi_flash: Detected size(4096k) larger than the size in the binary image header(2048k). Using the size in the binary image header.[0m
[0;33mW (331) i2c: This driver is an old driver, please migrate your application code to adapt `driver/i2c_master.h`[0m
[0;33mW (342) ADC: legacy driver is deprecated, please migrate to `esp_adc/adc_oneshot.h`[0m
[0;32mI (351) app_start: Starting scheduler on CPU0[0m
[0;32mI (355) app_start: Starting scheduler on CPU1[0m
[0;32mI (355) main_task: Started on CPU0[0m
[0;32mI (365) main_task: Calling app_main()[0m
Guru Meditation Error: Core  0 panic'ed (LoadProhibited). Exception was unhandled.

Core  0 register dump:
PC      : 0x40088595  PS      : 0x00060a33  A0      : 0x800876da  A1      : 0x3ffb2510  
A2      : 0x3ffb2530  A3      : 0x3ffb2540  A4      : 0x00000000  A5      : 0x00060a23  
A6      : 0xb33fffff  A7      : 0xb33fffff  A8      : 0x00000119  A9      : 0x00000001  
A10     : 0x00000001  A11     : 0x3ffb269c  A12     : 0x00000000  A13     : 0x00060a23  
A14     : 0xb33fffff  A15     : 0xb33fffff  SAR     : 0x00000004  EXCCAUSE: 0x0000001c  
EXCVADDR: 0x0000016b  LBEG    : 0x400014fd  LEND    : 0x4000150d  LCOUNT  : 0xfffffffb  


Backtrace: 0x40088592:0x3ffb2510 0x400876d7:0x3ffb2530 0x4008774c:0x3ffb2570 0x40082801:0x3ffb2590 0x40082909:0x3ffb25c0 0x400d5b8b:0x3ffb25e0 0x400d4aab:0x3ffb2600 0x400d4672:0x3ffb2620 0x4000bd83:0x3ffb2640 0x4000117d:0x3ffb2660 0x400592fe:0x3ffb2680 0x4005937a:0x3ffb26a0 0x400e109f:0x3ffb26c0 0x400e8f27:0x3ffb26f2 |<-CORRUPTED




ELF file SHA256: 7405ed932

Rebooting...
[0;32mI (13) boot: ESP-IDF v5.2-dev-2590-g62ee4135e0-dirty 2nd stage bootloader[0m
[0;32mI (13) boot: compile time Nov  9 2023 18:00:02[0m
[0;32mI (14) boot: Multicore bootloader[0m
[0;32mI (18) boot: chip revision: v3.0[0m
[0;32mI (22) boot.esp32: SPI Speed      : 40MHz[0m
[0;32mI (27) boot.esp32: SPI Mode       : DIO[0m
[0;32mI (31) boot.esp32: SPI Flash Size : 2MB[0m
[0;32mI (36) boot: Enabling RNG early entropy source...[0m
[0;32mI (41) boot: Partition Table:[0m
[0;32mI (45) boot: ## Label            Usage          Type ST Offset   Length[0m
[0;32mI (52) boot:  0 nvs              WiFi data        01 02 00009000 00006000[0m
[0;32mI (60) boot:  1 phy_init         RF data          01 01 0000f000 00001000[0m
[0;32mI (67) boot:  2 factory          factory app      00 00 00010000 00100000[0m
[0;32mI (75) boot: End of partition table[0m
[0;32mI (79) esp_image: segment 0: paddr=00010020 vaddr=3f400020 size=0e424h ( 58404) map[0m
[0;32mI (108) esp_image: segment 1: paddr=0001e44c vaddr=3ffb0000 size=01bcch (  7116) load[0m
[0;32mI (112) esp_image: segment 2: paddr=00020020 vaddr=400d0020 size=1cf10h (118544) map[0m
[0;32mI (157) esp_image: segment 3: paddr=0003cf38 vaddr=3ffb1bcc size=005ach (  1452) load[0m
[0;32mI (158) esp_image: segment 4: paddr=0003d4ec vaddr=40080000 size=0dbdch ( 56284) load[0m
[0;32mI (193) boot: Loaded app from partition at offset 0x10000[0m
[0;32mI (193) boot: Disabling RNG early entropy source...[0m
[0;32mI (205) cpu_start: Multicore app[0m
[0;32mI (205) cpu_start: Pro cpu up.[0m
[0;32mI (205) cpu_start: Starting app cpu, entry point is 0x400811b0[0m
[0;32mI (201) cpu_start: App cpu up.[0m
[0;32mI (223) cpu_start: Pro cpu start user code[0m
[0;32mI (223) cpu_start: cpu freq: 160000000 Hz[0m
[0;32mI (223) cpu_start: Application information:[0m
[0;32mI (228) cpu_start: Project name:     blink[0m
[0;32mI (233) cpu_start: App version:      51730a5-dirty[0m
[0;32mI (238) cpu_start: Compile time:     Nov  9 2023 20:47:07[0m
[0;32mI (244) cpu_start: ELF file SHA256:  7405ed932...[0m
[0;32mI (250) cpu_start: ESP-IDF:          v5.2-dev-2590-g62ee4135e0-dirty[0m
[0;32mI (257) cpu_start: Min chip rev:     v0.0[0m
[0;32mI (261) cpu_start: Max chip rev:     v3.99 [0m
[0;32mI (266) cpu_start: Chip rev:         v3.0[0m
[0;32mI (271) heap_init: Initializing. RAM available for dynamic allocation:[0m
[0;32mI (278) heap_init: At 3FFAE6E0 len 00001920 (6 KiB): DRAM[0m
[0;32mI (284) heap_init: At 3FFB2A60 len 0002D5A0 (181 KiB): DRAM[0m
[0;32mI (290) heap_init: At 3FFE0440 len 00003AE0 (14 KiB): D/IRAM[0m
[0;32mI (297) heap_init: At 3FFE4350 len 0001BCB0 (111 KiB): D/IRAM[0m
[0;32mI (303) heap_init: At 4008DBDC len 00012424 (73 KiB): IRAM[0m
[0;32mI (311) spi_flash: detected chip: generic[0m
[0;32mI (314) spi_flash: flash io: dio[0m
[0;33mW (318) spi_flash: Detected size(4096k) larger than the size in the binary image header(2048k). Using the size in the binary image header.[0m
[0;33mW (331) i2c: This driver is an old driver, please migrate your application code to adapt `driver/i2c_master.h`[0m
[0;33mW (342) ADC: legacy driver is deprecated, please migrate to `esp_adc/adc_oneshot.h`[0m
[0;32mI (351) app_start: Starting scheduler on CPU0[0m
[0;32mI (355) app_start: Starting scheduler on CPU1[0m
[0;32mI (355) main_task: Started on CPU0[0m
[0;32mI (365) main_task: Calling app_main()[0m
Guru Meditation Error: Core  0 panic'ed (LoadProhibited). Exception was unhandled.

Core  0 register dump:
PC      : 0x40088595  PS      : 0x00060a33  A0      : 0x800876da  A1      : 0x3ffb2510  
A2      : 0x3ffb2530  A3      : 0x3ffb2540  A4      : 0x00000000  A5      : 0x00060a23  
A6      : 0xb33fffff  A7      : 0xb33fffff  A8      : 0x00000119  A9      : 0x00000001  
A10     : 0x00000001  A11     : 0x3ffb269c  A12     : 0x00000000  A13     : 0x00060a23  
A14     : 0xb33fffff  A15     : 0xb33fffff  SAR     : 0x00000004  EXCCAUSE: 0x0000001c  
EXCVADDR: 0x0000016b  LBEG    : 0x400014fd  LEND    : 0x4000150d  LCOUNT  : 0xfffffffb  


Backtrace: 0x40088592:0x3ffb2510 0x400876d7:0x3ffb2530 0x4008774c:0x3ffb2570 0x40082801:0x3ffb2590 0x40082909:0x3ffb25c0 0x400d5b8b:0x3ffb25e0 0x400d4aab:0x3ffb2600 0x400d4672:0x3ffb2620 0x4000bd83:0x3ffb2640 0x4000117d:0x3ffb2660 0x400592fe:0x3ffb2680 0x4005937a:0x3ffb26a0 0x400e109f:0x3ffb26c0 0x400e8f27:0x3ffb26f2 |<-CORRUPTED




ELF file SHA256: 7405ed932

Rebooting...
[0;32mI (13) boot: ESP-IDF v5.2-dev-2590-g62ee4135e0-dirty 2nd stage bootloader[0m
[0;32mI (13) boot: compile time Nov  9 2023 18:00:02[0m
[0;32mI (14) boot: Multicore bootloader[0m
[0;32mI (18) boot: chip revision: v3.0[0m
[0;32mI (22) boot.esp32: SPI Speed      : 40MHz[0m
[0;32mI (27) boot.esp32: SPI Mode       : DIO[0m
[0;32mI (31) boot.esp32: SPI Flash Size : 2MB[0m
[0;32mI (36) boot: Enabling RNG early entropy source...[0m
[0;32mI (41) boot: Partition Table:[0m
[0;32mI (45) boot: ## Label            Usage          Type ST Offset   Length[0m
[0;32mI (52) boot:  0 nvs              WiFi data        01 02 00009000 00006000[0m
[0;32mI (60) boot:  1 phy_init         RF data          01 01 0000f000 00001000[0m
[0;32mI (67) boot:  2 factory          factory app      00 00 00010000 00100000[0m
[0;32mI (75) boot: End of partition table[0m
[0;32mI (79) esp_image: segment 0: paddr=00010020 vaddr=3f400020 size=0e424h ( 58404) map[0m
[0;32mI (108) esp_image: segment 1: paddr=0001e44c vaddr=3ffb0000 size=01bcch (  7116) load[0m
[0;32mI (112) esp_image: segment 2: paddr=00020020 vaddr=400d0020 size=1cf10h (118544) map[0m
[0;32mI (157) esp_image: segment 3: paddr=0003cf38 vaddr=3ffb1bcc size=005ach (  1452) load[0m
[0;32mI (158) esp_image: segment 4: paddr=0003d4ec vaddr=40080000 size=0dbdch ( 56284) load[0m
[0;32mI (193) boot: Loaded app from partition at offset 0x10000[0m
[0;32mI (193) boot: Disabling RNG early entropy source...[0m
[0;32mI (205) cpu_start: Multicore app[0m
[0;32mI (205) cpu_start: Pro cpu up.[0m
[0;32mI (205) cpu_start: Starting app cpu, entry point is 0x400811b0[0m
[0;32mI (201) cpu_start: App cpu up.[0m
[0;32mI (223) cpu_start: Pro cpu start user code[0m
[0;32mI (223) cpu_start: cpu freq: 160000000 Hz[0m
[0;32mI (223) cpu_start: Application information:[0m
[0;32mI (228) cpu_start: Project name:     blink[0m
[0;32mI (233) cpu_start: App version:      51730a5-dirty[0m
[0;32mI (238) cpu_start: Compile time:     Nov  9 2023 20:47:07[0m
[0;32mI (244) cpu_start: ELF file SHA256:  7405ed932...[0m
[0;32mI (250) cpu_start: ESP-IDF:          v5.2-dev-2590-g62ee4135e0-dirty[0m
[0;32mI (257) cpu_start: Min chip rev:     v0.0[0m
[0;32mI (261) cpu_start: Max chip rev:     v3.99 [0m
[0;32mI (266) cpu_start: Chip rev:         v3.0[0m
[0;32mI (271) heap_init: Initializing. RAM available for dynamic allocation:[0m
[0;32mI (278) heap_init: At 3FFAE6E0 len 00001920 (6 KiB): DRAM[0m
[0;32mI (284) heap_init: At 3FFB2A60 len 0002D5A0 (181 KiB): DRAM[0m
[0;32mI (290) heap_init: At 3FFE0440 len 00003AE0 (14 KiB): D/IRAM[0m
[0;32mI (297) heap_init: At 3FFE4350 len 0001BCB0 (111 KiB): D/IRAM[0m
[0;32mI (303) heap_init: At 4008DBDC len 00012424 (73 KiB): IRAM[0m
[0;32mI (311) spi_flash: detected chip: generic[0m
[0;32mI (314) spi_flash: flash io: dio[0m
[0;33mW (318) spi_flash: Detected size(4096k) larger than the size in the binary image header(2048k). Using the size in the binary image header.[0m
[0;33mW (331) i2c: This driver is an old driver, please migrate your application code to adapt `driver/i2c_master.h`[0m
[0;33mW (342) ADC: legacy driver is deprecated, please migrate to `esp_adc/adc_oneshot.h`[0m
[0;32mI (351) app_start: Starting scheduler on CPU0[0m
[0;32mI (355) app_start: Starting scheduler on CPU1[0m
[0;32mI (355) main_task: Started on CPU0[0m
[0;32mI (365) main_task: Calling app_main()[0m
Guru Meditation Error: Core  0 panic'ed (LoadProhibited). Exception was unhandled.

Core  0 register dump:
PC      : 0x40088595  PS      : 0x00060a33  A0      : 0x800876da  A1      : 0x3ffb2510  
A2      : 0x3ffb2530  A3      : 0x3ffb2540  A4      : 0x00000000  A5      : 0x00060a23  
A6      : 0xb33fffff  A7      : 0xb33fffff  A8      : 0x00000119  A9      : 0x00000001  
A10     : 0x00000001  A11     : 0x3ffb269c  A12     : 0x00000000  A13     : 0x00060a23  
A14     : 0xb33fffff  A15     : 0xb33fffff  SAR     : 0x00000004  EXCCAUSE: 0x0000001c  
EXCVADDR: 0x0000016b  LBEG    : 0x400014fd  LEND    : 0x4000150d  LCOUNT  : 0xfffffffb  


Backtrace: 0x40088592:0x3ffb2510 0x400876d7:0x3ffb2530 0x4008774c:0x3ffb2570 0x40082801:0x3ffb2590 0x40082909:0x3ffb25c0 0x400d5b8b:0x3ffb25e0 0x400d4aab:0x3ffb2600 0x400d4672:0x3ffb2620 0x4000bd83:0x3ffb2640 0x4000117d:0x3ffb2660 0x400592fe:0x3ffb2680 0x4005937a:0x3ffb26a0 0x400e109f:0x3ffb26c0 0x400e8f27:0x3ffb26f2 |<-CORRUPTED




ELF file SHA256: 7405ed932

Rebooting...
[0;32mI (13) boot: ESP-IDF v5.2-dev-2590-g62ee4135e0-dirty 2nd stage bootloader[0m
[0;32mI (13) boot: compile time Nov  9 2023 18:00:02[0m
[0;32mI (14) boot: Multicore bootloader[0m
[0;32mI (18) boot: chip revision: v3.0[0m
[0;32mI (22) boot.esp32: SPI Speed      : 40MHz[0m
[0;32mI (27) boot.esp32: SPI Mode       : DIO[0m
[0;32mI (31) boot.esp32: SPI Flash Size : 2MB[0m
[0;32mI (36) boot: Enabling RNG early entropy source...[0m
[0;32mI (41) boot: Partition Table:[0m
[0;32mI (45) boot: ## Label            Usage          Type ST Offset   Length[0m
[0;32mI (52) boot:  0 nvs              WiFi data        01 02 00009000 00006000[0m
[0;32mI (60) boot:  1 phy_init         RF data          01 01 0000f000 00001000[0m
[0;32mI (67) boot:  2 factory          factory app      00 00 00010000 00100000[0m
[0;32mI (75) boot: End of partition table[0m
[0;32mI (79) esp_image: segment 0: paddr=00010020 vaddr=3f400020 size=0e424h ( 58404) map[0m
[0;32mI (108) esp_image: segment 1: paddr=0001e44c vaddr=3ffb0000 size=01bcch (  7116) load[0m
[0;32mI (112) esp_image: segment 2: paddr=00020020 vaddr=400d0020 size=1cf10h (118544) map[0m
[0;32mI (157) esp_image: segment 3: paddr=0003cf38 vaddr=3ffb1bcc size=005ach (  1452) load[0m
[0;32mI (158) esp_image: segment 4: paddr=0003d4ec vaddr=40080000 size=0dbdch ( 56284) load[0m
[0;32mI (193) boot: Loaded app from partition at offset 0x10000[0m
[0;32mI (193) boot: Disabling RNG early entropy source...[0m
[0;32mI (205) cpu_start: Multicore app[0m
[0;32mI (205) cpu_start: Pro cpu up.[0m
[0;32mI (205) cpu_start: Starting app cpu, entry point is 0x400811b0[0m
[0;32mI (201) cpu_start: App cpu up.[0m
[0;32mI (223) cpu_start: Pro cpu start user code[0m
[0;32mI (223) cpu_start: cpu freq: 160000000 Hz[0m
[0;32mI (223) cpu_start: Application information:[0m
[0;32mI (228) cpu_start: Project name:     blink[0m
[0;32mI (233) cpu_start: App version:      51730a5-dirty[0m
[0;32mI (238) cpu_start: Compile time:     Nov  9 2023 20:47:07[0m
[0;32mI (244) cpu_start: ELF file SHA256:  7405ed932...[0m
[0;32mI (250) cpu_start: ESP-IDF:          v5.2-dev-2590-g62ee4135e0-dirty[0m
[0;32mI (257) cpu_start: Min chip rev:     v0.0[0m
[0;32mI (261) cpu_start: Max chip rev:     v3.99 [0m
[0;32mI (266) cpu_start: Chip rev:         v3.0[0m
[0;32mI (271) heap_init: Initializing. RAM available for dynamic allocation:[0m
[0;32mI (278) heap_init: At 3FFAE6E0 len 00001920 (6 KiB): DRAM[0m
[0;32mI (284) heap_init: At 3FFB2A60 len 0002D5A0 (181 KiB): DRAM[0m
[0;32mI (290) heap_init: At 3FFE0440 len 00003AE0 (14 KiB): D/IRAM[0m
[0;32mI (297) heap_init: At 3FFE4350 len 0001BCB0 (111 KiB): D/IRAM[0m
[0;32mI (303) heap_init: At 4008DBDC len 00012424 (73 KiB): IRAM[0m
[0;32mI (311) spi_flash: detected chip: generic[0m
[0;32mI (314) spi_flash: flash io: dio[0m
[0;33mW (318) spi_flash: Detected size(4096k) larger than the size in the binary image header(2048k). Using the size in the binary image header.[0m
[0;33mW (331) i2c: This driver is an old driver, please migrate your application code to adapt `driver/i2c_master.h`[0m
[0;33mW (342) ADC: legacy driver is deprecated, please migrate to `esp_adc/adc_oneshot.h`[0m
[0;32mI (351) app_start: Starting scheduler on CPU0[0m
[0;32mI (355) app_start: Starting scheduler on CPU1[0m
[0;32mI (355) main_task: Started on CPU0[0m
[0;32mI (365) main_task: Calling app_main()[0m
Guru Meditation Error: Core  0 panic'ed (LoadProhibited). Exception was unhandled.

Core  0 register dump:
PC      : 0x40088595  PS      : 0x00060a33  A0      : 0x800876da  A1      : 0x3ffb2510  
A2      : 0x3ffb2530  A3      : 0x3ffb2540  A4      : 0x00000000  A5      : 0x00060a23  
A6      : 0xb33fffff  A7      : 0xb33fffff  A8      : 0x00000119  A9      : 0x00000001  
A10     : 0x00000001  A11     : 0x3ffb269c  A12     : 0x00000000  A13     : 0x00060a23  
A14     : 0xb33fffff  A15     : 0xb33fffff  SAR     : 0x00000004  EXCCAUSE: 0x0000001c  
EXCVADDR: 0x0000016b  LBEG    : 0x400014fd  LEND    : 0x4000150d  LCOUNT  : 0xfffffffb  


Backtrace: 0x40088592:0x3ffb2510 0x400876d7:0x3ffb2530 0x4008774c:0x3ffb2570 0x40082801:0x3ffb2590 0x40082909:0x3ffb25c0 0x400d5b8b:0x3ffb25e0 0x400d4aab:0x3ffb2600 0x400d4672:0x3ffb2620 0x4000bd83:0x3ffb2640 0x4000117d:0x3ffb2660 0x400592fe:0x3ffb2680 0x4005937a:0x3ffb26a0 0x400e109f:0x3ffb26c0 0x400e8f27:0x3ffb26f2 |<-CORRUPTED




ELF file SHA256: 7405ed932

Rebooting...
[0;32mI (13) boot: ESP-IDF v5.2-dev-2590-g62ee4135e0-dirty 2nd stage bootloader[0m
[0;32mI (13) boot: compile time Nov  9 2023 18:00:02[0m
[0;32mI (14) boot: Multicore bootloader[0m
[0;32mI (18) boot: chip revision: v3.0[0m
[0;32mI (22) boot.esp32: SPI Speed      : 40MHz[0m
[0;32mI (27) boot.esp32: SPI Mode       : DIO[0m
[0;32mI (31) boot.esp32: SPI Flash Size : 2MB[0m
[0;32mI (36) boot: Enabling RNG early entropy source...[0m
[0;32mI (41) boot: Partition Table:[0m
[0;32mI (45) boot: ## Label            Usage          Type ST Offset   Length[0m
[0;32mI (52) boot:  0 nvs              WiFi data        01 02 00009000 00006000[0m
[0;32mI (60) boot:  1 phy_init         RF data          01 01 0000f000 00001000[0m
[0;32mI (67) boot:  2 factory          factory app      00 00 00010000 00100000[0m
[0;32mI (75) boot: End of partition table[0m
[0;32mI (79) esp_image: segment 0: paddr=00010020 vaddr=3f400020 size=0e424h ( 58404) map[0m
[0;32mI (108) esp_image: segment 1: paddr=0001e44c vaddr=3ffb0000 size=01bcch (  7116) load[0m
[0;32mI (112) esp_image: segment 2: paddr=00020020 vaddr=400d0020 size=1cf10h (118544) map[0m
[0;32mI (157) esp_image: segment 3: paddr=0003cf38 vaddr=3ffb1bcc size=005ach (  1452) load[0m
[0;32mI (158) esp_image: segment 4: paddr=0003d4ec vaddr=40080000 size=0dbdch ( 56284) load[0m
[0;32mI (193) boot: Loaded app from partition at offset 0x10000[0m
[0;32mI (193) boot: Disabling RNG early entropy source...[0m
[0;32mI (205) cpu_start: Multicore app[0m
[0;32mI (205) cpu_start: Pro cpu up.[0m
[0;32mI (205) cpu_start: Starting app cpu, entry point is 0x400811b0[0m
[0;32mI (201) cpu_start: App cpu up.[0m
[0;32mI (223) cpu_start: Pro cpu start user code[0m
[0;32mI (223) cpu_start: cpu freq: 160000000 Hz[0m
[0;32mI (223) cpu_start: Application information:[0m
[0;32mI (228) cpu_start: Project name:     blink[0m
[0;32mI (233) cpu_start: App version:      51730a5-dirty[0m
[0;32mI (238) cpu_start: Compile time:     Nov  9 2023 20:47:07[0m
[0;32mI (244) cpu_start: ELF file SHA256:  7405ed932...[0m
[0;32mI (250) cpu_start: ESP-IDF:          v5.2-dev-2590-g62ee4135e0-dirty[0m
[0;32mI (257) cpu_start: Min chip rev:     v0.0[0m
[0;32mI (261) cpu_start: Max chip rev:     v3.99 [0m
[0;32mI (266) cpu_start: Chip rev:         v3.0[0m
[0;32mI (271) heap_init: Initializing. RAM available for dynamic allocation:[0m
[0;32mI (278) heap_init: At 3FFAE6E0 len 00001920 (6 KiB): DRAM[0m
[0;32mI (284) heap_init: At 3FFB2A60 len 0002D5A0 (181 KiB): DRAM[0m
[0;32mI (290) heap_init: At 3FFE0440 len 00003AE0 (14 KiB): D/IRAM[0m
[0;32mI (297) heap_init: At 3FFE4350 len 0001BCB0 (111 KiB): D/IRAM[0m
[0;32mI (303) heap_init: At 4008DBDC len 00012424 (73 KiB): IRAM[0m
[0;32mI (311) spi_flash: detected chip: generic[0m
[0;32mI (314) spi_flash: flash io: dio[0m
[0;33mW (318) spi_flash: Detected size(4096k) larger than the size in the binary image header(2048k). Using the size in the binary image header.[0m
[0;33mW (331) i2c: This driver is an old driver, please migrate your application code to adapt `driver/i2c_master.h`[0m
[0;33mW (342) ADC: legacy driver is deprecated, please migrate to `esp_adc/adc_oneshot.h`[0m
[0;32mI (351) app_start: Starting scheduler on CPU0[0m
[0;32mI (355) app_start: Starting scheduler on CPU1[0m
[0;32mI (355) main_task: Started on CPU0[0m
[0;32mI (365) main_task: Calling app_main()[0m
Guru Meditation Error: Core  0 panic'ed (LoadProhibited). Exception was unhandled.

Core  0 register dump:
PC      : 0x40088595  PS      : 0x00060a33  A0      : 0x800876da  A1      : 0x3ffb2510  
A2      : 0x3ffb2530  A3      : 0x3ffb2540  A4      : 0x00000000  A5      : 0x00060a23  
A6      : 0xb33fffff  A7      : 0xb33fffff  A8      : 0x00000119  A9      : 0x00000001  
A10     : 0x00000001  A11     : 0x3ffb269c  A12     : 0x00000000  A13     : 0x00060a23  
A14     : 0xb33fffff  A15     : 0xb33fffff  SAR     : 0x00000004  EXCCAUSE: 0x0000001c  
EXCVADDR: 0x0000016b  LBEG    : 0x400014fd  LEND    : 0x4000150d  LCOUNT  : 0xfffffffb  


Backtrace: 0x40088592:0x3ffb2510 0x400876d7:0x3ffb2530 0x4008774c:0x3ffb2570 0x40082801:0x3ffb2590 0x40082909:0x3ffb25c0 0x400d5b8b:0x3ffb25e0 0x400d4aab:0x3ffb2600 0x400d4672:0x3ffb2620 0x4000bd83:0x3ffb2640 0x4000117d:0x3ffb2660 0x400592fe:0x3ffb2680 0x4005937a:0x3ffb26a0 0x400e109f:0x3ffb26c0 0x400e8f27:0x3ffb26f2 |<-CORRUPTED




ELF file SHA256: 7405ed932

Rebooting...
[0;32mI (13) boot: ESP-IDF v5.2-dev-2590-g62ee4135e0-dirty 2nd stage bootloader[0m
[0;32mI (13) boot: compile time Nov  9 2023 18:00:02[0m
[0;32mI (14) boot: Multicore bootloader[0m
[0;32mI (18) boot: chip revision: v3.0[0m
[0;32mI (22) boot.esp32: SPI Speed      : 40MHz[0m
[0;32mI (27) boot.esp32: SPI Mode       : DIO[0m
[0;32mI (31) boot.esp32: SPI Flash Size : 2MB[0m
[0;32mI (36) boot: Enabling RNG early entropy source...[0m
[0;32mI (41) boot: Partition Table:[0m
[0;32mI (45) boot: ## Label            Usage          Type ST Offset   Length[0m
[0;32mI (52) boot:  0 nvs              WiFi data        01 02 00009000 00006000[0m
[0;32mI (60) boot:  1 phy_init         RF data          01 01 0000f000 00001000[0m
[0;32mI (67) boot:  2 factory          factory app      00 00 00010000 00100000[0m
[0;32mI (75) boot: End of partition table[0m
[0;32mI (79) esp_image: segment 0: paddr=00010020 vaddr=3f400020 size=0e424h ( 58404) map[0m
[0;32mI (108) esp_image: segment 1: paddr=0001e44c vaddr=3ffb0000 size=01bcch (  7116) load[0m
[0;32mI (112) esp_image: segment 2: paddr=00020020 vaddr=400d0020 size=1cf10h (118544) map[0m
[0;32mI (157) esp_image: segment 3: paddr=0003cf38 vaddr=3ffb1bcc size=005ach (  1452) load[0m
[0;32mI (158) esp_image: segment 4: paddr=0003d4ec vaddr=40080000 size=0dbdch ( 56284) load[0m
[0;32mI (193) boot: Loaded app from partition at offset 0x10000[0m
[0;32mI (193) boot: Disabling RNG early entropy source...[0m
[0;32mI (205) cpu_start: Multicore app[0m
[0;32mI (205) cpu_start: Pro cpu up.[0m
[0;32mI (205) cpu_start: Starting app cpu, entry point is 0x400811b0[0m
[0;32mI (201) cpu_start: App cpu up.[0m
[0;32mI (223) cpu_start: Pro cpu start user code[0m
[0;32mI (223) cpu_start: cpu freq: 160000000 Hz[0m
[0;32mI (223) cpu_start: Application information:[0m
[0;32mI (228) cpu_start: Project name:     blink[0m
[0;32mI (233) cpu_start: App version:      51730a5-dirty[0m
[0;32mI (238) cpu_start: Compile time:     Nov  9 2023 20:47:07[0m
[0;32mI (244) cpu_start: ELF file SHA256:  7405ed932...[0m
[0;32mI (250) cpu_start: ESP-IDF:          v5.2-dev-2590-g62ee4135e0-dirty[0m
[0;32mI (257) cpu_start: Min chip rev:     v0.0[0m
[0;32mI (261) cpu_start: Max chip rev:     v3.99 [0m
[0;32mI (266) cpu_start: Chip rev:         v3.0[0m
[0;32mI (271) heap_init: Initializing. RAM available for dynamic allocation:[0m
[0;32mI (278) heap_init: At 3FFAE6E0 len 00001920 (6 KiB): DRAM[0m
[0;32mI (284) heap_init: At 3FFB2A60 len 0002D5A0 (181 KiB): DRAM[0m
[0;32mI (290) heap_init: At 3FFE0440 len 00003AE0 (14 KiB): D/IRAM[0m
[0;32mI (297) heap_init: At 3FFE4350 len 0001BCB0 (111 KiB): D/IRAM[0m
[0;32mI (303) heap_init: At 4008DBDC len 00012424 (73 KiB): IRAM[0m
[0;32mI (311) spi_flash: detected chip: generic[0m
[0;32mI (314) spi_flash: flash io: dio[0m
[0;33mW (318) spi_flash: Detected size(4096k) larger than the size in the binary image header(2048k). Using the size in the binary image header.[0m
[0;33mW (331) i2c: This driver is an old driver, please migrate your application code to adapt `driver/i2c_master.h`[0m
[0;33mW (342) ADC: legacy driver is deprecated, please migrate to `esp_adc/adc_oneshot.h`[0m
[0;32mI (351) app_start: Starting scheduler on CPU0[0m
[0;32mI (355) app_start: Starting scheduler on CPU1[0m
[0;32mI (355) main_task: Started on CPU0[0m
[0;32mI (365) main_task: Calling app_main()[0m
Guru Meditation Error: Core  0 panic'ed (LoadProhibited). Exception was unhandled.

Core  0 register dump:
PC      : 0x40088595  PS      : 0x00060a33  A0      : 0x800876da  A1      : 0x3ffb2510  
A2      : 0x3ffb2530  A3      : 0x3ffb2540  A4      : 0x00000000  A5      : 0x00060a23  
A6      : 0xb33fffff  A7      : 0xb33fffff  A8      : 0x00000119  A9      : 0x00000001  
A10     : 0x00000001  A11     : 0x3ffb269c  A12     : 0x00000000  A13     : 0x00060a23  
A14     : 0xb33fffff  A15     : 0xb33fffff  SAR     : 0x00000004  EXCCAUSE: 0x0000001c  
EXCVADDR: 0x0000016b  LBEG    : 0x400014fd  LEND    : 0x4000150d  LCOUNT  : 0xfffffffb  


Backtrace: 0x40088592:0x3ffb2510 0x400876d7:0x3ffb2530 0x4008774c:0x3ffb2570 0x40082801:0x3ffb2590 0x40082909:0x3ffb25c0 0x400d5b8b:0x3ffb25e0 0x400d4aab:0x3ffb2600 0x400d4672:0x3ffb2620 0x4000bd83:0x3ffb2640 0x4000117d:0x3ffb2660 0x400592fe:0x3ffb2680 0x4005937a:0x3ffb26a0 0x400e109f:0x3ffb26c0 0x400e8f27:0x3ffb26f2 |<-CORRUPTED




ELF file SHA256: 7405ed932

Rebooting...
[0;32mI (13) boot: ESP-IDF v5.2-dev-2590-g62ee4135e0-dirty 2nd stage bootloader[0m
[0;32mI (13) boot: compile time Nov  9 2023 18:00:02[0m
[0;32mI (14) boot: Multicore bootloader[0m
[0;32mI (18) boot: chip revision: v3.0[0m
[0;32mI (22) boot.esp32: SPI Speed      : 40MHz[0m
[0;32mI (27) boot.esp32: SPI Mode       : DIO[0m
[0;32mI (31) boot.esp32: SPI Flash Size : 2MB[0m
[0;32mI (36) boot: Enabling RNG early entropy source...[0m
[0;32mI (41) boot: Partition Table:[0m
[0;32mI (45) boot: ## Label            Usage          Type ST Offset   Length[0m
[0;32mI (52) boot:  0 nvs              WiFi data        01 02 00009000 00006000[0m
[0;32mI (60) boot:  1 phy_init         RF data          01 01 0000f000 00001000[0m
[0;32mI (67) boot:  2 factory          factory app      00 00 00010000 00100000[0m
[0;32mI (75) boot: End of partition table[0m
[0;32mI (79) esp_image: segment 0: paddr=00010020 vaddr=3f400020 size=0e424h ( 58404) map[0m
[0;32mI (108) esp_image: segment 1: paddr=0001e44c vaddr=3ffb0000 size=01bcch (  7116) load[0m
[0;32mI (112) esp_image: segment 2: paddr=00020020 vaddr=400d0020 size=1cf10h (118544) map[0m
[0;32mI (157) esp_image: segment 3: paddr=0003cf38 vaddr=3ffb1bcc size=005ach (  1452) load[0m
[0;32mI (158) esp_image: segment 4: paddr=0003d4ec vaddr=40080000 size=0dbdch ( 56284) load[0m
[0;32mI (193) boot: Loaded app from partition at offset 0x10000[0m
[0;32mI (193) boot: Disabling RNG early entropy source...[0m
[0;32mI (205) cpu_start: Multicore app[0m
[0;32mI (205) cpu_start: Pro cpu up.[0m
[0;32mI (205) cpu_start: Starting app cpu, entry point is 0x400811b0[0m
[0;32mI (201) cpu_start: App cpu up.[0m
[0;32mI (223) cpu_start: Pro cpu start user code[0m
[0;32mI (223) cpu_start: cpu freq: 160000000 Hz[0m
[0;32mI (223) cpu_start: Application information:[0m
[0;32mI (228) cpu_start: Project name:     blink[0m
[0;32mI (233) cpu_start: App version:      51730a5-dirty[0m
[0;32mI (238) cpu_start: Compile time:     Nov  9 2023 20:47:07[0m
[0;32mI (244) cpu_start: ELF file SHA256:  7405ed932...[0m
[0;32mI (250) cpu_start: ESP-IDF:          v5.2-dev-2590-g62ee4135e0-dirty[0m
[0;32mI (257) cpu_start: Min chip rev:     v0.0[0m
[0;32mI (261) cpu_start: Max chip rev:     v3.99 [0m
[0;32mI (266) cpu_start: Chip rev:         v3.0[0m
[0;32mI (271) heap_init: Initializing. RAM available for dynamic allocation:[0m
[0;32mI (278) heap_init: At 3FFAE6E0 len 00001920 (6 KiB): DRAM[0m
[0;32mI (284) heap_init: At 3FFB2A60 len 0002D5A0 (181 KiB): DRAM[0m
[0;32mI (290) heap_init: At 3FFE0440 len 00003AE0 (14 KiB): D/IRAM[0m
[0;32mI (297) heap_init: At 3FFE4350 len 0001BCB0 (111 KiB): D/IRAM[0m
[0;32mI (303) heap_init: At 4008DBDC len 00012424 (73 KiB): IRAM[0m
[0;32mI (311) spi_flash: detected chip: generic[0m
[0;32mI (314) spi_flash: flash io: dio[0m
[0;33mW (318) spi_flash: Detected size(4096k) larger than the size in the binary image header(2048k). Using the size in the binary image header.[0m
[0;33mW (331) i2c: This driver is an old driver, please migrate your application code to adapt `driver/i2c_master.h`[0m
[0;33mW (342) ADC: legacy driver is deprecated, please migrate to `esp_adc/adc_oneshot.h`[0m
[0;32mI (351) app_start: Starting scheduler on CPU0[0m
[0;32mI (355) app_start: Starting scheduler on CPU1[0m
[0;32mI (355) main_task: Started on CPU0[0m
[0;32mI (365) main_task: Calling app_main()[0m
Guru Meditation Error: Core  0 panic'ed (LoadProhibited). Exception was unhandled.

Core  0 register dump:
PC      : 0x40088595  PS      : 0x00060a33  A0      : 0x800876da  A1      : 0x3ffb2510  
A2      : 0x3ffb2530  A3      : 0x3ffb2540  A4      : 0x00000000  A5      : 0x00060a23  
A6      : 0xb33fffff  A7      : 0xb33fffff  A8      : 0x00000119  A9      : 0x00000001  
A10     : 0x00000001  A11     : 0x3ffb269c  A12     : 0x00000000  A13     : 0x00060a23  
A14     : 0xb33fffff  A15     : 0xb33fffff  SAR     : 0x00000004  EXCCAUSE: 0x0000001c  
EXCVADDR: 0x0000016b  LBEG    : 0x400014fd  LEND    : 0x4000150d  LCOUNT  : 0xfffffffb  


Backtrace: 0x40088592:0x3ffb2510 0x400876d7:0x3ffb2530 0x4008774c:0x3ffb2570 0x40082801:0x3ffb2590 0x40082909:0x3ffb25c0 0x400d5b8b:0x3ffb25e0 0x400d4aab:0x3ffb2600 0x400d4672:0x3ffb2620 0x4000bd83:0x3ffb2640 0x4000117d:0x3ffb2660 0x400592fe:0x3ffb2680 0x4005937a:0x3ffb26a0 0x400e109f:0x3ffb26c0 0x400e8f27:0x3ffb26f2 |<-CORRUPTED




ELF file SHA256: 7405ed932

Rebooting...
[0;32mI (13) boot: ESP-IDF v5.2-dev-2590-g62ee4135e0-dirty 2nd stage bootloader[0m
[0;32mI (13) boot: compile time Nov  9 2023 18:00:02[0m
[0;32mI (14) boot: Multicore bootloader[0m
[0;32mI (18) boot: chip revision: v3.0[0m
[0;32mI (22) boot.esp32: SPI Speed      : 40MHz[0m
[0;32mI (27) boot.esp32: SPI Mode       : DIO[0m
[0;32mI (31) boot.esp32: SPI Flash Size : 2MB[0m
[0;32mI (36) boot: Enabling RNG early entropy source...[0m
[0;32mI (41) boot: Partition Table:[0m
[0;32mI (45) boot: ## Label            Usage          Type ST Offset   Length[0m
[0;32mI (52) boot:  0 nvs              WiFi data        01 02 00009000 00006000[0m
[0;32mI (60) boot:  1 phy_init         RF data          01 01 0000f000 00001000[0m
[0;32mI (67) boot:  2 factory          factory app      00 00 00010000 00100000[0m
[0;32mI (75) boot: End of partition table[0m
[0;32mI (79) esp_image: segment 0: paddr=00010020 vaddr=3f400020 size=0e424h ( 58404) map[0m
[0;32mI (108) esp_image: segment 1: paddr=0001e44c vaddr=3ffb0000 size=01bcch (  7116) load[0m
[0;32mI (112) esp_image: segment 2: paddr=00020020 vaddr=400d0020 size=1cf10h (118544) map[0m
[0;32mI (157) esp_image: segment 3: paddr=0003cf38 vaddr=3ffb1bcc size=005ach (  1452) load[0m
[0;32mI (158) esp_image: segment 4: paddr=0003d4ec vaddr=40080000 size=0dbdch ( 56284) load[0m
[0;32mI (193) boot: Loaded app from partition at offset 0x10000[0m
[0;32mI (193) boot: Disabling RNG early entropy source...[0m
[0;32mI (205) cpu_start: Multicore app[0m
[0;32mI (205) cpu_start: Pro cpu up.[0m
[0;32mI (205) cpu_start: Starting app cpu, entry point is 0x400811b0[0m
[0;32mI (201) cpu_start: App cpu up.[0m
[0;32mI (223) cpu_start: Pro cpu start user code[0m
[0;32mI (223) cpu_start: cpu freq: 160000000 Hz[0m
[0;32mI (223) cpu_start: Application information:[0m
[0;32mI (228) cpu_start: Project name:     blink[0m
[0;32mI (233) cpu_start: App version:      51730a5-dirty[0m
[0;32mI (238) cpu_start: Compile time:     Nov  9 2023 20:47:07[0m
[0;32mI (244) cpu_start: ELF file SHA256:  7405ed932...[0m
[0;32mI (250) cpu_start: ESP-IDF:          v5.2-dev-2590-g62ee4135e0-dirty[0m
[0;32mI (257) cpu_start: Min chip rev:     v0.0[0m
[0;32mI (261) cpu_start: Max chip rev:     v3.99 [0m
[0;32mI (266) cpu_start: Chip rev:         v3.0[0m
[0;32mI (271) heap_init: Initializing. RAM available for dynamic allocation:[0m
[0;32mI (278) heap_init: At 3FFAE6E0 len 00001920 (6 KiB): DRAM[0m
[0;32mI (284) heap_init: At 3FFB2A60 len 0002D5A0 (181 KiB): DRAM[0m
[0;32mI (290) heap_init: At 3FFE0440 len 00003AE0 (14 KiB): D/IRAM[0m
[0;32mI (297) heap_init: At 3FFE4350 len 0001BCB0 (111 KiB): D/IRAM[0m
[0;32mI (303) heap_init: At 4008DBDC len 00012424 (73 KiB): IRAM[0m
[0;32mI (311) spi_flash: detected chip: generic[0m
[0;32mI (314) spi_flash: flash io: dio[0m
[0;33mW (318) spi_flash: Detected size(4096k) larger than the size in the binary image header(2048k). Using the size in the binary image header.[0m
[0;33mW (331) i2c: This driver is an old driver, please migrate your application code to adapt `driver/i2c_master.h`[0m
[0;33mW (342) ADC: legacy driver is deprecated, please migrate to `esp_adc/adc_oneshot.h`[0m
[0;32mI (351) app_start: Starting scheduler on CPU0[0m
[0;32mI (355) app_start: Starting scheduler on CPU1[0m
[0;32mI (355) main_task: Started on CPU0[0m
[0;32mI (365) main_task: Calling app_main()[0m
Guru Meditation Error: Core  0 panic'ed (LoadProhibited). Exception was unhandled.

Core  0 register dump:
PC      : 0x40088595  PS      : 0x00060a33  A0      : 0x800876da  A1      : 0x3ffb2510  
A2      : 0x3ffb2530  A3      : 0x3ffb2540  A4      : 0x00000000  A5      : 0x00060a23  
A6      : 0xb33fffff  A7      : 0xb33fffff  A8      : 0x00000119  A9      : 0x00000001  
A10     : 0x00000001  A11     : 0x3ffb269c  A12     : 0x00000000  A13     : 0x00060a23  
A14     : 0xb33fffff  A15     : 0xb33fffff  SAR     : 0x00000004  EXCCAUSE: 0x0000001c  
EXCVADDR: 0x0000016b  LBEG    : 0x400014fd  LEND    : 0x4000150d  LCOUNT  : 0xfffffffb  


Backtrace: 0x40088592:0x3ffb2510 0x400876d7:0x3ffb2530 0x4008774c:0x3ffb2570 0x40082801:0x3ffb2590 0x40082909:0x3ffb25c0 0x400d5b8b:0x3ffb25e0 0x400d4aab:0x3ffb2600 0x400d4672:0x3ffb2620 0x4000bd83:0x3ffb2640 0x4000117d:0x3ffb2660 0x400592fe:0x3ffb2680 0x4005937a:0x3ffb26a0 0x400e109f:0x3ffb26c0 0x400e8f27:0x3ffb26f2 |<-CORRUPTED




ELF file SHA256: 7405ed932

Rebooting...
[0;32mI (13) boot: ESP-IDF v5.2-dev-2590-g62ee4135e0-dirty 2nd stage bootloader[0m
[0;32mI (13) boot: compile time Nov  9 2023 18:00:02[0m
[0;32mI (14) boot: Multicore bootloader[0m
[0;32mI (18) boot: chip revision: v3.0[0m
[0;32mI (22) boot.esp32: SPI Speed      : 40MHz[0m
[0;32mI (27) boot.esp32: SPI Mode       : DIO[0m
[0;32mI (31) boot.esp32: SPI Flash Size : 2MB[0m
[0;32mI (36) boot: Enabling RNG early entropy source...[0m
[0;32mI (41) boot: Partition Table:[0m
[0;32mI (45) boot: ## Label            Usage          Type ST Offset   Length[0m
[0;32mI (52) boot:  0 nvs              WiFi data        01 02 00009000 00006000[0m
[0;32mI (60) boot:  1 phy_init         RF data          01 01 0000f000 00001000[0m
[0;32mI (67) boot:  2 factory          factory app      00 00 00010000 00100000[0m
[0;32mI (75) boot: End of partition table[0m
[0;32mI (79) esp_image: segment 0: paddr=00010020 vaddr=3f400020 size=0e424h ( 58404) map[0m
[0;32mI (108) esp_image: segment 1: paddr=0001e44c vaddr=3ffb0000 size=01bcch (  7116) load[0m
[0;32mI (112) esp_image: segment 2: paddr=00020020 vaddr=400d0020 size=1cf10h (118544) map[0m
[0;32mI (157) esp_image: segment 3: paddr=0003cf38 vaddr=3ffb1bcc size=005ach (  1452) load[0m
[0;32mI (158) esp_image: segment 4: paddr=0003d4ec vaddr=40080000 size=0dbdch ( 56284) load[0m
[0;32mI (193) boot: Loaded app from partition at offset 0x10000[0m
[0;32mI (193) boot: Disabling RNG early entropy source...[0m
[0;32mI (205) cpu_start: Multicore app[0m
[0;32mI (205) cpu_start: Pro cpu up.[0m
[0;32mI (205) cpu_start: Starting app cpu, entry point is 0x400811b0[0m
[0;32mI (201) cpu_start: App cpu up.[0m
[0;32mI (223) cpu_start: Pro cpu start user code[0m
[0;32mI (223) cpu_start: cpu freq: 160000000 Hz[0m
[0;32mI (223) cpu_start: Application information:[0m
[0;32mI (228) cpu_start: Project name:     blink[0m
[0;32mI (233) cpu_start: App version:      51730a5-dirty[0m
[0;32mI (238) cpu_start: Compile time:     Nov  9 2023 20:47:07[0m
[0;32mI (244) cpu_start: ELF file SHA256:  7405ed932...[0m
[0;32mI (250) cpu_start: ESP-IDF:          v5.2-dev-2590-g62ee4135e0-dirty[0m
[0;32mI (257) cpu_start: Min chip rev:     v0.0[0m
[0;32mI (261) cpu_start: Max chip rev:     v3.99 [0m
[0;32mI (266) cpu_start: Chip rev:         v3.0[0m
[0;32mI (271) heap_init: Initializing. RAM available for dynamic allocation:[0m
[0;32mI (278) heap_init: At 3FFAE6E0 len 00001920 (6 KiB): DRAM[0m
[0;32mI (284) heap_init: At 3FFB2A60 len 0002D5A0 (181 KiB): DRAM[0m
[0;32mI (290) heap_init: At 3FFE0440 len 00003AE0 (14 KiB): D/IRAM[0m
[0;32mI (297) heap_init: At 3FFE4350 len 0001BCB0 (111 KiB): D/IRAM[0m
[0;32mI (303) heap_init: At 4008DBDC len 00012424 (73 KiB): IRAM[0m
[0;32mI (311) spi_flash: detected chip: generic[0m
[0;32mI (314) spi_flash: flash io: dio[0m
[0;33mW (318) spi_flash: Detected size(4096k) larger than the size in the binary image header(2048k). Using the size in the binary image header.[0m
[0;33mW (331) i2c: This driver is an old driver, please migrate your application code to adapt `driver/i2c_master.h`[0m
[0;33mW (342) ADC: legacy driver is deprecated, please migrate to `esp_adc/adc_oneshot.h`[0m
[0;32mI (351) app_start: Starting scheduler on CPU0[0m
[0;32mI (355) app_start: Starting scheduler on CPU1[0m
[0;32mI (355) main_task: Started on CPU0[0m
[0;32mI (365) main_task: Calling app_main()[0m
Guru Meditation Error: Core  0 panic'ed (LoadProhibited). Exception was unhandled.

Core  0 register dump:
PC      : 0x40088595  PS      : 0x00060a33  A0      : 0x800876da  A1      : 0x3ffb2510  
A2      : 0x3ffb2530  A3      : 0x3ffb2540  A4      : 0x00000000  A5      : 0x00060a23  
A6      : 0xb33fffff  A7      : 0xb33fffff  A8      : 0x00000119  A9      : 0x00000001  
A10     : 0x00000001  A11     : 0x3ffb269c  A12     : 0x00000000  A13     : 0x00060a23  
A14     : 0xb33fffff  A15     : 0xb33fffff  SAR     : 0x00000004  EXCCAUSE: 0x0000001c  
EXCVADDR: 0x0000016b  LBEG    : 0x400014fd  LEND    : 0x4000150d  LCOUNT  : 0xfffffffb  


Backtrace: 0x40088592:0x3ffb2510 0x400876d7:0x3ffb2530 0x4008774c:0x3ffb2570 0x40082801:0x3ffb2590 0x40082909:0x3ffb25c0 0x400d5b8b:0x3ffb25e0 0x400d4aab:0x3ffb2600 0x400d4672:0x3ffb2620 0x4000bd83:0x3ffb2640 0x4000117d:0x3ffb2660 0x400592fe:0x3ffb2680 0x4005937a:0x3ffb26a0 0x400e109f:0x3ffb26c0 0x400e8f27:0x3ffb26f2 |<-CORRUPTED




ELF file SHA256: 7405ed932

Rebooting...
[0;32mI (13) boot: ESP-IDF v5.2-dev-2590-g62ee4135e0-dirty 2nd stage bootloader[0m
[0;32mI (13) boot: compile time Nov  9 2023 18:00:02[0m
[0;32mI (14) boot: Multicore bootloader[0m
[0;32mI (18) boot: chip revision: v3.0[0m
[0;32mI (22) boot.esp32: SPI Speed      : 40MHz[0m
[0;32mI (27) boot.esp32: SPI Mode       : DIO[0m
[0;32mI (31) boot.esp32: SPI Flash Size : 2MB[0m
[0;32mI (36) boot: Enabling RNG early entropy source...[0m
[0;32mI (41) boot: Partition Table:[0m
[0;32mI (45) boot: ## Label            Usage          Type ST Offset   Length[0m
[0;32mI (52) boot:  0 nvs              WiFi data        01 02 00009000 00006000[0m
[0;32mI (60) boot:  1 phy_init         RF data          01 01 0000f000 00001000[0m
[0;32mI (67) boot:  2 factory          factory app      00 00 00010000 00100000[0m
[0;32mI (75) boot: End of partition table[0m
[0;32mI (79) esp_image: segment 0: paddr=00010020 vaddr=3f400020 size=0e424h ( 58404) map[0m
[0;32mI (108) esp_image: segment 1: paddr=0001e44c vaddr=3ffb0000 size=01bcch (  7116) load[0m
[0;32mI (112) esp_image: segment 2: paddr=00020020 vaddr=400d0020 size=1cf10h (118544) map[0m
[0;32mI (157) esp_image: segment 3: paddr=0003cf38 vaddr=3ffb1bcc size=005ach (  1452) load[0m
[0;32mI (158) esp_image: segment 4: paddr=0003d4ec vaddr=40080000 size=0dbdch ( 56284) load[0m
[0;32mI (193) boot: Loaded app from partition at offset 0x10000[0m
[0;32mI (193) boot: Disabling RNG early entropy source...[0m
[0;32mI (205) cpu_start: Multicore app[0m
[0;32mI (205) cpu_start: Pro cpu up.[0m
[0;32mI (205) cpu_start: Starting app cpu, entry point is 0x400811b0[0m
[0;32mI (201) cpu_start: App cpu up.[0m
[0;32mI (223) cpu_start: Pro cpu start user code[0m
[0;32mI (223) cpu_start: cpu freq: 160000000 Hz[0m
[0;32mI (223) cpu_start: Application information:[0m
[0;32mI (228) cpu_start: Project name:     blink[0m
[0;32mI (233) cpu_start: App version:      51730a5-dirty[0m
[0;32mI (238) cpu_start: Compile time:     Nov  9 2023 20:47:07[0m
[0;32mI (244) cpu_start: ELF file SHA256:  7405ed932...[0m
[0;32mI (250) cpu_start: ESP-IDF:          v5.2-dev-2590-g62ee4135e0-dirty[0m
[0;32mI (257) cpu_start: Min chip rev:     v0.0[0m
[0;32mI (261) cpu_start: Max chip rev:     v3.99 [0m
[0;32mI (266) cpu_start: Chip rev:         v3.0[0m
[0;32mI (271) heap_init: Initializing. RAM available for dynamic allocation:[0m
[0;32mI (278) heap_init: At 3FFAE6E0 len 00001920 (6 KiB): DRAM[0m
[0;32mI (284) heap_init: At 3FFB2A60 len 0002D5A0 (181 KiB): DRAM[0m
[0;32mI (290) heap_init: At 3FFE0440 len 00003AE0 (14 KiB): D/IRAM[0m
[0;32mI (297) heap_init: At 3FFE4350 len 0001BCB0 (111 KiB): D/IRAM[0m
[0;32mI (303) heap_init: At 4008DBDC len 00012424 (73 KiB): IRAM[0m
[0;32mI (311) spi_flash: detected chip: generic[0m
[0;32mI (314) spi_flash: flash io: dio[0m
[0;33mW (318) spi_flash: Detected size(4096k) larger than the size in the binary image header(2048k). Using the size in the binary image header.[0m
[0;33mW (331) i2c: This driver is an old driver, please migrate your application code to adapt `driver/i2c_master.h`[0m
[0;33mW (342) ADC: legacy driver is deprecated, please migrate to `esp_adc/adc_oneshot.h`[0m
[0;32mI (351) app_start: Starting scheduler on CPU0[0m
[0;32mI (355) app_start: Starting scheduler on CPU1[0m
[0;32mI (355) main_task: Started on CPU0[0m
[0;32mI (365) main_task: Calling app_main()[0m
Guru Meditation Error: Core  0 panic'ed (LoadProhibited). Exception was unhandled.

Core  0 register dump:
PC      : 0x40088595  PS      : 0x00060a33  A0      : 0x800876da  A1      : 0x3ffb2510  
A2      : 0x3ffb2530  A3      : 0x3ffb2540  A4      : 0x00000000  A5      : 0x00060a23  
A6      : 0xb33fffff  A7      : 0xb33fffff  A8      : 0x00000119  A9      : 0x00000001  
A10     : 0x00000001  A11     : 0x3ffb269c  A12     : 0x00000000  A13     : 0x00060a23  
A14     : 0xb33fffff  A15     : 0xb33fffff  SAR     : 0x00000004  EXCCAUSE: 0x0000001c  
EXCVADDR: 0x0000016b  LBEG    : 0x400014fd  LEND    : 0x4000150d  LCOUNT  : 0xfffffffb  


Backtrace: 0x40088592:0x3ffb2510 0x400876d7:0x3ffb2530 0x4008774c:0x3ffb2570 0x40082801:0x3ffb2590 0x40082909:0x3ffb25c0 0x400d5b8b:0x3ffb25e0 0x400d4aab:0x3ffb2600 0x400d4672:0x3ffb2620 0x4000bd83:0x3ffb2640 0x4000117d:0x3ffb2660 0x400592fe:0x3ffb2680 0x4005937a:0x3ffb26a0 0x400e109f:0x3ffb26c0 0x400e8f27:0x3ffb26f2 |<-CORRUPTED




ELF file SHA256: 7405ed932

Rebooting...
[0;32mI (13) boot: ESP-IDF v5.2-dev-2590-g62ee4135e0-dirty 2nd stage bootloader[0m
[0;32mI (13) boot: compile time Nov  9 2023 18:00:02[0m
[0;32mI (14) boot: Multicore bootloader[0m
[0;32mI (18) boot: chip revision: v3.0[0m
[0;32mI (22) boot.esp32: SPI Speed      : 40MHz[0m
[0;32mI (27) boot.esp32: SPI Mode       : DIO[0m
[0;32mI (31) boot.esp32: SPI Flash Size : 2MB[0m
[0;32mI (36) boot: Enabling RNG early entropy source...[0m
[0;32mI (41) boot: Partition Table:[0m
[0;32mI (45) boot: ## Label            Usage          Type ST Offset   Length[0m
[0;32mI (52) boot:  0 nvs              WiFi data        01 02 00009000 00006000[0m
[0;32mI (60) boot:  1 phy_init         RF data          01 01 0000f000 00001000[0m
[0;32mI (67) boot:  2 factory          factory app      00 00 00010000 00100000[0m
[0;32mI (75) boot: End of partition table[0m
[0;32mI (79) esp_image: segment 0: paddr=00010020 vaddr=3f400020 size=0e424h ( 58404) map[0m
[0;32mI (108) esp_image: segment 1: paddr=0001e44c vaddr=3ffb0000 size=01bcch (  7116) load[0m
[0;32mI (112) esp_image: segment 2: paddr=00020020 vaddr=400d0020 size=1cf10h (118544) map[0m
[0;32mI (157) esp_image: segment 3: paddr=0003cf38 vaddr=3ffb1bcc size=005ach (  1452) load[0m
[0;32mI (158) esp_image: segment 4: paddr=0003d4ec vaddr=40080000 size=0dbdch ( 56284) load[0m
[0;32mI (193) boot: Loaded app from partition at offset 0x10000[0m
[0;32mI (193) boot: Disabling RNG early entropy source...[0m
[0;32mI (205) cpu_start: Multicore app[0m
[0;32mI (205) cpu_start: Pro cpu up.[0m
[0;32mI (205) cpu_start: Starting app cpu, entry point is 0x400811b0[0m
[0;32mI (201) cpu_start: App cpu up.[0m
[0;32mI (223) cpu_start: Pro cpu start user code[0m
[0;32mI (223) cpu_start: cpu freq: 160000000 Hz[0m
[0;32mI (223) cpu_start: Application information:[0m
[0;32mI (228) cpu_start: Project name:     blink[0m
[0;32mI (233) cpu_start: App version:      51730a5-dirty[0m
[0;32mI (238) cpu_start: Compile time:     Nov  9 2023 20:47:07[0m
[0;32mI (244) cpu_start: ELF file SHA256:  7405ed932...[0m
[0;32mI (250) cpu_start: ESP-IDF:          v5.2-dev-2590-g62ee4135e0-dirty[0m
[0;32mI (257) cpu_start: Min chip rev:     v0.0[0m
[0;32mI (261) cpu_start: Max chip rev:     v3.99 [0m
[0;32mI (266) cpu_start: Chip rev:         v3.0[0m
[0;32mI (271) heap_init: Initializing. RAM available for dynamic allocation:[0m
[0;32mI (278) heap_init: At 3FFAE6E0 len 00001920 (6 KiB): DRAM[0m
[0;32mI (284) heap_init: At 3FFB2A60 len 0002D5A0 (181 KiB): DRAM[0m
[0;32mI (290) heap_init: At 3FFE0440 len 00003AE0 (14 KiB): D/IRAM[0m
[0;32mI (297) heap_init: At 3FFE4350 len 0001BCB0 (111 KiB): D/IRAM[0m
[0;32mI (303) heap_init: At 4008DBDC len 00012424 (73 KiB): IRAM[0m
[0;32mI (311) spi_flash: detected chip: generic[0m
[0;32mI (314) spi_flash: flash io: dio[0m
[0;33mW (318) spi_flash: Detected size(4096k) larger than the size in the binary image header(2048k). Using the size in the binary image header.[0m
[0;33mW (331) i2c: This driver is an old driver, please migrate your application code to adapt `driver/i2c_master.h`[0m
[0;33mW (342) ADC: legacy driver is deprecated, please migrate to `esp_adc/adc_oneshot.h`[0m
[0;32mI (351) app_start: Starting scheduler on CPU0[0m
[0;32mI (355) app_start: Starting scheduler on CPU1[0m
[0;32mI (355) main_task: Started on CPU0[0m
[0;32mI (365) main_task: Calling app_main()[0m
Guru Meditation Error: Core  0 panic'ed (LoadProhibited). Exception was unhandled.

Core  0 register dump:
PC      : 0x40088595  PS      : 0x00060a33  A0      : 0x800876da  A1      : 0x3ffb2510  
A2      : 0x3ffb2530  A3      : 0x3ffb2540  A4      : 0x00000000  A5      : 0x00060a23  
A6      : 0xb33fffff  A7      : 0xb33fffff  A8      : 0x00000119  A9      : 0x00000001  
A10     : 0x00000001  A11     : 0x3ffb269c  A12     : 0x00000000  A13     : 0x00060a23  
A14     : 0xb33fffff  A15     : 0xb33fffff  SAR     : 0x00000004  EXCCAUSE: 0x0000001c  
EXCVADDR: 0x0000016b  LBEG    : 0x400014fd  LEND    : 0x4000150d  LCOUNT  : 0xfffffffb  


Backtrace: 0x40088592:0x3ffb2510 0x400876d7:0x3ffb2530 0x4008774c:0x3ffb2570 0x40082801:0x3ffb2590 0x40082909:0x3ffb25c0 0x400d5b8b:0x3ffb25e0 0x400d4aab:0x3ffb2600 0x400d4672:0x3ffb2620 0x4000bd83:0x3ffb2640 0x4000117d:0x3ffb2660 0x400592fe:0x3ffb2680 0x4005937a:0x3ffb26a0 0x400e109f:0x3ffb26c0 0x400e8f27:0x3ffb26f2 |<-CORRUPTED




ELF file SHA256: 7405ed932

Rebooting...
[0;32mI (13) boot: ESP-IDF v5.2-dev-2590-g62ee4135e0-dirty 2nd stage bootloader[0m
[0;32mI (13) boot: compile time Nov  9 2023 18:00:02[0m
[0;32mI (14) boot: Multicore bootloader[0m
[0;32mI (18) boot: chip revision: v3.0[0m
[0;32mI (22) boot.esp32: SPI Speed      : 40MHz[0m
[0;32mI (27) boot.esp32: SPI Mode       : DIO[0m
[0;32mI (31) boot.esp32: SPI Flash Size : 2MB[0m
[0;32mI (36) boot: Enabling RNG early entropy source...[0m
[0;32mI (41) boot: Partition Table:[0m
[0;32mI (45) boot: ## Label            Usage          Type ST Offset   Length[0m
[0;32mI (52) boot:  0 nvs              WiFi data        01 02 00009000 00006000[0m
[0;32mI (60) boot:  1 phy_init         RF data          01 01 0000f000 00001000[0m
[0;32mI (67) boot:  2 factory          factory app      00 00 00010000 00100000[0m
[0;32mI (75) boot: End of partition table[0m
[0;32mI (79) esp_image: segment 0: paddr=00010020 vaddr=3f400020 size=0e424h ( 58404) map[0m
[0;32mI (108) esp_image: segment 1: paddr=0001e44c vaddr=3ffb0000 size=01bcch (  7116) load[0m
[0;32mI (112) esp_image: segment 2: paddr=00020020 vaddr=400d0020 size=1cf10h (118544) map[0m
[0;32mI (157) esp_image: segment 3: paddr=0003cf38 vaddr=3ffb1bcc size=005ach (  1452) load[0m
[0;32mI (158) esp_image: segment 4: paddr=0003d4ec vaddr=40080000 size=0dbdch ( 56284) load[0m
[0;32mI (193) boot: Loaded app from partition at offset 0x10000[0m
[0;32mI (193) boot: Disabling RNG early entropy source...[0m
[0;32mI (205) cpu_start: Multicore app[0m
[0;32mI (205) cpu_start: Pro cpu up.[0m
[0;32mI (205) cpu_start: Starting app cpu, entry point is 0x400811b0[0m
[0;32mI (201) cpu_start: App cpu up.[0m
[0;32mI (223) cpu_start: Pro cpu start user code[0m
[0;32mI (223) cpu_start: cpu freq: 160000000 Hz[0m
[0;32mI (223) cpu_start: Application information:[0m
[0;32mI (228) cpu_start: Project name:     blink[0m
[0;32mI (233) cpu_start: App version:      51730a5-dirty[0m
[0;32mI (238) cpu_start: Compile time:     Nov  9 2023 20:47:07[0m
[0;32mI (244) cpu_start: ELF file SHA256:  7405ed932...[0m
[0;32mI (250) cpu_start: ESP-IDF:          v5.2-dev-2590-g62ee4135e0-dirty[0m
[0;32mI (257) cpu_start: Min chip rev:     v0.0[0m
[0;32mI (261) cpu_start: Max chip rev:     v3.99 [0m
[0;32mI (266) cpu_start: Chip rev:         v3.0[0m
[0;32mI (271) heap_init: Initializing. RAM available for dynamic allocation:[0m
[0;32mI (278) heap_init: At 3FFAE6E0 len 00001920 (6 KiB): DRAM[0m
[0;32mI (284) heap_init: At 3FFB2A60 len 0002D5A0 (181 KiB): DRAM[0m
[0;32mI (290) heap_init: At 3FFE0440 len 00003AE0 (14 KiB): D/IRAM[0m
[0;32mI (297) heap_init: At 3FFE4350 len 0001BCB0 (111 KiB): D/IRAM[0m
[0;32mI (303) heap_init: At 4008DBDC len 00012424 (73 KiB): IRAM[0m
[0;32mI (311) spi_flash: detected chip: generic[0m
[0;32mI (314) spi_flash: flash io: dio[0m
[0;33mW (318) spi_flash: Detected size(4096k) larger than the size in the binary image header(2048k). Using the size in the binary image header.[0m
[0;33mW (331) i2c: This driver is an old driver, please migrate your application code to adapt `driver/i2c_master.h`[0m
[0;33mW (342) ADC: legacy driver is deprecated, please migrate to `esp_adc/adc_oneshot.h`[0m
[0;32mI (351) app_start: Starting scheduler on CPU0[0m
[0;32mI (355) app_start: Starting scheduler on CPU1[0m
[0;32mI (355) main_task: Started on CPU0[0m
[0;32mI (365) main_task: Calling app_main()[0m
Guru Meditation Error: Core  0 panic'ed (LoadProhibited). Exception was unhandled.

Core  0 register dump:
PC      : 0x40088595  PS      : 0x00060a33  A0      : 0x800876da  A1      : 0x3ffb2510  
A2      : 0x3ffb2530  A3      : 0x3ffb2540  A4      : 0x00000000  A5      : 0x00060a23  
A6      : 0xb33fffff  A7      : 0xb33fffff  A8      : 0x00000119  A9      : 0x00000001  
A10     : 0x00000001  A11     : 0x3ffb269c  A12     : 0x00000000  A13     : 0x00060a23  
A14     : 0xb33fffff  A15     : 0xb33fffff  SAR     : 0x00000004  EXCCAUSE: 0x0000001c  
EXCVADDR: 0x0000016b  LBEG    : 0x400014fd  LEND    : 0x4000150d  LCOUNT  : 0xfffffffb  


Backtrace: 0x40088592:0x3ffb2510 0x400876d7:0x3ffb2530 0x4008774c:0x3ffb2570 0x40082801:0x3ffb2590 0x40082909:0x3ffb25c0 0x400d5b8b:0x3ffb25e0 0x400d4aab:0x3ffb2600 0x400d4672:0x3ffb2620 0x4000bd83:0x3ffb2640 0x4000117d:0x3ffb2660 0x400592fe:0x3ffb2680 0x4005937a:0x3ffb26a0 0x400e109f:0x3ffb26c0 0x400e8f27:0x3ffb26f2 |<-CORRUPTED




ELF file SHA256: 7405ed932

Rebooting...
[0;32mI (13) boot: ESP-IDF v5.2-dev-2590-g62ee4135e0-dirty 2nd stage bootloader[0m
[0;32mI (13) boot: compile time Nov  9 2023 18:00:02[0m
[0;32mI (14) boot: Multicore bootloader[0m
[0;32mI (18) boot: chip revision: v3.0[0m
[0;32mI (22) boot.esp32: SPI Speed      : 40MHz[0m
[0;32mI (27) boot.esp32: SPI Mode       : DIO[0m
[0;32mI (31) boot.esp32: SPI Flash Size : 2MB[0m
[0;32mI (36) boot: Enabling RNG early entropy source...[0m
[0;32mI (41) boot: Partition Table:[0m
[0;32mI (45) boot: ## Label            Usage          Type ST Offset   Length[0m
[0;32mI (52) boot:  0 nvs              WiFi data        01 02 00009000 00006000[0m
[0;32mI (60) boot:  1 phy_init         RF data          01 01 0000f000 00001000[0m
[0;32mI (67) boot:  2 factory          factory app      00 00 00010000 00100000[0m
[0;32mI (75) boot: End of partition table[0m
[0;32mI (79) esp_image: segment 0: paddr=00010020 vaddr=3f400020 size=0e424h ( 58404) map[0m
[0;32mI (108) esp_image: segment 1: paddr=0001e44c vaddr=3ffb0000 size=01bcch (  7116) load[0m
[0;32mI (112) esp_image: segment 2: paddr=00020020 vaddr=400d0020 size=1cf10h (118544) map[0m
[0;32mI (157) esp_image: segment 3: paddr=0003cf38 vaddr=3ffb1bcc size=005ach (  1452) load[0m
[0;32mI (158) esp_image: segment 4: paddr=0003d4ec vaddr=40080000 size=0dbdch ( 56284) load[0m
[0;32mI (193) boot: Loaded app from partition at offset 0x10000[0m
[0;32mI (193) boot: Disabling RNG early entropy source...[0m
[0;32mI (205) cpu_start: Multicore app[0m
[0;32mI (205) cpu_start: Pro cpu up.[0m
[0;32mI (205) cpu_start: Starting app cpu, entry point is 0x400811b0[0m
[0;32mI (201) cpu_start: App cpu up.[0m
[0;32mI (223) cpu_start: Pro cpu start user code[0m
[0;32mI (223) cpu_start: cpu freq: 160000000 Hz[0m
[0;32mI (223) cpu_start: Application information:[0m
[0;32mI (228) cpu_start: Project name:     blink[0m
[0;32mI (233) cpu_start: App version:      51730a5-dirty[0m
[0;32mI (238) cpu_start: Compile time:     Nov  9 2023 20:47:07[0m
[0;32mI (244) cpu_start: ELF file SHA256:  7405ed932...[0m
[0;32mI (250) cpu_start: ESP-IDF:          v5.2-dev-2590-g62ee4135e0-dirty[0m
[0;32mI (257) cpu_start: Min chip rev:     v0.0[0m
[0;32mI (261) cpu_start: Max chip rev:     v3.99 [0m
[0;32mI (266) cpu_start: Chip rev:         v3.0[0m
[0;32mI (271) heap_init: Initializing. RAM available for dynamic allocation:[0m
[0;32mI (278) heap_init: At 3FFAE6E0 len 00001920 (6 KiB): DRAM[0m
[0;32mI (284) heap_init: At 3FFB2A60 len 0002D5A0 (181 KiB): DRAM[0m
[0;32mI (290) heap_init: At 3FFE0440 len 00003AE0 (14 KiB): D/IRAM[0m
[0;32mI (297) heap_init: At 3FFE4350 len 0001BCB0 (111 KiB): D/IRAM[0m
[0;32mI (303) heap_init: At 4008DBDC len 00012424 (73 KiB): IRAM[0m
[0;32mI (311) spi_flash: detected chip: generic[0m
[0;32mI (314) spi_flash: flash io: dio[0m
[0;33mW (318) spi_flash: Detected size(4096k) larger than the size in the binary image header(2048k). Using the size in the binary image header.[0m
[0;33mW (331) i2c: This driver is an old driver, please migrate your application code to adapt `driver/i2c_master.h`[0m
[0;33mW (342) ADC: legacy driver is deprecated, please migrate to `esp_adc/adc_oneshot.h`[0m
[0;32mI (351) app_start: Starting scheduler on CPU0[0m
[0;32mI (355) app_start: Starting scheduler on CPU1[0m
[0;32mI (355) main_task: Started on CPU0[0m
[0;32mI (365) main_task: Calling app_main()[0m
Guru Meditation Error: Core  0 panic'ed (LoadProhibited). Exception was unhandled.

Core  0 register dump:
PC      : 0x40088595  PS      : 0x00060a33  A0      : 0x800876da  A1      : 0x3ffb2510  
A2      : 0x3ffb2530  A3      : 0x3ffb2540  A4      : 0x00000000  A5      : 0x00060a23  
A6      : 0xb33fffff  A7      : 0xb33fffff  A8      : 0x00000119  A9      : 0x00000001  
A10     : 0x00000001  A11     : 0x3ffb269c  A12     : 0x00000000  A13     : 0x00060a23  
A14     : 0xb33fffff  A15     : 0xb33fffff  SAR     : 0x00000004  EXCCAUSE: 0x0000001c  
EXCVADDR: 0x0000016b  LBEG    : 0x400014fd  LEND    : 0x4000150d  LCOUNT  : 0xfffffffb  


Backtrace: 0x40088592:0x3ffb2510 0x400876d7:0x3ffb2530 0x4008774c:0x3ffb2570 0x40082801:0x3ffb2590 0x40082909:0x3ffb25c0 0x400d5b8b:0x3ffb25e0 0x400d4aab:0x3ffb2600 0x400d4672:0x3ffb2620 0x4000bd83:0x3ffb2640 0x4000117d:0x3ffb2660 0x400592fe:0x3ffb2680 0x4005937a:0x3ffb26a0 0x400e109f:0x3ffb26c0 0x400e8f27:0x3ffb26f2 |<-CORRUPTED




ELF file SHA256: 7405ed932

Rebooting...
[0;32mI (13) boot: ESP-IDF v5.2-dev-2590-g62ee4135e0-dirty 2nd stage bootloader[0m
