time:     ï¿½ets Jul 29 2019 12:21:46

rst:0x1 (POWERON_RESET),boot:0x13 (SPI_FAST_FLASH_BOOT)
configsip: 0, SPIWP:0xee
clk_drv:0x00,q_drv:0x00,d_drv:0x00,cs0_drv:0x00,hd_drv:0x00,wp_drv:0x00
mode:DIO, clock div:2
load:0x3fff0030,len:7136
load:0x40078000,len:15780
ho 0 tail 12 room 4
load:0x40080400,len:4
load:0x40080404,len:3884
entry 0x40080650
[0;32mI (31) boot: ESP-IDF v5.2-dev-2590-g62ee4135e0-dirty 2nd stage bootloader[0m
[0;32mI (31) boot: compile time Nov  9 2023 18:00:02[0m
[0;32mI (33) boot: Multicore bootloader[0m
[0;32mI (38) boot: chip revision: v3.0[0m
[0;32mI (41) boot.esp32: SPI Speed      : 40MHz[0m
[0;32mI (46) boot.esp32: SPI Mode       : DIO[0m
[0;32mI (51) boot.esp32: SPI Flash Size : 2MB[0m
[0;32mI (55) boot: Enabling RNG early entropy source...[0m
[0;32mI (61) boot: Partition Table:[0m
[0;32mI (64) boot: ## Label            Usage          Type ST Offset   Length[0m
[0;32mI (71) boot:  0 nvs              WiFi data        01 02 00009000 00006000[0m
[0;32mI (79) boot:  1 phy_init         RF data          01 01 0000f000 00001000[0m
[0;32mI (86) boot:  2 factory          factory app      00 00 00010000 00100000[0m
[0;32mI (94) boot: End of partition table[0m
[0;32mI (98) esp_image: segment 0: paddr=00010020 vaddr=3f400020 size=0d75ch ( 55132) map[0m
[0;32mI (126) esp_image: segment 1: paddr=0001d784 vaddr=3ffb0000 size=02178h (  8568) load[0m
[0;32mI (130) esp_image: segment 2: paddr=0001f904 vaddr=40080000 size=00714h (  1812) load[0m
[0;32mI (133) esp_image: segment 3: paddr=00020020 vaddr=400d0020 size=1bcach (113836) map[0m
[0;32mI (182) esp_image: segment 4: paddr=0003bcd4 vaddr=40080714 size=0d28ch ( 53900) load[0m
[0;32mI (211) boot: Loaded app from partition at offset 0x10000[0m
[0;32mI (211) boot: Disabling RNG early entropy source...[0m
[0;32mI (223) cpu_start: Multicore app[0m
[0;32mI (223) cpu_start: Pro cpu up.[0m
[0;32mI (223) cpu_start: Starting app cpu, entry point is 0x4008119c[0m
[0;32mI (0) cpu_start: App cpu up.[0m
[0;32mI (241) cpu_start: Pro cpu start user code[0m
[0;32mI (241) cpu_start: cpu freq: 160000000 Hz[0m
[0;32mI (241) cpu_start: Application information:[0m
[0;32mI (246) cpu_start: Project name:     blink[0m
[0;32mI (251) cpu_start: App version:      ab2584e-dirty[0m
[0;32mI (256) cpu_start: Compile time:     Nov  9 2023 17:59:50[0m
[0;32mI (262) cpu_start: ELF file SHA256:  338507513...[0m
[0;32mI (268) cpu_start: ESP-IDF:          v5.2-dev-2590-g62ee4135e0-dirty[0m
[0;32mI (275) cpu_start: Min chip rev:     v0.0[0m
[0;32mI (279) cpu_start: Max chip rev:     v3.99 [0m
[0;32mI (284) cpu_start: Chip rev:         v3.0[0m
[0;32mI (289) heap_init: Initializing. RAM available for dynamic allocation:[0m
[0;32mI (296) heap_init: At 3FFAE6E0 len 00001920 (6 KiB): DRAM[0m
[0;32mI (302) heap_init: At 3FFB2A30 len 0002D5D0 (181 KiB): DRAM[0m
[0;32mI (308) heap_init: At 3FFE0440 len 00003AE0 (14 KiB): D/IRAM[0m
[0;32mI (315) heap_init: At 3FFE4350 len 0001BCB0 (111 KiB): D/IRAM[0m
[0;32mI (321) heap_init: At 4008D9A0 len 00012660 (73 KiB): IRAM[0m
[0;32mI (329) spi_flash: detected chip: generic[0m
[0;32mI (332) spi_flash: flash io: dio[0m
[0;33mW (336) spi_flash: Detected size(4096k) larger than the size in the binary image header(2048k). Using the size in the binary image header.[0m
[0;33mW (349) i2c: This driver is an old driver, please migrate your application code to adapt `driver/i2c_master.h`[0m
[0;33mW (360) ADC: legacy driver is deprecated, please migrate to `esp_adc/adc_oneshot.h`[0m
[0;32mI (369) app_start: Starting scheduler on CPU0[0m
[0;32mI (373) app_start: Starting scheduler on CPU1[0m
[0;32mI (373) main_task: Started on CPU0[0m
[0;32mI (383) main_task: Calling app_main()[0m

>> i2c Config
- parameters: ok
- initialized: yes

>> I2C scanning ...
- Device found at address: 0x62

>> Polling LIDAR
[0;32mI (413) example: Create timer and operator[0m
[0;32mI (413) example: Connect timer and operator[0m
[0;32mI (413) example: Create comparator and generator from the operator[0m
[0;32mI (423) gpio: GPIO[13]| InputEn: 0| OutputEn: 1| OpenDrain: 0| Pullup: 0| Pulldown: 0| Intr:0 [0m
[0;32mI (433) example: Set generator action on timer and compare event[0m
[0;32mI (443) example: Enable and start timer[0m
eFuse Two Point: NOT supported
[0;32mI (443) example: Create timer and operator[0m
eFuse Vref: Supported
[0;32mI (463) example: Connect timer and operator[0m
Characterized using eFuse Vref
[0;32mI (463) example: Create comparator and generator from the operator[0m
[0;32mI (443) main_task: Returned from app_main()[0m
[0;32mI (473) gpio: GPIO[15]| InputEn: 0| OutputEn: 1| OpenDrain: 0| Pullup: 0| Pulldown: 0| Intr:0 [0m
[0;32mI (483) example: Set generator action on timer and compare event[0m
[0;32mI (493) example: Enable and start timer[0m
Distance: 334
Distance: 285
Count: 1
Speed is 0.1m/s
Distance: 355
Distance: 300
Count: 0
Speed is 0.0m/s
Distance: 294
Distance: 346
Count: 0
Speed is 0.0m/s
Distance: 303
[0;32mI (4003) example: Speed of buggy: 0.150000[0m
[0;32mI (4103) example: Speed of buggy: 0.150000[0m
[0;32mI (4203) example: Speed of buggy: 0.150000[0m
Distance: 310
[0;32mI (4303) example: Speed of buggy: 0.150000[0m
[0;32mI (4403) example: Speed of buggy: 0.150000[0m
Count: 5
Speed is 0.4m/s
[0;32mI (4503) example: Speed of buggy: 0.150000[0m
[0;32mI (4603) example: Speed of buggy: 0.150000[0m
[0;32mI (4703) example: Speed of buggy: 0.150000[0m
Distance: 267
[0;32mI (4803) example: Speed of buggy: 0.150000[0m
[0;32mI (4903) example: Speed of buggy: 0.150000[0m
[0;32mI (5003) example: Speed of buggy: 0.150000[0m
[0;32mI (5103) example: Speed of buggy: 0.150000[0m
[0;32mI (5203) example: Speed of buggy: 0.150000[0m
Distance: 362
[0;32mI (5303) example: Speed of buggy: 0.150000[0m
[0;32mI (5403) example: Speed of buggy: 0.150000[0m
Count: 31
Speed is 2.3m/s
[0;32mI (5503) example: Speed of buggy: 0.150000[0m
[0;32mI (5603) example: Speed of buggy: 0.150000[0m
[0;32mI (5703) example: Speed of buggy: 0.150000[0m
Distance: 304
[0;32mI (5803) example: Speed of buggy: 0.150000[0m
[0;32mI (5903) example: Speed of buggy: 0.150000[0m
[0;32mI (6003) example: Speed of buggy: 0.150000[0m
[0;32mI (6103) example: Speed of buggy: 0.150000[0m
Distance: 354
[0;32mI (6203) example: Speed of buggy: 0.150000[0m
[0;32mI (6303) example: Speed of buggy: 0.150000[0m
[0;32mI (6403) example: Speed of buggy: 0.150000[0m
Count: 34
Speed is 2.5m/s
[0;32mI (6503) example: Speed of buggy: 0.150000[0m
[0;32mI (6603) example: Speed of buggy: 0.150000[0m
Distance: 283
[0;32mI (6703) example: Speed of buggy: 0.150000[0m
[0;32mI (6803) example: Speed of buggy: 0.150000[0m
[0;32mI (6903) example: Speed of buggy: 0.150000[0m
[0;32mI (7003) example: Speed of buggy: 0.150000[0m
[0;32mI (7103) example: Speed of buggy: 0.150000[0m
Distance: 252
[0;32mI (7203) example: Speed of buggy: 0.150000[0m
[0;32mI (7303) example: Speed of buggy: 0.150000[0m
[0;32mI (7403) example: Speed of buggy: 0.150000[0m
Count: 34
Speed is 2.5m/s
[0;32mI (7503) example: Speed of buggy: 0.150000[0m
[0;32mI (7603) example: Speed of buggy: 0.150000[0m
Distance: 73
[0;32mI (7703) example: Speed of buggy: 0.150000[0m
[0;32mI (7803) example: Speed of buggy: 0.150000[0m
[0;32mI (7903) example: Speed of buggy: 0.150000[0m
[0;32mI (8003) example: Speed of buggy: 0.150000[0m
[0;32mI (8103) example: Speed of buggy: 0.150000[0m
Distance: 54
[0;32mI (8203) example: Speed of buggy: 0.150000[0m
[0;32mI (8303) example: Speed of buggy: 0.150000[0m
[0;32mI (8403) example: Speed of buggy: 0.150000[0m
Count: 30
Speed is 2.2m/s
[0;32mI (8503) example: Speed of buggy: 0.150000[0m
[0;32mI (8603) example: Speed of buggy: 0.150000[0m
[0;32mI (8643) example: WALL DETECTED[0m
Distance: 30
[0;32mI (8703) example: Speed of buggy STOPPED: 0.000000[0m
[0;32mI (9133) example: WALL DETECTED[0m
Distance: 27
Count: 11
Speed is 0.8m/s
[0;32mI (9613) example: WALL DETECTED[0m
Distance: 24
[0;32mI (9703) example: Speed of buggy STOPPED: 0.000000[0m
[0;32mI (10103) example: WALL DETECTED[0m
Distance: 20
Count: 0
Speed is 0.0m/s
Distance: 157
[0;32mI (10703) example: Speed of buggy: 0.150000[0m
[0;32mI (10803) example: Speed of buggy: 0.150000[0m
[0;32mI (10903) example: Speed of buggy: 0.150000[0m
[0;32mI (11003) example: Speed of buggy: 0.150000[0m
Distance: 344
[0;32mI (11103) example: Speed of buggy: 0.150000[0m
[0;32mI (11203) example: Speed of buggy: 0.150000[0m
[0;32mI (11303) example: Speed of buggy: 0.150000[0m
[0;32mI (11403) example: Speed of buggy: 0.150000[0m
Count: 13
Speed is 1.0m/s
[0;32mI (11503) example: Speed of buggy: 0.150000[0m
Distance: 257
[0;32mI (11603) example: Speed of buggy: 0.150000[0m
[0;32mI (11703) example: Speed of buggy: 0.150000[0m
[0;32mI (11803) example: Speed of buggy: 0.150000[0m
[0;32mI (11903) example: Speed of buggy: 0.150000[0m
[0;32mI (12003) example: Speed of buggy: 0.150000[0m
Distance: 307
[0;32mI (12103) example: Speed of buggy: 0.150000[0m
[0;32mI (12203) example: Speed of buggy: 0.150000[0m
[0;32mI (12303) example: Speed of buggy: 0.150000[0m
[0;32mI (12403) example: Speed of buggy: 0.150000[0m
Count: 31
Speed is 2.3m/s
[0;32mI (12503) example: Speed of buggy: 0.150000[0m
[0;32mI (12533) example: WALL DETECTED[0m
Distance: 29
[0;32mI (12603) example: Speed of buggy STOPPED: 0.000000[0m
[0;32mI (13003) example: WALL DETECTED[0m
Distance: 28
Count: 11
Speed is 0.8m/s
Distance: 207
[0;32mI (13603) example: Speed of buggy: 0.150000[0m
[0;32mI (13703) example: Speed of buggy: 0.150000[0m
[0;32mI (13803) example: Speed of buggy: 0.150000[0m
[0;32mI (13903) example: Speed of buggy: 0.150000[0m
Distance: 295
[0;32mI (14003) example: Speed of buggy: 0.150000[0m
[0;32mI (14103) example: Speed of buggy: 0.150000[0m
[0;32mI (14203) example: Speed of buggy: 0.150000[0m
[0;32mI (14303) example: Speed of buggy: 0.150000[0m
[0;32mI (14403) example: Speed of buggy: 0.150000[0m
Count: 13
Speed is 1.0m/s
Distance: 300
[0;32mI (14503) example: Speed of buggy: 0.150000[0m
[0;32mI (14603) example: Speed of buggy: 0.150000[0m
[0;32mI (14703) example: Speed of buggy: 0.150000[0m
[0;32mI (14803) example: Speed of buggy: 0.150000[0m
[0;32mI (14903) example: Speed of buggy: 0.150000[0m
Distance: 286
[0;32mI (15003) example: Speed of buggy: 0.150000[0m
[0;32mI (15103) example: Speed of buggy: 0.150000[0m
[0;32mI (15203) example: Speed of buggy: 0.150000[0m
[0;32mI (15303) example: Speed of buggy: 0.150000[0m
[0;32mI (15403) example: Speed of buggy: 0.150000[0m
Count: 31
Distance: 310
Speed is 2.3m/s
[0;32mI (15503) example: Speed of buggy: 0.150000[0m
[0;32mI (15603) example: Speed of buggy: 0.150000[0m
[0;32mI (15703) example: Speed of buggy: 0.150000[0m
[0;32mI (15803) example: Speed of buggy: 0.150000[0m
[0;32mI (15903) example: Speed of buggy: 0.150000[0m
Distance: 246
[0;32mI (16003) example: Speed of buggy: 0.150000[0m
[0;32mI (16103) example: Speed of buggy: 0.150000[0m
[0;32mI (16203) example: Speed of buggy: 0.150000[0m
[0;32mI (16303) example: Speed of buggy: 0.150000[0m
[0;32mI (16403) example: Speed of buggy: 0.150000[0m
Distance: 185
Count: 32
Speed is 2.3m/s
[0;32mI (16503) example: Speed of buggy: 0.150000[0m
[0;32mI (16603) example: Speed of buggy: 0.150000[0m
[0;32mI (16703) example: Speed of buggy: 0.150000[0m
[0;32mI (16803) example: Speed of buggy: 0.150000[0m
[0;32mI (16903) example: Speed of buggy: 0.150000[0m
Distance: 127
[0;32mI (17003) example: Speed of buggy: 0.150000[0m
[0;32mI (17103) example: Speed of buggy: 0.150000[0m
[0;32mI (17203) example: Speed of buggy: 0.150000[0m
[0;32mI (17303) example: Speed of buggy: 0.150000[0m
[0;32mI (17403) example: Speed of buggy: 0.150000[0m
Distance: 98
Count: 30
Speed is 2.2m/s
[0;32mI (17503) example: Speed of buggy: 0.150000[0m
[0;32mI (17603) example: Speed of buggy: 0.150000[0m
[0;32mI (17703) example: Speed of buggy: 0.150000[0m
[0;32mI (17803) example: Speed of buggy: 0.150000[0m
Distance: 70
[0;32mI (17903) example: Speed of buggy: 0.150000[0m
[0;32mI (18003) example: Speed of buggy: 0.150000[0m
[0;32mI (18103) example: Speed of buggy: 0.150000[0m
[0;32mI (18203) example: Speed of buggy: 0.150000[0m
[0;32mI (18303) example: Speed of buggy: 0.150000[0m
Distance: 214
[0;32mI (18403) example: Speed of buggy: 0.150000[0m
Count: 32
Speed is 2.3m/s
[0;32mI (18503) example: Speed of buggy: 0.150000[0m
[0;32mI (18603) example: Speed of buggy: 0.150000[0m
[0;32mI (18703) example: Speed of buggy: 0.150000[0m
[0;32mI (18803) example: Speed of buggy: 0.150000[0m
Distance: 194
[0;32mI (18903) example: Speed of buggy: 0.150000[0m
[0;32mI (19003) example: Speed of buggy: 0.150000[0m
[0;32mI (19103) example: Speed of buggy: 0.150000[0m
[0;32mI (19203) example: Speed of buggy: 0.150000[0m
[0;32mI (19303) example: Speed of buggy: 0.150000[0m
[0;32mI (19363) example: WALL DETECTED[0m
Distance: 29
[0;32mI (19403) example: Speed of buggy STOPPED: 0.000000[0m
Count: 28
Speed is 2.1m/s
[0;32mI (19853) example: WALL DETECTED[0m
Distance: 27
[0;32mI (20343) example: WALL DETECTED[0m
Distance: 27
[0;32mI (20403) example: Speed of buggy STOPPED: 0.000000[0m
Count: 3
Speed is 0.2m/s
[0;32mI (20833) example: WALL DETECTED[0m
Distance: 25
[0;32mI (21323) example: WALL DETECTED[0m
Distance: 26
[0;32mI (21403) example: Speed of buggy STOPPED: 0.000000[0m
Count: 0
Speed is 0.0m/s
[0;32mI (21813) example: WALL DETECTED[0m
Distance: 27
[0;32mI (22303) example: WALL DETECTED[0m
Distance: 27
[0;32mI (22403) example: Speed of buggy STOPPED: 0.000000[0m
Count: 0
Speed is 0.0m/s
[0;32mI (22793) example: WALL DETECTED[0m
Distance: 24
[0;32mI (23283) example: WALL DETECTED[0m
Distance: 26
[0;32mI (23403) example: Speed of buggy STOPPED: 0.000000[0m
Count: 0
Speed is 0.0m/s
[0;32mI (23773) example: WALL DETECTED[0m
Distance: 28
[0;32mI (24263) example: WALL DETECTED[0m
Distance: 27
[0;32mI (24403) example: Speed of buggy STOPPED: 0.000000[0m
Count: 0
Speed is 0.0m/s
[0;32mI (24753) example: WALL DETECTED[0m
Distance: 27
[0;32mI (25243) example: WALL DETECTED[0m
Distance: 27
[0;32mI (25403) example: Speed of buggy STOPPED: 0.000000[0m
Count: 0
Speed is 0.0m/s
[0;32mI (25733) example: WALL DETECTED[0m
Distance: 26
[0;32mI (26223) example: WALL DETECTED[0m
Distance: 27
[0;32mI (26403) example: Speed of buggy STOPPED: 0.000000[0m
Count: 0
Speed is 0.0m/s
[0;32mI (26713) example: WALL DETECTED[0m
Distance: 25
[0;32mI (27203) example: WALL DETECTED[0m
Distance: 37
[0;32mI (27403) example: Speed of buggy STOPPED: 0.000000[0m
Count: 0
Speed is 0.0m/s
[0;32mI (27693) example: WALL DETECTED[0m
Distance: 29
[0;32mI (28183) example: WALL DETECTED[0m
Distance: 23
[0;32mI (28403) example: Speed of buggy STOPPED: 0.000000[0m
Count: 0
Speed is 0.0m/s
Distance: 54
Distance: 261
[0;32mI (29403) example: Speed of buggy: 0.150000[0m
Count: 0
Speed is 0.0m/s
[0;32mI (29503) example: Speed of buggy: 0.150000[0m
[0;32mI (29603) example: Speed of buggy: 0.150000[0m
Distance: 291
[0;32mI (29703) example: Speed of buggy: 0.150000[0m
[0;32mI (29803) example: Speed of buggy: 0.150000[0m
[0;32mI (29903) example: Speed of buggy: 0.150000[0m
