88) heap_init: At 3FFB2A00 len 0002D600 (181 KiB): DRAM[0m
[03FFE0440 len 00003AE0 (14 KiB): D/IRAM[0m
[0;32mI (301) heap_init: At 3FFE4350ï¿½ets Jul 29 2019 12:21:46

rst:0x1 (POWERON_RESET),boot:0x13 (SPI_FAST_FLASH_BOOT)
configsip: 0, SPIWP:0xee
clk_drv:0x00,q_drv:0x00,d_drv:0x00,cs0_drv:0x00,hd_drv:0x00,wp_drv:0x00
mode:DIO, clock div:2
load:0x3fff0030,len:7136
load:0x40078000,len:15780
ho 0 tail 12 room 4
load:0x40080400,len:4
load:0x40080404,len:3884
entry 0x40080650
[0;32mI (31) boot: ESP-IDF v5.2-dev-2590-g62ee4135e0-dirty 2nd stage bootloader[0m
[0;32mI (31) boot: compile time Oct  5 2023 22:14:39[0m
[0;32mI (33) boot: Multicore bootloader[0m
[0;32mI (38) boot: chip revision: v3.0[0m
[0;32mI (41) boot.esp32: SPI Speed      : 40MHz[0m
[0;32mI (46) boot.esp32: SPI Mode       : DIO[0m
[0;32mI (51) boot.esp32: SPI Flash Size : 2MB[0m
[0;32mI (55) boot: Enabling RNG early entropy source...[0m
[0;32mI (61) boot: Partition Table:[0m
[0;32mI (64) boot: ## Label            Usage          Type ST Offset   Length[0m
[0;32mI (71) boot:  0 nvs              WiFi data        01 02 00009000 00006000[0m
[0;32mI (79) boot:  1 phy_init         RF data          01 01 0000f000 00001000[0m
[0;32mI (86) boot:  2 factory          factory app      00 00 00010000 00100000[0m
[0;32mI (94) boot: End of partition table[0m
[0;32mI (98) esp_image: segment 0: paddr=00010020 vaddr=3f400020 size=0b51ch ( 46364) map[0m
[0;32mI (123) esp_image: segment 1: paddr=0001b544 vaddr=3ffb0000 size=02178h (  8568) load[0m
[0;32mI (127) esp_image: segment 2: paddr=0001d6c4 vaddr=40080000 size=02954h ( 10580) load[0m
[0;32mI (133) esp_image: segment 3: paddr=00020020 vaddr=400d0020 size=17018h ( 94232) map[0m
[0;32mI (172) esp_image: segment 4: paddr=00037040 vaddr=40082954 size=0ad90h ( 44432) load[0m
[0;32mI (197) boot: Loaded app from partition at offset 0x10000[0m
[0;32mI (197) boot: Disabling RNG early entropy source...[0m
[0;32mI (208) cpu_start: Multicore app[0m
[0;32mI (209) cpu_start: Pro cpu up.[0m
[0;32mI (209) cpu_start: Starting app cpu, entry point is 0x40081158[0m
[0;32mI (0) cpu_start: App cpu up.[0m
[0;32mI (227) cpu_start: Pro cpu start user code[0m
[0;32mI (227) cpu_start: cpu freq: 160000000 Hz[0m
[0;32mI (227) cpu_start: Application information:[0m
[0;32mI (232) cpu_start: Project name:     continuous_read[0m
[0;32mI (237) cpu_start: App version:      2c7ef5e[0m
[0;32mI (242) cpu_start: Compile time:     Oct  5 2023 22:14:27[0m
[0;32mI (248) cpu_start: ELF file SHA256:  0e65e9b69...[0m
[0;32mI (254) cpu_start: ESP-IDF:          v5.2-dev-2590-g62ee4135e0-dirty[0m
[0;32mI (261) cpu_start: Min chip rev:     v0.0[0m
[0;32mI (265) cpu_start: Max chip rev:     v3.99 [0m
[0;32mI (270) cpu_start: Chip rev:         v3.0[0m
[0;32mI (275) heap_init: Initializing. RAM available for dynamic allocation:[0m
[0;32mI (282) heap_init: At 3FFAE6E0 len 00001920 (6 KiB): DRAM[0m
[0;32mI (288) heap_init: At 3FFB2A00 len 0002D600 (181 KiB): DRAM[0m
[0;32mI (294) heap_init: At 3FFE0440 len 00003AE0 (14 KiB): D/IRAM[0m
[0;32mI (301) heap_init: At 3FFE4350 len 0001BCB0 (111 KiB): D/IRAM[0m
[0;32mI (307) heap_init: At 4008D6E4 len 0001291C (74 KiB): IRAM[0m
[0;32mI (315) spi_flash: detected chip: generic[0m
[0;32mI (318) spi_flash: flash io: dio[0m
[0;33mW (322) spi_flash: Detected size(4096k) larger than the size in the binary image header(2048k). Using the size in the binary image header.[0m
[0;33mW (335) i2c: This driver is an old driver, please migrate your application code to adapt `driver/i2c_master.h`[0m
[0;33mW (346) ADC: legacy driver is deprecated, please migrate to `esp_adc/adc_oneshot.h`[0m
[0;32mI (355) app_start: Starting scheduler on CPU0[0m
[0;32mI (359) app_start: Starting scheduler on CPU1[0m
[0;32mI (359) main_task: Started on CPU0[0m
[0;32mI (369) main_task: Calling app_main()[0m
eFuse Two Point: NOT supported
eFuse Vref: Supported

>> i2c Config
- parameters: ok
- initialized: yes

>> I2C scanning ...
- Device found at address: 0x53

>> Found ADAXL343
- Range:         +/- 2  g
- Data Rate:    0.10  Hz

[0;32mI (409) main_task: Returned from app_main()[0m
X: 0.00 	 Y: -7.61 	 Z: 0.00
Step Detected
X: 0.00 	 Y: -7.77 	 Z: 0.00
X: 0.00 	 Y: -6.79 	 Z: 0.00
Step Detected
X: 0.00 	 Y: -8.59 	 Z: 0.00
Step Detected
X: 0.00 	 Y: -8.98 	 Z: 0.00
X: 0.00 	 Y: 3.02 	 Z: 0.00
Step Detected
X: 0.00 	 Y: -8.79 	 Z: 0.00
Step Detected
X: 0.00 	 Y: -9.18 	 Z: 0.00
X: 0.00 	 Y: 2.98 	 Z: 0.00
Step Detected
X: 0.00 	 Y: -9.06 	 Z: 0.00
Step Detected
X: 0.00 	 Y: -10.59 	 Z: 0.00
Step Detected
X: 0.00 	 Y: 0.08 	 Z: 0.00
Step Detected
X: 0.00 	 Y: -9.77 	 Z: 0.00
Step Detected
X: 0.00 	 Y: 1.96 	 Z: 0.00
Step Detected
X: 0.00 	 Y: 1.22 	 Z: 0.00
Step Detected
X: 0.00 	 Y: 1.53 	 Z: 0.00
X: 0.00 	 Y: 1.41 	 Z: 0.00
X: 0.00 	 Y: 1.53 	 Z: 0.00
X: 0.00 	 Y: 1.53 	 Z: 0.00
X: 0.00 	 Y: 1.53 	 Z: 0.00
X: 0.00 	 Y: 1.53 	 Z: 0.00
X: 0.00 	 Y: 1.49 	 Z: 0.00
X: 0.00 	 Y: 2.00 	 Z: 0.00
Step Detected
X: 0.00 	 Y: 2.04 	 Z: 0.00
X: 7.69 	 Y: 1.22 	 Z: 0.00
Step Detected
X: 8.24 	 Y: 2.00 	 Z: 0.00
Step Detected
X: -0.35 	 Y: -10.43 	 Z: 0.00
Step Detected
X: 0.00 	 Y: 1.92 	 Z: 0.00
Step Detected
X: 0.00 	 Y: 1.37 	 Z: 0.00
Step Detected
X: 0.00 	 Y: 1.18 	 Z: 0.00
X: 0.00 	 Y: 1.77 	 Z: 0.00
Step Detected
X: 0.00 	 Y: -7.45 	 Z: 0.00
Step Detected
X: 0.00 	 Y: 1.37 	 Z: 0.00
Step Detected
X: 8.43 	 Y: -9.30 	 Z: 0.00
Step Detected
X: 8.04 	 Y: -6.04 	 Z: 0.00
Step Detected
X: 0.00 	 Y: 0.00 	 Z: 0.00
Step Detected
X: 0.00 	 Y: 0.00 	 Z: 0.00
X: 0.00 	 Y: 0.00 	 Z: 0.00
X: 9.61 	 Y: 0.00 	 Z: 0.00
Step Detected
